Archive member included to satisfy reference by file (symbol)

/opt/devkitpro/libctru/lib/libcitro2d.a(base.o)
                              main.o (C2D_Init)
/opt/devkitpro/libctru/lib/libcitro2d.a(text.o)
                              main.o (C2D_TextBufNew)
/opt/devkitpro/libctru/lib/libcitro2d.a(font.o)
                              /opt/devkitpro/libctru/lib/libcitro2d.a(text.o) (C2D_FontGlyphIndexFromCodePoint)
/opt/devkitpro/libctru/lib/libcitro2d.a(render2d.shbin.o)
                              /opt/devkitpro/libctru/lib/libcitro2d.a(base.o) (render2d_shbin)
/opt/devkitpro/libctru/lib/libcitro3d.a(attribs.o)
                              /opt/devkitpro/libctru/lib/libcitro2d.a(base.o) (AttrInfo_Init)
/opt/devkitpro/libctru/lib/libcitro3d.a(base.o)
                              /opt/devkitpro/libctru/lib/libcitro3d.a(attribs.o) (__C3D_Context)
/opt/devkitpro/libctru/lib/libcitro3d.a(buffers.o)
                              /opt/devkitpro/libctru/lib/libcitro2d.a(base.o) (BufInfo_Init)
/opt/devkitpro/libctru/lib/libcitro3d.a(drawElements.o)
                              /opt/devkitpro/libctru/lib/libcitro2d.a(base.o) (C3D_DrawElements)
/opt/devkitpro/libctru/lib/libcitro3d.a(effect.o)
                              /opt/devkitpro/libctru/lib/libcitro3d.a(base.o) (C3D_DepthMap)
/opt/devkitpro/libctru/lib/libcitro3d.a(framebuffer.o)
                              /opt/devkitpro/libctru/lib/libcitro3d.a(base.o) (C3Di_FrameBufBind)
/opt/devkitpro/libctru/lib/libcitro3d.a(immediate.o)
                              /opt/devkitpro/libctru/lib/libcitro3d.a(base.o) (C3D_ImmSendAttrib)
/opt/devkitpro/libctru/lib/libcitro3d.a(proctex.o)
                              /opt/devkitpro/libctru/lib/libcitro2d.a(base.o) (C3D_ProcTexInit)
/opt/devkitpro/libctru/lib/libcitro3d.a(renderqueue.o)
                              /opt/devkitpro/libctru/lib/libcitro3d.a(base.o) (C3Di_RenderQueueEnableVBlank)
/opt/devkitpro/libctru/lib/libcitro3d.a(texenv.o)
                              /opt/devkitpro/libctru/lib/libcitro2d.a(base.o) (C3D_GetTexEnv)
/opt/devkitpro/libctru/lib/libcitro3d.a(texture.o)
                              /opt/devkitpro/libctru/lib/libcitro2d.a(base.o) (C3D_TexBind)
/opt/devkitpro/libctru/lib/libcitro3d.a(uniforms.o)
                              /opt/devkitpro/libctru/lib/libcitro3d.a(base.o) (C3D_UpdateUniforms)
/opt/devkitpro/libctru/lib/libcitro3d.a(mtx_multiply.o)
                              /opt/devkitpro/libctru/lib/libcitro2d.a(base.o) (Mtx_Multiply)
/opt/devkitpro/libctru/lib/libcitro3d.a(mtx_ortho.o)
                              /opt/devkitpro/libctru/lib/libcitro2d.a(base.o) (Mtx_Ortho)
/opt/devkitpro/libctru/lib/libcitro3d.a(mtx_orthotilt.o)
                              /opt/devkitpro/libctru/lib/libcitro2d.a(base.o) (Mtx_OrthoTilt)
/opt/devkitpro/libctru/lib/libcitro3d.a(mtx_rotatez.o)
                              /opt/devkitpro/libctru/lib/libcitro2d.a(base.o) (Mtx_RotateZ)
/opt/devkitpro/libctru/lib/libcitro3d.a(mtx_scale.o)
                              /opt/devkitpro/libctru/lib/libcitro2d.a(base.o) (Mtx_Scale)
/opt/devkitpro/libctru/lib/libcitro3d.a(mtx_translate.o)
                              /opt/devkitpro/libctru/lib/libcitro2d.a(base.o) (Mtx_Translate)
/opt/devkitpro/libctru/lib/libctru.a(linear.o)
                              /opt/devkitpro/libctru/lib/libcitro2d.a(base.o) (linearAlloc)
/opt/devkitpro/libctru/lib/libctru.a(mem_pool.o)
                              /opt/devkitpro/libctru/lib/libctru.a(linear.o) (MemPool::Allocate(MemChunk&, unsigned long, int))
/opt/devkitpro/libctru/lib/libctru.a(vram.o)
                              /opt/devkitpro/libctru/lib/libcitro3d.a(renderqueue.o) (vramAlloc)
/opt/devkitpro/libctru/lib/libctru.a(font.o)
                              /opt/devkitpro/libctru/lib/libcitro2d.a(text.o) (fontEnsureMapped)
/opt/devkitpro/libctru/lib/libctru.a(gfx.o)
                              /opt/devkitpro/libctru/lib/libcitro2d.a(base.o) (gfxIsWide)
/opt/devkitpro/libctru/lib/libctru.a(os.o)
                              /opt/devkitpro/libctru/lib/libcitro3d.a(buffers.o) (osConvertVirtToPhys)
/opt/devkitpro/libctru/lib/libctru.a(romfs_dev.o)
                              /opt/devkitpro/libctru/lib/libcitro2d.a(font.o) (romfsMountFromTitle)
/opt/devkitpro/libctru/lib/libctru.a(gpu.o)
                              /opt/devkitpro/libctru/lib/libcitro3d.a(base.o) (gpuCmdBufOffset)
/opt/devkitpro/libctru/lib/libctru.a(gx.o)
                              /opt/devkitpro/libctru/lib/libcitro3d.a(renderqueue.o) (GX_BindQueue)
/opt/devkitpro/libctru/lib/libctru.a(gxqueue.o)
                              /opt/devkitpro/libctru/lib/libcitro3d.a(renderqueue.o) (gxCmdQueueClear)
/opt/devkitpro/libctru/lib/libctru.a(shaderProgram.o)
                              /opt/devkitpro/libctru/lib/libcitro2d.a(base.o) (shaderInstanceGetUniformLocation)
/opt/devkitpro/libctru/lib/libctru.a(shbin.o)
[...]
Memory Configuration

Name             Origin             Length             Attributes
*default*        0x00000000         0xffffffff

Linker script and memory map

                0x00100000                        PROVIDE (__start__ = 0x100000)
                0x00100000                        . = __start__

.text           0x00100000    0x1dee4
 *(.crt0)
 .crt0          0x00100000       0x94 /opt/devkitpro/devkitARM/bin/../lib/gcc/arm-none-eabi/13.2.0/../../../../arm-none-eabi/lib/armv6k/fpu/3dsx_crt0.o
                0x00100000                _start
                0x00100008                __service_ptr
                0x0010000c                __apt_appid
                0x00100010                __heap_size
                0x00100014                __linear_heap_size
                0x00100018                __system_arglist
                0x0010001c                __system_runflags
 *(.init)
 .init          0x00100094        0xc /opt/devkitpro/devkitARM/bin/../lib/gcc/arm-none-eabi/13.2.0/armv6k/fpu/crti.o
                0x00100094                _init
 .init          0x001000a0        0xc /opt/devkitpro/devkitARM/bin/../lib/gcc/arm-none-eabi/13.2.0/armv6k/fpu/crtn.o
                0x001000ac                        . = ALIGN (0x4)
 *(.text)
 .text          0x001000ac      0x20c /opt/devkitpro/devkitARM/bin/../lib/gcc/arm-none-eabi/13.2.0/armv6k/fpu/libgcc.a(_udivsi3.o)
                0x001000ac                __udivsi3
                0x001000ac                __aeabi_uidiv
                0x00100298                __aeabi_uidivmod
 .text          0x001002b8      0x240 /opt/devkitpro/devkitARM/bin/../lib/gcc/arm-none-eabi/13.2.0/armv6k/fpu/libgcc.a(_divsi3.o)
                0x001002b8                __aeabi_idiv
                0x001002b8                __divsi3
                0x001004d8                __aeabi_idivmod
 .text          0x001004f8        0x4 /opt/devkitpro/devkitARM/bin/../lib/gcc/arm-none-eabi/13.2.0/armv6k/fpu/libgcc.a(_dvmd_tls.o)
                0x001004f8                __aeabi_ldiv0
                0x001004f8                __aeabi_idiv0
 .text          0x001004fc       0xd4 /opt/devkitpro/devkitARM/bin/../lib/gcc/arm-none-eabi/13.2.0/armv6k/fpu/libgcc.a(_aeabi_ldivmod.o)
                0x001004fc                __aeabi_ldivmod
 .text          0x001005d0       0x3c /opt/devkitpro/devkitARM/bin/../lib/gcc/arm-none-eabi/13.2.0/armv6k/fpu/libgcc.a(_aeabi_uldivmod.o)
                0x001005d0                __aeabi_uldivmod
 *fill*         0x0010060c       0x14 
 .text          0x00100620      0x390 /opt/devkitpro/devkitARM/bin/../lib/gcc/arm-none-eabi/13.2.0/../../../../arm-none-eabi/lib/armv6k/fpu/libg.a(libc_a-strcmp.o)
                0x00100628                strcmp
 *(.text.*)
 .text.__do_global_dtors_aux
                0x001009b0       0x40 /opt/devkitpro/devkitARM/bin/../lib/gcc/arm-none-eabi/13.2.0/armv6k/fpu/crtbegin.o
 .text.frame_dummy
                0x001009f0       0x2c /opt/devkitpro/devkitARM/bin/../lib/gcc/arm-none-eabi/13.2.0/armv6k/fpu/crtbegin.o
 .text.sceneRender.constprop.0
                0x00100a1c      0x478 main.o
 .text.sceneRender1.isra.0
                0x00100e94      0x5d0 main.o
 .text.startup.main
                0x00101464      0x250 main.o
                0x00101464                main
 .text.C2Di_FrameEndHook
                0x001016b4       0x44 /opt/devkitpro/libctru/lib/libcitro2d.a(base.o)
 .text.C2D_Init
                0x001016f8      0x36c /opt/devkitpro/libctru/lib/libcitro2d.a(base.o)
                0x001016f8                C2D_Init
 .text.C2D_Fini
                0x00101a64       0x4c /opt/devkitpro/libctru/lib/libcitro2d.a(base.o)
                0x00101a64                C2D_Fini
 .text.C2D_Prepare
                0x00101ab0       0xb8 /opt/devkitpro/libctru/lib/libcitro2d.a(base.o)
                0x00101ab0                C2D_Prepare
 .text.C2D_Flush
                0x00101b68       0x48 /opt/devkitpro/libctru/lib/libcitro2d.a(base.o)
                0x00101b68                C2D_Flush
 .text.C2D_SceneSize
                0x00101bb0      0x104 /opt/devkitpro/libctru/lib/libcitro2d.a(base.o)
                0x00101bb0                C2D_SceneSize
 .text.C2D_CreateScreenTarget
                0x00101cb4       0x58 /opt/devkitpro/libctru/lib/libcitro2d.a(base.o)
                0x00101cb4                C2D_CreateScreenTarget
 .text.C2D_TargetClear
                0x00101d0c       0x64 /opt/devkitpro/libctru/lib/libcitro2d.a(base.o)
                0x00101d0c                C2D_TargetClear
 .text.C2Di_AppendQuad
                0x00101d70       0x58 /opt/devkitpro/libctru/lib/libcitro2d.a(base.o)
                0x00101d70                C2Di_AppendQuad
 .text.C2Di_AppendVtx
                0x00101dc8       0x40 /opt/devkitpro/libctru/lib/libcitro2d.a(base.o)
                0x00101dc8                C2Di_AppendVtx
 .text.C2Di_Update
                0x00101e08      0x550 /opt/devkitpro/libctru/lib/libcitro2d.a(base.o)
                0x00101e08                C2Di_Update
 .text.C2Di_GlyphComp
                0x00102358       0x18 /opt/devkitpro/libctru/lib/libcitro2d.a(text.o)
 .text.C2Di_CalcLineWidths
                0x00102370      0x140 /opt/devkitpro/libctru/lib/libcitro2d.a(text.o)
 .text.C2D_TextBufNew
                0x001024b0      0x1dc /opt/devkitpro/libctru/lib/libcitro2d.a(text.o)
                0x001024b0                C2D_TextBufNew
 .text.C2D_TextBufDelete
                0x0010268c        0x4 /opt/devkitpro/libctru/lib/libcitro2d.a(text.o)
                0x0010268c                C2D_TextBufDelete
 .text.C2D_TextBufClear
                0x00102690        0xc /opt/devkitpro/libctru/lib/libcitro2d.a(text.o)
                0x00102690                C2D_TextBufClear
 .text.C2D_TextFontParseLine
                0x0010269c      0x1c8 /opt/devkitpro/libctru/lib/libcitro2d.a(text.o)
                0x0010269c                C2D_TextFontParseLine
 .text.C2D_TextFontParse
                0x00102864       0xa8 /opt/devkitpro/libctru/lib/libcitro2d.a(text.o)
                0x00102864                C2D_TextFontParse
 .text.C2D_TextParse
                0x0010290c       0x14 /opt/devkitpro/libctru/lib/libcitro2d.a(text.o)
                0x0010290c                C2D_TextParse
 .text.C2D_TextOptimize
                0x00102920       0x30 /opt/devkitpro/libctru/lib/libcitro2d.a(text.o)
                0x00102920                C2D_TextOptimize
 .text.C2D_DrawText
                0x00102950      0xf6c /opt/devkitpro/libctru/lib/libcitro2d.a(text.o)
                0x00102950                C2D_DrawText
 .text.C2D_FontGlyphIndexFromCodePoint
                0x001038bc       0x44 /opt/devkitpro/libctru/lib/libcitro2d.a(font.o)
                0x001038bc                C2D_FontGlyphIndexFromCodePoint
 .text.C2D_FontCalcGlyphPos
                0x00103900       0x78 /opt/devkitpro/libctru/lib/libcitro2d.a(font.o)
                0x00103900                C2D_FontCalcGlyphPos
 .text.AttrInfo_Init
                0x00103978       0x28 /opt/devkitpro/libctru/lib/libcitro3d.a(attribs.o)
                0x00103978                AttrInfo_Init
 .text.AttrInfo_AddLoader
                0x001039a0       0x94 /opt/devkitpro/libctru/lib/libcitro3d.a(attribs.o)
                0x001039a0                AttrInfo_AddLoader
 .text.C3D_SetAttrInfo
                0x00103a34       0x54 /opt/devkitpro/libctru/lib/libcitro3d.a(attribs.o)
                0x00103a34                C3D_SetAttrInfo
 .text.C3Di_AttrInfoBind
                0x00103a88       0x80 /opt/devkitpro/libctru/lib/libcitro3d.a(attribs.o)
                0x00103a88                C3Di_AttrInfoBind
 .text.C3Di_LightEnvUpdate
                0x00103b08        0x4 /opt/devkitpro/libctru/lib/libcitro3d.a(base.o)
                0x00103b08                C3Di_LightEnvUpdate
 .text.C3Di_LightEnvDirty
                0x00103b0c        0x4 /opt/devkitpro/libctru/lib/libcitro3d.a(base.o)
                0x00103b0c                C3Di_LightEnvDirty
 .text.C3Di_AptEventHook
                0x00103b10       0xb4 /opt/devkitpro/libctru/lib/libcitro3d.a(base.o)
 .text.C3Di_GasUpdate
                0x00103bc4        0x4 /opt/devkitpro/libctru/lib/libcitro3d.a(base.o)
                0x00103bc4                C3Di_GasUpdate
 .text.C3D_Init
                0x00103bc8      0x1d0 /opt/devkitpro/libctru/lib/libcitro3d.a(base.o)
                0x00103bc8                C3D_Init
 .text.C3D_SetViewport
                0x00103d98       0x98 /opt/devkitpro/libctru/lib/libcitro3d.a(base.o)
                0x00103d98                C3D_SetViewport
 .text.C3Di_UpdateContext
                0x00103e30      0x4e8 /opt/devkitpro/libctru/lib/libcitro3d.a(base.o)
                0x00103e30                C3Di_UpdateContext
 .text.C3Di_SplitFrame
                0x00104318       0xe0 /opt/devkitpro/libctru/lib/libcitro3d.a(base.o)
                0x00104318                C3Di_SplitFrame
 .text.C3D_Fini
                0x001043f8       0x44 /opt/devkitpro/libctru/lib/libcitro3d.a(base.o)
                0x001043f8                C3D_Fini
 .text.C3D_BindProgram
                0x0010443c      0x194 /opt/devkitpro/libctru/lib/libcitro3d.a(base.o)
                0x0010443c                C3D_BindProgram
 .text.BufInfo_Init
                0x001045d0       0x24 /opt/devkitpro/libctru/lib/libcitro3d.a(buffers.o)
                0x001045d0                BufInfo_Init
 .text.BufInfo_Add
                0x001045f4       0x80 /opt/devkitpro/libctru/lib/libcitro3d.a(buffers.o)
                0x001045f4                BufInfo_Add
 .text.C3D_SetBufInfo
                0x00104674       0x3c /opt/devkitpro/libctru/lib/libcitro3d.a(buffers.o)
                0x00104674                C3D_SetBufInfo
 .text.C3Di_BufInfoBind
                0x001046b0       0x48 /opt/devkitpro/libctru/lib/libcitro3d.a(buffers.o)
                0x001046b0                C3Di_BufInfoBind
 .text.C3D_DrawElements
                0x001046f8      0x21c /opt/devkitpro/libctru/lib/libcitro3d.a(drawElements.o)
                0x001046f8                C3D_DrawElements
 .text.C3D_DepthMap
                0x00104914       0x40 /opt/devkitpro/libctru/lib/libcitro3d.a(effect.o)
                0x00104914                C3D_DepthMap
 .text.C3D_CullFace
                0x00104954       0x1c /opt/devkitpro/libctru/lib/libcitro3d.a(effect.o)
                0x00104954                C3D_CullFace
 .text.C3D_StencilTest
                0x00104970       0x40 /opt/devkitpro/libctru/lib/libcitro3d.a(effect.o)
                0x00104970                C3D_StencilTest
 .text.C3D_StencilOp
                0x001049b0       0x24 /opt/devkitpro/libctru/lib/libcitro3d.a(effect.o)
                0x001049b0                C3D_StencilOp
 .text.C3D_BlendingColor
                0x001049d4       0x1c /opt/devkitpro/libctru/lib/libcitro3d.a(effect.o)
                0x001049d4                C3D_BlendingColor
 .text.C3D_EarlyDepthTest
                0x001049f0       0x24 /opt/devkitpro/libctru/lib/libcitro3d.a(effect.o)
                0x001049f0                C3D_EarlyDepthTest
 .text.C3D_DepthTest
                0x00104a14       0x2c /opt/devkitpro/libctru/lib/libcitro3d.a(effect.o)
                0x00104a14                C3D_DepthTest
 .text.C3D_AlphaTest
                0x00104a40       0x2c /opt/devkitpro/libctru/lib/libcitro3d.a(effect.o)
                0x00104a40                C3D_AlphaTest
 .text.C3D_AlphaBlend
                0x00104a6c       0x50 /opt/devkitpro/libctru/lib/libcitro3d.a(effect.o)
                0x00104a6c                C3D_AlphaBlend
 .text.C3D_FragOpMode
                0x00104abc       0x30 /opt/devkitpro/libctru/lib/libcitro3d.a(effect.o)
                0x00104abc                C3D_FragOpMode
 .text.C3D_FragOpShadow
                0x00104aec       0x44 /opt/devkitpro/libctru/lib/libcitro3d.a(effect.o)
                0x00104aec                C3D_FragOpShadow
 .text.C3Di_EffectBind
                0x00104b30      0x1ac /opt/devkitpro/libctru/lib/libcitro3d.a(effect.o)
                0x00104b30                C3Di_EffectBind
 .text.C3D_CalcColorBufSize
                0x00104cdc       0x1c /opt/devkitpro/libctru/lib/libcitro3d.a(framebuffer.o)
                0x00104cdc                C3D_CalcColorBufSize
 .text.C3D_CalcDepthBufSize
                0x00104cf8       0x1c /opt/devkitpro/libctru/lib/libcitro3d.a(framebuffer.o)
                0x00104cf8                C3D_CalcDepthBufSize
 .text.C3D_SetFrameBuf
                0x00104d14       0x44 /opt/devkitpro/libctru/lib/libcitro3d.a(framebuffer.o)
                0x00104d14                C3D_SetFrameBuf
 .text.C3Di_FrameBufBind
                0x00104d58      0x16c /opt/devkitpro/libctru/lib/libcitro3d.a(framebuffer.o)
                0x00104d58                C3Di_FrameBufBind
 .text.C3D_FrameBufClear
                0x00104ec4       0xc8 /opt/devkitpro/libctru/lib/libcitro3d.a(framebuffer.o)
                0x00104ec4                C3D_FrameBufClear
 .text.C3D_FrameBufTransfer
                0x00104f8c       0x44 /opt/devkitpro/libctru/lib/libcitro3d.a(framebuffer.o)
                0x00104f8c                C3D_FrameBufTransfer
 .text.C3D_ImmSendAttrib
                0x00104fd0       0xa8 /opt/devkitpro/libctru/lib/libcitro3d.a(immediate.o)
                0x00104fd0                C3D_ImmSendAttrib
 .text.C3D_ProcTexInit
                0x00105078       0x70 /opt/devkitpro/libctru/lib/libcitro3d.a(proctex.o)
                0x00105078                C3D_ProcTexInit
 .text.C3D_ProcTexBind
                0x001050e8       0x54 /opt/devkitpro/libctru/lib/libcitro3d.a(proctex.o)
                0x001050e8                C3D_ProcTexBind
 .text.C3D_ProcTexLutBind
                0x0010513c       0x5c /opt/devkitpro/libctru/lib/libcitro3d.a(proctex.o)
                0x0010513c                C3D_ProcTexLutBind
 .text.ProcTexLut_FromArray
                0x00105198       0xa4 /opt/devkitpro/libctru/lib/libcitro3d.a(proctex.o)
                0x00105198                ProcTexLut_FromArray
 .text.C3Di_ProcTexUpdate
                0x0010523c      0x178 /opt/devkitpro/libctru/lib/libcitro3d.a(proctex.o)
                0x0010523c                C3Di_ProcTexUpdate
 .text.C3Di_ProcTexDirty
                0x001053b4       0x68 /opt/devkitpro/libctru/lib/libcitro3d.a(proctex.o)
                0x001053b4                C3Di_ProcTexDirty
 .text.onVBlank0
                0x0010541c       0x4c /opt/devkitpro/libctru/lib/libcitro3d.a(renderqueue.o)
 .text.onVBlank1
                0x00105468       0x4c /opt/devkitpro/libctru/lib/libcitro3d.a(renderqueue.o)
 .text.C3Di_RenderTargetDestroy
                0x001054b4       0x80 /opt/devkitpro/libctru/lib/libcitro3d.a(renderqueue.o)
 .text.onQueueFinish
                0x00105534       0xf4 /opt/devkitpro/libctru/lib/libcitro3d.a(renderqueue.o)
 .text.C3Di_RenderQueueEnableVBlank
                0x00105628       0x38 /opt/devkitpro/libctru/lib/libcitro3d.a(renderqueue.o)
                0x00105628                C3Di_RenderQueueEnableVBlank
 .text.C3Di_RenderQueueDisableVBlank
                0x00105660       0x30 /opt/devkitpro/libctru/lib/libcitro3d.a(renderqueue.o)
                0x00105660                C3Di_RenderQueueDisableVBlank
 .text.C3Di_RenderQueueInit
                0x00105690       0x60 /opt/devkitpro/libctru/lib/libcitro3d.a(renderqueue.o)
                0x00105690                C3Di_RenderQueueInit
 .text.C3Di_RenderQueueExit
                0x001056f0       0xb4 /opt/devkitpro/libctru/lib/libcitro3d.a(renderqueue.o)
                0x001056f0                C3Di_RenderQueueExit
 .text.C3Di_RenderQueueWaitDone
                0x001057a4       0x34 /opt/devkitpro/libctru/lib/libcitro3d.a(renderqueue.o)
                0x001057a4                C3Di_RenderQueueWaitDone
 .text.C3D_FrameBegin
                0x001057d8       0xe8 /opt/devkitpro/libctru/lib/libcitro3d.a(renderqueue.o)
                0x001057d8                C3D_FrameBegin
 .text.C3D_FrameDrawOn
                0x001058c0       0x48 /opt/devkitpro/libctru/lib/libcitro3d.a(renderqueue.o)
                0x001058c0                C3D_FrameDrawOn
 .text.C3D_FrameSplit
                0x00105908       0x58 /opt/devkitpro/libctru/lib/libcitro3d.a(renderqueue.o)
                0x00105908                C3D_FrameSplit
 .text.C3D_FrameEnd
                0x00105960      0x1d0 /opt/devkitpro/libctru/lib/libcitro3d.a(renderqueue.o)
                0x00105960                C3D_FrameEnd
 .text.C3D_FrameEndHook
                0x00105b30       0x1c /opt/devkitpro/libctru/lib/libcitro3d.a(renderqueue.o)
                0x00105b30                C3D_FrameEndHook
 .text.C3D_RenderTargetCreate
                0x00105b4c      0x170 /opt/devkitpro/libctru/lib/libcitro3d.a(renderqueue.o)
                0x00105b4c                C3D_RenderTargetCreate
 .text.C3D_RenderTargetSetOutput
                0x00105cbc       0xa8 /opt/devkitpro/libctru/lib/libcitro3d.a(renderqueue.o)
                0x00105cbc                C3D_RenderTargetSetOutput
 .text.C3D_GetTexEnv
                0x00105d64       0x34 /opt/devkitpro/libctru/lib/libcitro3d.a(texenv.o)
                0x00105d64                C3D_GetTexEnv
 .text.C3Di_TexEnvBind
                0x00105d98       0x24 /opt/devkitpro/libctru/lib/libcitro3d.a(texenv.o)
                0x00105d98                C3Di_TexEnvBind
 .text.C3D_TexBind
                0x00105dbc       0x44 /opt/devkitpro/libctru/lib/libcitro3d.a(texture.o)
                0x00105dbc                C3D_TexBind
 .text.C3Di_SetTex
                0x00105e00      0x14c /opt/devkitpro/libctru/lib/libcitro3d.a(texture.o)
                0x00105e00                C3Di_SetTex
 .text.C3D_UpdateUniforms
                0x00105f4c      0x290 /opt/devkitpro/libctru/lib/libcitro3d.a(uniforms.o)
                0x00105f4c                C3D_UpdateUniforms
 .text.C3Di_DirtyUniforms
                0x001061dc       0xc0 /opt/devkitpro/libctru/lib/libcitro3d.a(uniforms.o)
                0x001061dc                C3Di_DirtyUniforms
 .text.C3Di_LoadShaderUniforms
                0x0010629c       0xd8 /opt/devkitpro/libctru/lib/libcitro3d.a(uniforms.o)
                0x0010629c                C3Di_LoadShaderUniforms
 .text.C3Di_ClearShaderUniforms
                0x00106374       0x28 /opt/devkitpro/libctru/lib/libcitro3d.a(uniforms.o)
                0x00106374                C3Di_ClearShaderUniforms
 .text.Mtx_Ortho
                0x0010639c       0xcc /opt/devkitpro/libctru/lib/libcitro3d.a(mtx_ortho.o)
                0x0010639c                Mtx_Ortho
 .text.Mtx_OrthoTilt
                0x00106468       0xcc /opt/devkitpro/libctru/lib/libcitro3d.a(mtx_orthotilt.o)
                0x00106468                Mtx_OrthoTilt
 .text._ZL21addrMapNodeComparatorPK11rbtree_nodeS1_
                0x00106534       0x24 /opt/devkitpro/libctru/lib/libctru.a(linear.o)
 .text._ZL21addrMapNodeDestructorP11rbtree_node
                0x00106558        0x4 /opt/devkitpro/libctru/lib/libctru.a(linear.o)
 .text.linearMemAlign
                0x0010655c      0x120 /opt/devkitpro/libctru/lib/libctru.a(linear.o)
                0x0010655c                linearMemAlign
 .text.linearAlloc
                0x0010667c        0x8 /opt/devkitpro/libctru/lib/libctru.a(linear.o)
                0x0010667c                linearAlloc
 .text.linearFree
                0x00106684       0x5c /opt/devkitpro/libctru/lib/libctru.a(linear.o)
                0x00106684                linearFree
 .text._ZN7MemPool13CoalesceRightEP8MemBlock
                0x001066e0       0x80 /opt/devkitpro/libctru/lib/libctru.a(mem_pool.o)
                0x001066e0                MemPool::CoalesceRight(MemBlock*)
 .text._ZN7MemPool8AllocateER8MemChunkmi
                0x00106760      0x16c /opt/devkitpro/libctru/lib/libctru.a(mem_pool.o)
                0x00106760                MemPool::Allocate(MemChunk&, unsigned long, int)
 .text._ZN7MemPool10DeallocateERK8MemChunk
                0x001068cc       0xfc /opt/devkitpro/libctru/lib/libctru.a(mem_pool.o)
                0x001068cc                MemPool::Deallocate(MemChunk const&)
 .text._ZN7MemPool12GetFreeSpaceEv
                0x001069c8       0x30 /opt/devkitpro/libctru/lib/libctru.a(mem_pool.o)
                0x001069c8                MemPool::GetFreeSpace()
 .text._ZL21addrMapNodeComparatorPK11rbtree_nodeS1_
                0x001069f8       0x24 /opt/devkitpro/libctru/lib/libctru.a(vram.o)
 .text._ZL21addrMapNodeDestructorP11rbtree_node
                0x00106a1c        0x4 /opt/devkitpro/libctru/lib/libctru.a(vram.o)
 .text.vramMemAlignAt
                0x00106a20      0x24c /opt/devkitpro/libctru/lib/libctru.a(vram.o)
                0x00106a20                vramMemAlignAt
 .text.vramAlloc
                0x00106c6c        0xc /opt/devkitpro/libctru/lib/libctru.a(vram.o)
                0x00106c6c                vramAlloc
 .text.vramAllocAt
                0x00106c78        0xc /opt/devkitpro/libctru/lib/libctru.a(vram.o)
                0x00106c78                vramAllocAt
 .text.vramFree
                0x00106c84       0x90 /opt/devkitpro/libctru/lib/libctru.a(vram.o)
                0x00106c84                vramFree
 .text.fontEnsureMapped
                0x00106d14       0x94 /opt/devkitpro/libctru/lib/libctru.a(font.o)
                0x00106d14                fontEnsureMapped
 .text.fontGlyphIndexFromCodePoint
                0x00106da8      0x100 /opt/devkitpro/libctru/lib/libctru.a(font.o)
                0x00106da8                fontGlyphIndexFromCodePoint
 .text.fontCalcGlyphPos
                0x00106ea8      0x1ec /opt/devkitpro/libctru/lib/libctru.a(font.o)
                0x00106ea8                fontCalcGlyphPos
 .text.gfxPresentFramebuffer
                0x00107094       0xd0 /opt/devkitpro/libctru/lib/libctru.a(gfx.o)
 .text.gfxIsWide
                0x00107164       0x1c /opt/devkitpro/libctru/lib/libctru.a(gfx.o)
                0x00107164                gfxIsWide
 .text.gfxSetScreenFormat
                0x00107180       0xec /opt/devkitpro/libctru/lib/libctru.a(gfx.o)
                0x00107180                gfxSetScreenFormat
 .text.gfxInit  0x0010726c       0xe0 /opt/devkitpro/libctru/lib/libctru.a(gfx.o)
                0x0010726c                gfxInit
 .text.gfxInitDefault
                0x0010734c       0x10 /opt/devkitpro/libctru/lib/libctru.a(gfx.o)
                0x0010734c                gfxInitDefault
 .text.gfxExit  0x0010735c       0xb4 /opt/devkitpro/libctru/lib/libctru.a(gfx.o)
                0x0010735c                gfxExit
 .text.gfxGetFramebuffer
                0x00107410       0xa0 /opt/devkitpro/libctru/lib/libctru.a(gfx.o)
                0x00107410                gfxGetFramebuffer
 .text.gfxScreenSwapBuffers
                0x001074b0       0x30 /opt/devkitpro/libctru/lib/libctru.a(gfx.o)
                0x001074b0                gfxScreenSwapBuffers
 .text.osConvertVirtToPhys
                0x001074e0       0x74 /opt/devkitpro/libctru/lib/libctru.a(os.o)
                0x001074e0                osConvertVirtToPhys
 .text.osGetTimeRef
                0x00107554       0x54 /opt/devkitpro/libctru/lib/libctru.a(os.o)
                0x00107554                osGetTimeRef
 .text.osGetTime
                0x001075a8       0xec /opt/devkitpro/libctru/lib/libctru.a(os.o)
                0x001075a8                osGetTime
 .text.__ctru_speedup_config
                0x00107694       0x34 /opt/devkitpro/libctru/lib/libctru.a(os.o)
                0x00107694                __ctru_speedup_config
 .text.GPUCMD_Add
                0x001076c8      0x13c /opt/devkitpro/libctru/lib/libctru.a(gpu.o)
                0x001076c8                GPUCMD_Add
 .text.GPUCMD_Split
                0x00107804       0xb0 /opt/devkitpro/libctru/lib/libctru.a(gpu.o)
                0x00107804                GPUCMD_Split
 .text.f32tof16
                0x001078b4       0x34 /opt/devkitpro/libctru/lib/libctru.a(gpu.o)
                0x001078b4                f32tof16
 .text.f32tof24
                0x001078e8       0x34 /opt/devkitpro/libctru/lib/libctru.a(gpu.o)
                0x001078e8                f32tof24
 .text.f32tof31
                0x0010791c       0x38 /opt/devkitpro/libctru/lib/libctru.a(gpu.o)
                0x0010791c                f32tof31
 .text.GX_BindQueue
                0x00107954       0x10 /opt/devkitpro/libctru/lib/libctru.a(gx.o)
                0x00107954                GX_BindQueue
 .text.GX_ProcessCommandList
                0x00107964       0x78 /opt/devkitpro/libctru/lib/libctru.a(gx.o)
                0x00107964                GX_ProcessCommandList
 .text.GX_MemoryFill
                0x001079dc       0x74 /opt/devkitpro/libctru/lib/libctru.a(gx.o)
                0x001079dc                GX_MemoryFill
 .text.GX_DisplayTransfer
                0x00107a50       0x70 /opt/devkitpro/libctru/lib/libctru.a(gx.o)
                0x00107a50                GX_DisplayTransfer
 .text.gxCmdQueueDoCommands.part.0
                0x00107ac0       0x68 /opt/devkitpro/libctru/lib/libctru.a(gxqueue.o)
 .text.gxCmdQueueInterrupt
                0x00107b28       0xc8 /opt/devkitpro/libctru/lib/libctru.a(gxqueue.o)
                0x00107b28                gxCmdQueueInterrupt
 .text.gxCmdQueueClear
                0x00107bf0       0x4c /opt/devkitpro/libctru/lib/libctru.a(gxqueue.o)
                0x00107bf0                gxCmdQueueClear
 .text.gxCmdQueueAdd
                0x00107c3c       0xf8 /opt/devkitpro/libctru/lib/libctru.a(gxqueue.o)
                0x00107c3c                gxCmdQueueAdd
 .text.gxCmdQueueRun
                0x00107d34       0x80 /opt/devkitpro/libctru/lib/libctru.a(gxqueue.o)
                0x00107d34                gxCmdQueueRun
 .text.gxCmdQueueStop
                0x00107db4       0x60 /opt/devkitpro/libctru/lib/libctru.a(gxqueue.o)
                0x00107db4                gxCmdQueueStop
 .text.gxCmdQueueWait
                0x00107e14       0x8c /opt/devkitpro/libctru/lib/libctru.a(gxqueue.o)
                0x00107e14                gxCmdQueueWait
 .text.shaderInstanceInit
                0x00107ea0      0x1d0 /opt/devkitpro/libctru/lib/libctru.a(shaderProgram.o)
                0x00107ea0                shaderInstanceInit
 .text.shaderInstanceGetUniformLocation
                0x00108070       0x18 /opt/devkitpro/libctru/lib/libctru.a(shaderProgram.o)
                0x00108070                shaderInstanceGetUniformLocation
 .text.shaderProgramInit
                0x00108088       0x1c /opt/devkitpro/libctru/lib/libctru.a(shaderProgram.o)
                0x00108088                shaderProgramInit
 .text.shaderProgramFree
                0x001080a4       0x64 /opt/devkitpro/libctru/lib/libctru.a(shaderProgram.o)
                0x001080a4                shaderProgramFree
 .text.shaderProgramSetVsh
                0x00108108       0x80 /opt/devkitpro/libctru/lib/libctru.a(shaderProgram.o)
                0x00108108                shaderProgramSetVsh
 .text.shaderProgramConfigure
                0x00108188      0x8e0 /opt/devkitpro/libctru/lib/libctru.a(shaderProgram.o)
                0x00108188                shaderProgramConfigure
 .text.DVLE_GenerateOutmap.part.0
                0x00108a68      0x1cc /opt/devkitpro/libctru/lib/libctru.a(shbin.o)
 .text.DVLB_ParseFile
                0x00108c34      0x1b4 /opt/devkitpro/libctru/lib/libctru.a(shbin.o)
                0x00108c34                DVLB_ParseFile
 .text.DVLB_Free
                0x00108de8       0x38 /opt/devkitpro/libctru/lib/libctru.a(shbin.o)
                0x00108de8                DVLB_Free
 .text.DVLE_GetUniformRegister
                0x00108e20       0x74 /opt/devkitpro/libctru/lib/libctru.a(shbin.o)
                0x00108e20                DVLE_GetUniformRegister
 .text.ACU_GetWifiStatus
                0x00108e94       0x38 /opt/devkitpro/libctru/lib/libctru.a(ac.o)
                0x00108e94                ACU_GetWifiStatus
 .text.ACU_GetSecurityMode
                0x00108ecc       0x38 /opt/devkitpro/libctru/lib/libctru.a(ac.o)
                0x00108ecc                ACU_GetSecurityMode
 .text.ACU_GetProxyEnable
                0x00108f04       0x44 /opt/devkitpro/libctru/lib/libctru.a(ac.o)
                0x00108f04                ACU_GetProxyEnable
 .text.aptConvertScreenForCapture
                0x00108f48      0x1ac /opt/devkitpro/libctru/lib/libctru.a(apt.o)
 .text.aptDspSleep
                0x001090f4        0x8 /opt/devkitpro/libctru/lib/libctru.a(apt.o)
                0x001090f4                aptDspSleep
 .text.aptDspWakeup
                0x001090fc        0x4 /opt/devkitpro/libctru/lib/libctru.a(apt.o)
                0x001090fc                aptDspWakeup
 .text.aptDspCancel
                0x00109100        0x4 /opt/devkitpro/libctru/lib/libctru.a(apt.o)
                0x00109100                aptDspCancel
 .text.aptSendCommand
                0x00109104      0x158 /opt/devkitpro/libctru/lib/libctru.a(apt.o)
                0x00109104                aptSendCommand
 *fill*         0x0010925c        0x4 
 .text.aptExitProcess
                0x00109260       0x44 /opt/devkitpro/libctru/lib/libctru.a(apt.o)
 .text.aptExit  0x001092a4      0x38c /opt/devkitpro/libctru/lib/libctru.a(apt.o)
                0x001092a4                aptExit
 .text.aptHandleSleep
                0x00109630       0xe0 /opt/devkitpro/libctru/lib/libctru.a(apt.o)
                0x00109630                aptHandleSleep
 .text.aptHook  0x00109710       0x30 /opt/devkitpro/libctru/lib/libctru.a(apt.o)
                0x00109710                aptHook
 .text.aptUnhook
                0x00109740       0x30 /opt/devkitpro/libctru/lib/libctru.a(apt.o)
                0x00109740                aptUnhook
 .text.APT_SleepIfShellClosed
                0x00109770       0x84 /opt/devkitpro/libctru/lib/libctru.a(apt.o)
                0x00109770                APT_SleepIfShellClosed
 .text.aptSetSleepAllowed
                0x001097f4       0x84 /opt/devkitpro/libctru/lib/libctru.a(apt.o)
                0x001097f4                aptSetSleepAllowed
 .text.APT_UnlockTransition
                0x00109878       0x84 /opt/devkitpro/libctru/lib/libctru.a(apt.o)
                0x00109878                APT_UnlockTransition
 *fill*         0x001098fc        0x4 
 .text.aptEventHandler
                0x00109900      0x4a4 /opt/devkitpro/libctru/lib/libctru.a(apt.o)
 .text.APT_ReceiveParameter
                0x00109da4       0xb0 /opt/devkitpro/libctru/lib/libctru.a(apt.o)
                0x00109da4                APT_ReceiveParameter
 .text.aptReceiveParameter.constprop.0
                0x00109e54       0xac /opt/devkitpro/libctru/lib/libctru.a(apt.o)
 .text.aptScreenTransfer
                0x00109f00      0x2ac /opt/devkitpro/libctru/lib/libctru.a(apt.o)
 .text.aptWaitForWakeUp.isra.0
                0x0010a1ac      0x320 /opt/devkitpro/libctru/lib/libctru.a(apt.o)
 .text.aptJumpToHomeMenu
                0x0010a4cc       0xf8 /opt/devkitpro/libctru/lib/libctru.a(apt.o)
                0x0010a4cc                aptJumpToHomeMenu
 .text.aptMainLoop
                0x0010a5c4       0x48 /opt/devkitpro/libctru/lib/libctru.a(apt.o)
                0x0010a5c4                aptMainLoop
 .text.aptInit  0x0010a60c      0x22c /opt/devkitpro/libctru/lib/libctru.a(apt.o)
                0x0010a60c                aptInit
 .text.APT_CheckNew3DS
                0x0010a838       0x7c /opt/devkitpro/libctru/lib/libctru.a(apt.o)
                0x0010a838                APT_CheckNew3DS
 .text.APT_GetSharedFont
                0x0010a8b4       0x48 /opt/devkitpro/libctru/lib/libctru.a(apt.o)
                0x0010a8b4                APT_GetSharedFont
 .text.fsInit   0x0010a8fc       0xcc /opt/devkitpro/libctru/lib/libctru.a(fs.o)
                0x0010a8fc                fsInit
 .text.fsExit   0x0010a9c8       0x3c /opt/devkitpro/libctru/lib/libctru.a(fs.o)
                0x0010a9c8                fsExit
 .text.fsExemptFromSession
                0x0010aa04       0x60 /opt/devkitpro/libctru/lib/libctru.a(fs.o)
                0x0010aa04                fsExemptFromSession
 .text.fsUnexemptFromSession
                0x0010aa64       0x50 /opt/devkitpro/libctru/lib/libctru.a(fs.o)
                0x0010aa64                fsUnexemptFromSession
 .text.FSUSER_OpenFile
                0x0010aab4       0xcc /opt/devkitpro/libctru/lib/libctru.a(fs.o)
                0x0010aab4                FSUSER_OpenFile
 .text.FSUSER_DeleteFile
                0x0010ab80       0xbc /opt/devkitpro/libctru/lib/libctru.a(fs.o)
                0x0010ab80                FSUSER_DeleteFile
 .text.FSUSER_RenameFile
                0x0010ac3c       0xf8 /opt/devkitpro/libctru/lib/libctru.a(fs.o)
                0x0010ac3c                FSUSER_RenameFile
 .text.FSUSER_DeleteDirectory
                0x0010ad34       0xbc /opt/devkitpro/libctru/lib/libctru.a(fs.o)
                0x0010ad34                FSUSER_DeleteDirectory
 .text.FSUSER_CreateFile
                0x0010adf0       0xd4 /opt/devkitpro/libctru/lib/libctru.a(fs.o)
                0x0010adf0                FSUSER_CreateFile
 .text.FSUSER_CreateDirectory
                0x0010aec4       0xc4 /opt/devkitpro/libctru/lib/libctru.a(fs.o)
                0x0010aec4                FSUSER_CreateDirectory
 .text.FSUSER_RenameDirectory
                0x0010af88       0xf8 /opt/devkitpro/libctru/lib/libctru.a(fs.o)
                0x0010af88                FSUSER_RenameDirectory
 .text.FSUSER_OpenDirectory
                0x0010b080       0xb4 /opt/devkitpro/libctru/lib/libctru.a(fs.o)
                0x0010b080                FSUSER_OpenDirectory
 .text.FSUSER_OpenArchive
                0x0010b134       0x94 /opt/devkitpro/libctru/lib/libctru.a(fs.o)
                0x0010b134                FSUSER_OpenArchive
 .text.FSUSER_CloseArchive
                0x0010b1c8       0x8c /opt/devkitpro/libctru/lib/libctru.a(fs.o)
                0x0010b1c8                FSUSER_CloseArchive
 .text.FSUSER_GetSdmcArchiveResource
                0x0010b254       0x74 /opt/devkitpro/libctru/lib/libctru.a(fs.o)
                0x0010b254                FSUSER_GetSdmcArchiveResource
 .text.FSUSER_IsSdmcWritable
                0x0010b2c8       0x64 /opt/devkitpro/libctru/lib/libctru.a(fs.o)
                0x0010b2c8                FSUSER_IsSdmcWritable
 .text.FSFILE_Read
                0x0010b32c       0x58 /opt/devkitpro/libctru/lib/libctru.a(fs.o)
                0x0010b32c                FSFILE_Read
 .text.FSFILE_Write
                0x0010b384       0x60 /opt/devkitpro/libctru/lib/libctru.a(fs.o)
                0x0010b384                FSFILE_Write
 .text.FSFILE_GetSize
                0x0010b3e4       0x38 /opt/devkitpro/libctru/lib/libctru.a(fs.o)
                0x0010b3e4                FSFILE_GetSize
 .text.FSFILE_SetSize
                0x0010b41c       0x28 /opt/devkitpro/libctru/lib/libctru.a(fs.o)
                0x0010b41c                FSFILE_SetSize
 .text.FSFILE_Close
                0x0010b444       0x3c /opt/devkitpro/libctru/lib/libctru.a(fs.o)
                0x0010b444                FSFILE_Close
 .text.FSFILE_Flush
                0x0010b480       0x24 /opt/devkitpro/libctru/lib/libctru.a(fs.o)
                0x0010b480                FSFILE_Flush
 .text.FSDIR_Read
                0x0010b4a4       0x50 /opt/devkitpro/libctru/lib/libctru.a(fs.o)
                0x0010b4a4                FSDIR_Read
 .text.FSDIR_Close
                0x0010b4f4       0x3c /opt/devkitpro/libctru/lib/libctru.a(fs.o)
                0x0010b4f4                FSDIR_Close
 .text.gspHardwareInit
                0x0010b530      0xc64 /opt/devkitpro/libctru/lib/libctru.a(gspgpu.o)
 .text.gspInit  0x0010c194      0x248 /opt/devkitpro/libctru/lib/libctru.a(gspgpu.o)
                0x0010c194                gspInit
 .text.gspExit  0x0010c3dc       0xf0 /opt/devkitpro/libctru/lib/libctru.a(gspgpu.o)
                0x0010c3dc                gspExit
 .text.gspHasGpuRight
                0x0010c4cc       0x10 /opt/devkitpro/libctru/lib/libctru.a(gspgpu.o)
                0x0010c4cc                gspHasGpuRight
 .text.gspPresentBuffer
                0x0010c4dc       0xa0 /opt/devkitpro/libctru/lib/libctru.a(gspgpu.o)
                0x0010c4dc                gspPresentBuffer
 .text.gspSetEventCallback
                0x0010c57c       0x30 /opt/devkitpro/libctru/lib/libctru.a(gspgpu.o)
                0x0010c57c                gspSetEventCallback
 .text.gspWaitForEvent
                0x0010c5ac       0x44 /opt/devkitpro/libctru/lib/libctru.a(gspgpu.o)
                0x0010c5ac                gspWaitForEvent
 .text.gspWaitForAnyEvent
                0x0010c5f0       0x4c /opt/devkitpro/libctru/lib/libctru.a(gspgpu.o)
                0x0010c5f0                gspWaitForAnyEvent
 .text.gspEventThreadMain
                0x0010c63c      0x158 /opt/devkitpro/libctru/lib/libctru.a(gspgpu.o)
 .text.gspSubmitGxCommand
                0x0010c794      0x130 /opt/devkitpro/libctru/lib/libctru.a(gspgpu.o)
                0x0010c794                gspSubmitGxCommand
 .text.GSPGPU_FlushDataCache
                0x0010c8c4       0x50 /opt/devkitpro/libctru/lib/libctru.a(gspgpu.o)
                0x0010c8c4                GSPGPU_FlushDataCache
 .text.GSPGPU_SetLcdForceBlack
                0x0010c914       0x34 /opt/devkitpro/libctru/lib/libctru.a(gspgpu.o)
                0x0010c914                GSPGPU_SetLcdForceBlack
 .text.GSPGPU_AcquireRight
                0x0010c948       0x68 /opt/devkitpro/libctru/lib/libctru.a(gspgpu.o)
                0x0010c948                GSPGPU_AcquireRight
 .text.GSPGPU_ReleaseRight
                0x0010c9b0       0x48 /opt/devkitpro/libctru/lib/libctru.a(gspgpu.o)
                0x0010c9b0                GSPGPU_ReleaseRight
 .text.GSPGPU_ImportDisplayCaptureInfo
                0x0010c9f8       0x7c /opt/devkitpro/libctru/lib/libctru.a(gspgpu.o)
                0x0010c9f8                GSPGPU_ImportDisplayCaptureInfo
 .text.GSPGPU_SaveVramSysArea
                0x0010ca74       0x2c /opt/devkitpro/libctru/lib/libctru.a(gspgpu.o)
                0x0010ca74                GSPGPU_SaveVramSysArea
 .text.GSPGPU_RestoreVramSysArea
                0x0010caa0       0x2c /opt/devkitpro/libctru/lib/libctru.a(gspgpu.o)
                0x0010caa0                GSPGPU_RestoreVramSysArea
 .text.hidShouldUseIrrst
                0x0010cacc       0x24 /opt/devkitpro/libctru/lib/libctru.a(hid.o)
                0x0010cacc                hidShouldUseIrrst
 .text.hidInit  0x0010caf0      0x18c /opt/devkitpro/libctru/lib/libctru.a(hid.o)
                0x0010caf0                hidInit
 .text.hidExit  0x0010cc7c       0xe8 /opt/devkitpro/libctru/lib/libctru.a(hid.o)
                0x0010cc7c                hidExit
 .text.hidScanInput
                0x0010cd64      0x2a4 /opt/devkitpro/libctru/lib/libctru.a(hid.o)
                0x0010cd64                hidScanInput
 .text.hidKeysDown
                0x0010d008       0x10 /opt/devkitpro/libctru/lib/libctru.a(hid.o)
                0x0010d008                hidKeysDown
 .text.hidTouchRead
                0x0010d018       0x18 /opt/devkitpro/libctru/lib/libctru.a(hid.o)
                0x0010d018                hidTouchRead
 .text.hidCircleRead
                0x0010d030       0x18 /opt/devkitpro/libctru/lib/libctru.a(hid.o)
                0x0010d030                hidCircleRead
 .text.hidGyroRead
                0x0010d048       0x20 /opt/devkitpro/libctru/lib/libctru.a(hid.o)
                0x0010d048                hidGyroRead
 .text.HIDUSER_EnableGyroscope
                0x0010d068       0x2c /opt/devkitpro/libctru/lib/libctru.a(hid.o)
                0x0010d068                HIDUSER_EnableGyroscope
 .text.irrstInit
                0x0010d094      0x160 /opt/devkitpro/libctru/lib/libctru.a(irrst.o)
                0x0010d094                irrstInit
 .text.irrstExit
                0x0010d1f4       0xcc /opt/devkitpro/libctru/lib/libctru.a(irrst.o)
                0x0010d1f4                irrstExit
 .text.irrstScanInput
                0x0010d2c0       0xb4 /opt/devkitpro/libctru/lib/libctru.a(irrst.o)
                0x0010d2c0                irrstScanInput
 .text.irrstKeysHeld
                0x0010d374       0x24 /opt/devkitpro/libctru/lib/libctru.a(irrst.o)
                0x0010d374                irrstKeysHeld
 .text.ptmSysmInit
                0x0010d398       0x74 /opt/devkitpro/libctru/lib/libctru.a(ptmsysm.o)
                0x0010d398                ptmSysmInit
 .text.ptmSysmExit
                0x0010d40c       0x3c /opt/devkitpro/libctru/lib/libctru.a(ptmsysm.o)
                0x0010d40c                ptmSysmExit
 .text.PTMSYSM_ConfigureNew3DSCPU
                0x0010d448       0x34 /opt/devkitpro/libctru/lib/libctru.a(ptmsysm.o)
                0x0010d448                PTMSYSM_ConfigureNew3DSCPU
 .text.PTMU_GetBatteryLevel
                0x0010d47c       0x38 /opt/devkitpro/libctru/lib/libctru.a(ptmu.o)
                0x0010d47c                PTMU_GetBatteryLevel
 .text.PTMU_GetBatteryChargeState
                0x0010d4b4       0x38 /opt/devkitpro/libctru/lib/libctru.a(ptmu.o)
                0x0010d4b4                PTMU_GetBatteryChargeState
 .text.PTMU_GetAdapterState
                0x0010d4ec       0x44 /opt/devkitpro/libctru/lib/libctru.a(ptmu.o)
                0x0010d4ec                PTMU_GetAdapterState
 .text.rbtree_find
                0x0010d530       0x74 /opt/devkitpro/libctru/lib/libctru.a(rbtree_find.o)
                0x0010d530                rbtree_find
 .text.rbtree_init
                0x0010d5a4       0x10 /opt/devkitpro/libctru/lib/libctru.a(rbtree_init.o)
                0x0010d5a4                rbtree_init
 .text.do_insert
                0x0010d5b4      0x1b0 /opt/devkitpro/libctru/lib/libctru.a(rbtree_insert.o)
 .text.rbtree_insert
                0x0010d764        0x8 /opt/devkitpro/libctru/lib/libctru.a(rbtree_insert.o)
                0x0010d764                rbtree_insert
 .text.rbtree_remove
                0x0010d76c      0x318 /opt/devkitpro/libctru/lib/libctru.a(rbtree_remove.o)
                0x0010d76c                rbtree_remove
 .text.rbtree_rotate
                0x0010da84       0x90 /opt/devkitpro/libctru/lib/libctru.a(rbtree_rotate.o)
                0x0010da84                rbtree_rotate
 .text.decode_utf8
                0x0010db14      0x13c /opt/devkitpro/libctru/lib/libctru.a(decode_utf8.o)
                0x0010db14                decode_utf8
 .text.utf16_to_utf8
                0x0010dc50       0xe8 /opt/devkitpro/libctru/lib/libctru.a(utf16_to_utf8.o)
                0x0010dc50                utf16_to_utf8
 .text.utf8_to_utf16
                0x0010dd38       0xc0 /opt/devkitpro/libctru/lib/libctru.a(utf8_to_utf16.o)
                0x0010dd38                utf8_to_utf16
 .text.__system_allocateHeaps
                0x0010ddf8      0x1e0 /opt/devkitpro/libctru/lib/libctru.a(allocateHeaps.o)
                0x0010ddf8                __system_allocateHeaps
 .text.__libctru_init
                0x0010dfd8       0x38 /opt/devkitpro/libctru/lib/libctru.a(ctru_init.o)
                0x0010dfd8                __libctru_init
 .text.__system_initArgv
                0x0010e010      0x170 /opt/devkitpro/libctru/lib/libctru.a(initArgv.o)
                0x0010e010                __system_initArgv
 .text.__syscall_getreent
                0x0010e180       0x30 /opt/devkitpro/libctru/lib/libctru.a(syscalls.o)
                0x0010e180                __syscall_getreent
 .text.__syscall_lock_acquire
                0x0010e1b0        0x4 /opt/devkitpro/libctru/lib/libctru.a(syscalls.o)
                0x0010e1b0                __syscall_lock_acquire
 .text.__syscall_lock_release
                0x0010e1b4        0x4 /opt/devkitpro/libctru/lib/libctru.a(syscalls.o)
                0x0010e1b4                __syscall_lock_release
 .text.__syscall_lock_acquire_recursive
                0x0010e1b8        0x4 /opt/devkitpro/libctru/lib/libctru.a(syscalls.o)
                0x0010e1b8                __syscall_lock_acquire_recursive
 .text.__syscall_lock_release_recursive
                0x0010e1bc        0x4 /opt/devkitpro/libctru/lib/libctru.a(syscalls.o)
                0x0010e1bc                __syscall_lock_release_recursive
 .text.__syscall_exit
                0x0010e1c0        0x4 /opt/devkitpro/libctru/lib/libctru.a(syscalls.o)
                0x0010e1c0                __syscall_exit
 .text.initThreadVars
                0x0010e1c4       0x50 /opt/devkitpro/libctru/lib/libctru.a(syscalls.o)
                0x0010e1c4                initThreadVars
 .text.__system_initSyscalls
                0x0010e214       0x80 /opt/devkitpro/libctru/lib/libctru.a(syscalls.o)
                0x0010e214                __system_initSyscalls
 .text.svcControlMemory
                0x0010e294       0x20 /opt/devkitpro/libctru/lib/libctru.a(svc.o)
                0x0010e294                svcControlMemory
 .text.svcQueryMemory
                0x0010e2b4       0x30 /opt/devkitpro/libctru/lib/libctru.a(svc.o)
                0x0010e2b4                svcQueryMemory
 .text.svcExitProcess
                0x0010e2e4        0x8 /opt/devkitpro/libctru/lib/libctru.a(svc.o)
                0x0010e2e4                svcExitProcess
 .text.svcCreateThread
                0x0010e2ec       0x20 /opt/devkitpro/libctru/lib/libctru.a(svc.o)
                0x0010e2ec                svcCreateThread
 .text.svcExitThread
                0x0010e30c        0x8 /opt/devkitpro/libctru/lib/libctru.a(svc.o)
                0x0010e30c                svcExitThread
 .text.svcSleepThread
                0x0010e314        0x8 /opt/devkitpro/libctru/lib/libctru.a(svc.o)
                0x0010e314                svcSleepThread
 .text.svcReleaseMutex
                0x0010e31c        0x8 /opt/devkitpro/libctru/lib/libctru.a(svc.o)
                0x0010e31c                svcReleaseMutex
 .text.svcCreateEvent
                0x0010e324       0x14 /opt/devkitpro/libctru/lib/libctru.a(svc.o)
                0x0010e324                svcCreateEvent
 .text.svcSignalEvent
                0x0010e338        0x8 /opt/devkitpro/libctru/lib/libctru.a(svc.o)
                0x0010e338                svcSignalEvent
 .text.svcClearEvent
                0x0010e340        0x8 /opt/devkitpro/libctru/lib/libctru.a(svc.o)
                0x0010e340                svcClearEvent
 .text.svcMapMemoryBlock
                0x0010e348        0x8 /opt/devkitpro/libctru/lib/libctru.a(svc.o)
                0x0010e348                svcMapMemoryBlock
 .text.svcUnmapMemoryBlock
                0x0010e350        0x8 /opt/devkitpro/libctru/lib/libctru.a(svc.o)
                0x0010e350                svcUnmapMemoryBlock
 .text.svcCreateAddressArbiter
                0x0010e358       0x14 /opt/devkitpro/libctru/lib/libctru.a(svc.o)
                0x0010e358                svcCreateAddressArbiter
 .text.svcArbitrateAddressNoTimeout
                0x0010e36c        0x8 /opt/devkitpro/libctru/lib/libctru.a(svc.o)
                0x0010e36c                svcArbitrateAddressNoTimeout
 .text.svcCloseHandle
                0x0010e374        0x8 /opt/devkitpro/libctru/lib/libctru.a(svc.o)
                0x0010e374                svcCloseHandle
 .text.svcWaitSynchronization
                0x0010e37c        0x8 /opt/devkitpro/libctru/lib/libctru.a(svc.o)
                0x0010e37c                svcWaitSynchronization
 .text.svcWaitSynchronizationN
                0x0010e384       0x28 /opt/devkitpro/libctru/lib/libctru.a(svc.o)
                0x0010e384                svcWaitSynchronizationN
 .text.svcDuplicateHandle
                0x0010e3ac       0x14 /opt/devkitpro/libctru/lib/libctru.a(svc.o)
                0x0010e3ac                svcDuplicateHandle
 .text.svcGetSystemTick
                0x0010e3c0        0x8 /opt/devkitpro/libctru/lib/libctru.a(svc.o)
                0x0010e3c0                svcGetSystemTick
 .text.svcConnectToPort
                0x0010e3c8       0x14 /opt/devkitpro/libctru/lib/libctru.a(svc.o)
                0x0010e3c8                svcConnectToPort
 .text.svcSendSyncRequest
                0x0010e3dc        0x8 /opt/devkitpro/libctru/lib/libctru.a(svc.o)
                0x0010e3dc                svcSendSyncRequest
 .text.svcGetResourceLimit
                0x0010e3e4       0x14 /opt/devkitpro/libctru/lib/libctru.a(svc.o)
                0x0010e3e4                svcGetResourceLimit
 .text.svcGetResourceLimitLimitValues
                0x0010e3f8        0x8 /opt/devkitpro/libctru/lib/libctru.a(svc.o)
                0x0010e3f8                svcGetResourceLimitLimitValues
 .text.svcGetResourceLimitCurrentValues
                0x0010e400        0x8 /opt/devkitpro/libctru/lib/libctru.a(svc.o)
                0x0010e400                svcGetResourceLimitCurrentValues
 .text.svcBreak
                0x0010e408        0x8 /opt/devkitpro/libctru/lib/libctru.a(svc.o)
                0x0010e408                svcBreak
 .text.__aeabi_read_tp
                0x0010e410        0xc /opt/devkitpro/libctru/lib/libctru.a(readtp.o)
                0x0010e410                __aeabi_read_tp
 .text.initSystem
                0x0010e41c       0x50 /opt/devkitpro/libctru/lib/libctru.a(stack_adjust.o)
                0x0010e41c                initSystem
 .text.__ctru_exit
                0x0010e46c       0x14 /opt/devkitpro/libctru/lib/libctru.a(stack_adjust.o)
                0x0010e46c                __ctru_exit
 .text.envGetHandle
                0x0010e480       0x84 /opt/devkitpro/libctru/lib/libctru.a(env.o)
                0x0010e480                envGetHandle
 .text.envDestroyHandles
                0x0010e504       0x50 /opt/devkitpro/libctru/lib/libctru.a(env.o)
                0x0010e504                envDestroyHandles
 .text.srvInit  0x0010e554      0x12c /opt/devkitpro/libctru/lib/libctru.a(srv.o)
                0x0010e554                srvInit
 .text.srvExit  0x0010e680       0x58 /opt/devkitpro/libctru/lib/libctru.a(srv.o)
                0x0010e680                srvExit
 .text.srvEnableNotification
                0x0010e6d8       0x60 /opt/devkitpro/libctru/lib/libctru.a(srv.o)
                0x0010e6d8                srvEnableNotification
 .text.srvGetServiceHandleDirect
                0x0010e738       0xa0 /opt/devkitpro/libctru/lib/libctru.a(srv.o)
                0x0010e738                srvGetServiceHandleDirect
 .text.srvGetServiceHandle
                0x0010e7d8       0x38 /opt/devkitpro/libctru/lib/libctru.a(srv.o)
                0x0010e7d8                srvGetServiceHandle
 .text.srvSubscribe
                0x0010e810       0x34 /opt/devkitpro/libctru/lib/libctru.a(srv.o)
                0x0010e810                srvSubscribe
 .text.srvReceiveNotification
                0x0010e844       0x60 /opt/devkitpro/libctru/lib/libctru.a(srv.o)
                0x0010e844                srvReceiveNotification
 .text.srvPublishToSubscriber
                0x0010e8a4       0x38 /opt/devkitpro/libctru/lib/libctru.a(srv.o)
                0x0010e8a4                srvPublishToSubscriber
 .text.__sync_init
                0x0010e8dc        0xc /opt/devkitpro/libctru/lib/libctru.a(synchronization.o)
                0x0010e8dc                __sync_init
 .text.__sync_fini
                0x0010e8e8       0x18 /opt/devkitpro/libctru/lib/libctru.a(synchronization.o)
                0x0010e8e8                __sync_fini
 .text.syncArbitrateAddress
                0x0010e900       0x2c /opt/devkitpro/libctru/lib/libctru.a(synchronization.o)
                0x0010e900                syncArbitrateAddress
 .text.LightLock_Lock
                0x0010e92c       0xac /opt/devkitpro/libctru/lib/libctru.a(synchronization.o)
                0x0010e92c                LightLock_Lock
 .text.LightLock_Unlock
                0x0010e9d8       0x40 /opt/devkitpro/libctru/lib/libctru.a(synchronization.o)
                0x0010e9d8                LightLock_Unlock
 .text.RecursiveLock_Lock
                0x0010ea18       0x30 /opt/devkitpro/libctru/lib/libctru.a(synchronization.o)
                0x0010ea18                RecursiveLock_Lock
 .text.RecursiveLock_Unlock
                0x0010ea48       0x54 /opt/devkitpro/libctru/lib/libctru.a(synchronization.o)
                0x0010ea48                RecursiveLock_Unlock
 .text.LightEvent_Init
                0x0010ea9c       0x40 /opt/devkitpro/libctru/lib/libctru.a(synchronization.o)
                0x0010ea9c                LightEvent_Init
 .text.LightEvent_Clear
                0x0010eadc       0xa4 /opt/devkitpro/libctru/lib/libctru.a(synchronization.o)
                0x0010eadc                LightEvent_Clear
 .text.LightEvent_Signal
                0x0010eb80       0xc8 /opt/devkitpro/libctru/lib/libctru.a(synchronization.o)
                0x0010eb80                LightEvent_Signal
 .text.LightEvent_TryWait
                0x0010ec48       0x50 /opt/devkitpro/libctru/lib/libctru.a(synchronization.o)
                0x0010ec48                LightEvent_TryWait
 .text.LightEvent_Wait
                0x0010ec98       0xa0 /opt/devkitpro/libctru/lib/libctru.a(synchronization.o)
                0x0010ec98                LightEvent_Wait
 .text.threadCreate
                0x0010ed38      0x1d8 /opt/devkitpro/libctru/lib/libctru.a(thread.o)
                0x0010ed38                threadCreate
 .text.threadFree
                0x0010ef10       0x2c /opt/devkitpro/libctru/lib/libctru.a(thread.o)
                0x0010ef10                threadFree
 .text.threadJoin
                0x0010ef3c       0x24 /opt/devkitpro/libctru/lib/libctru.a(thread.o)
                0x0010ef3c                threadJoin
 .text.threadGetCurrent
                0x0010ef60       0x30 /opt/devkitpro/libctru/lib/libctru.a(thread.o)
                0x0010ef60                threadGetCurrent
 .text.threadExit
                0x0010ef90       0x40 /opt/devkitpro/libctru/lib/libctru.a(thread.o)
                0x0010ef90                threadExit
 .text._thread_begin
                0x0010efd0       0x20 /opt/devkitpro/libctru/lib/libctru.a(thread.o)
 .text.mappableFindAddressWithin
                0x0010eff0       0xb4 /opt/devkitpro/libctru/lib/libctru.a(mappable.o)
 .text.mappableInit
                0x0010f0a4       0x28 /opt/devkitpro/libctru/lib/libctru.a(mappable.o)
                0x0010f0a4                mappableInit
 .text.mappableAlloc
                0x0010f0cc       0x80 /opt/devkitpro/libctru/lib/libctru.a(mappable.o)
                0x0010f0cc                mappableAlloc
 .text.mappableFree
                0x0010f14c        0x4 /opt/devkitpro/libctru/lib/libctru.a(mappable.o)
                0x0010f14c                mappableFree
 .text.srvPmGetSessionHandle
                0x0010f150        0xc /opt/devkitpro/libctru/lib/libctru.a(srvpm.o)
                0x0010f150                srvPmGetSessionHandle
 .text.rbtree_node_next
                0x0010f15c       0x5c /opt/devkitpro/libctru/lib/libctru.a(rbtree_iterator.o)
                0x0010f15c                rbtree_node_next
 .text.decode_utf16
                0x0010f1b8       0x64 /opt/devkitpro/libctru/lib/libctru.a(decode_utf16.o)
                0x0010f1b8                decode_utf16
 .text.encode_utf16
                0x0010f21c       0x54 /opt/devkitpro/libctru/lib/libctru.a(encode_utf16.o)
                0x0010f21c                encode_utf16
 .text.encode_utf8
                0x0010f270       0xe0 /opt/devkitpro/libctru/lib/libctru.a(encode_utf8.o)
                0x0010f270                encode_utf8
 .text.__appExit
                0x0010f350       0x30 /opt/devkitpro/libctru/lib/libctru.a(appExit.o)
                0x0010f350                __appExit
 .text.__appInit
                0x0010f380       0x30 /opt/devkitpro/libctru/lib/libctru.a(appInit.o)
                0x0010f380                __appInit
 .text.__libctru_exit
                0x0010f3b0       0x90 /opt/devkitpro/libctru/lib/libctru.a(ctru_exit.o)
                0x0010f3b0                __libctru_exit
 .text.archive_link
                0x0010f440       0x14 /opt/devkitpro/libctru/lib/libctru.a(archive_dev.o)
 .text.archive_dirreset
                0x0010f454       0x14 /opt/devkitpro/libctru/lib/libctru.a(archive_dev.o)
 .text.archive_chmod
                0x0010f468       0x14 /opt/devkitpro/libctru/lib/libctru.a(archive_dev.o)
 .text.error_cmp
                0x0010f47c       0x24 /opt/devkitpro/libctru/lib/libctru.a(archive_dev.o)
 .text.archive_translate_error
                0x0010f4a0       0x50 /opt/devkitpro/libctru/lib/libctru.a(archive_dev.o)
 .text.archive_seek
                0x0010f4f0       0xc8 /opt/devkitpro/libctru/lib/libctru.a(archive_dev.o)
 .text._archiveInit.part.0
                0x0010f5b8       0x7c /opt/devkitpro/libctru/lib/libctru.a(archive_dev.o)
 .text.archiveFindDevice.part.0
                0x0010f634       0xc4 /opt/devkitpro/libctru/lib/libctru.a(archive_dev.o)
 .text.archive_utf16path
                0x0010f6f8      0x280 /opt/devkitpro/libctru/lib/libctru.a(archive_dev.o)
 .text._archiveUnmountDeviceStruct.part.0
                0x0010f978       0x9c /opt/devkitpro/libctru/lib/libctru.a(archive_dev.o)
 .text.archive_fchmod
                0x0010fa14       0x14 /opt/devkitpro/libctru/lib/libctru.a(archive_dev.o)
 .text.archive_statvfs
                0x0010fa28       0x14 /opt/devkitpro/libctru/lib/libctru.a(archive_dev.o)
 .text._archiveMountDevice
                0x0010fa3c      0x164 /opt/devkitpro/libctru/lib/libctru.a(archive_dev.o)
 .text.archive_diropen
                0x0010fba0       0xe8 /opt/devkitpro/libctru/lib/libctru.a(archive_dev.o)
 .text.archive_fstat
                0x0010fc88       0xa4 /opt/devkitpro/libctru/lib/libctru.a(archive_dev.o)
 .text.archive_fsync
                0x0010fd2c       0x6c /opt/devkitpro/libctru/lib/libctru.a(archive_dev.o)
 .text.archive_close
                0x0010fd98       0x6c /opt/devkitpro/libctru/lib/libctru.a(archive_dev.o)
 .text.archive_dirclose
                0x0010fe04       0x70 /opt/devkitpro/libctru/lib/libctru.a(archive_dev.o)
 .text.sdmc_statvfs
                0x0010fe74       0xe8 /opt/devkitpro/libctru/lib/libctru.a(archive_dev.o)
 .text.archive_chdir
                0x0010ff5c       0xec /opt/devkitpro/libctru/lib/libctru.a(archive_dev.o)
 .text.archive_ftruncate
                0x00110048       0x7c /opt/devkitpro/libctru/lib/libctru.a(archive_dev.o)
 .text.archive_read
                0x001100c4       0xac /opt/devkitpro/libctru/lib/libctru.a(archive_dev.o)
 .text.archive_unlink
                0x00110170       0xa4 /opt/devkitpro/libctru/lib/libctru.a(archive_dev.o)
 .text.archive_rmdir
                0x00110214       0xbc /opt/devkitpro/libctru/lib/libctru.a(archive_dev.o)
 .text.archive_mkdir
                0x001102d0       0xdc /opt/devkitpro/libctru/lib/libctru.a(archive_dev.o)
 .text.archive_stat
                0x001103ac      0x194 /opt/devkitpro/libctru/lib/libctru.a(archive_dev.o)
 .text.archive_dirnext
                0x00110540      0x160 /opt/devkitpro/libctru/lib/libctru.a(archive_dev.o)
 .text.archive_write
                0x001106a0      0x124 /opt/devkitpro/libctru/lib/libctru.a(archive_dev.o)
 .text.archive_open
                0x001107c4      0x20c /opt/devkitpro/libctru/lib/libctru.a(archive_dev.o)
 .text.archive_rename
                0x001109d0      0x278 /opt/devkitpro/libctru/lib/libctru.a(archive_dev.o)
 .text.archiveMountSdmc
                0x00110c48      0x19c /opt/devkitpro/libctru/lib/libctru.a(archive_dev.o)
                0x00110c48                archiveMountSdmc
 .text.archiveUnmountAll
                0x00110de4       0x54 /opt/devkitpro/libctru/lib/libctru.a(archive_dev.o)
                0x00110de4                archiveUnmountAll
 .text.ceilf    0x00110e38       0xc0 /opt/devkitpro/devkitARM/bin/../lib/gcc/arm-none-eabi/13.2.0/../../../../arm-none-eabi/lib/armv6k/fpu/libm.a(libm_a-sf_ceil.o)
                0x00110e38                ceilf
 .text.__udivmoddi4
                0x00110ef8      0x120 /opt/devkitpro/devkitARM/bin/../lib/gcc/arm-none-eabi/13.2.0/armv6k/fpu/libgcc.a(_udivmoddi4.o)
                0x00110ef8                __udivmoddi4
 .text.strncmp  0x00111018       0xe4 /opt/devkitpro/devkitARM/bin/../lib/gcc/arm-none-eabi/13.2.0/../../../../arm-none-eabi/lib/armv6k/fpu/libg.a(libc_a-strncmp.o)
                0x00111018                strncmp
 .text.strchr   0x001110fc      0x130 /opt/devkitpro/devkitARM/bin/../lib/gcc/arm-none-eabi/13.2.0/../../../../arm-none-eabi/lib/armv6k/fpu/libg.a(libc_a-strchr.o)
                0x001110fc                strchr
 .text.strlen   0x0011122c       0x5c /opt/devkitpro/devkitARM/bin/../lib/gcc/arm-none-eabi/13.2.0/../../../../arm-none-eabi/lib/armv6k/fpu/libg.a(libc_a-strlen-stub.o)
                0x0011122c                strlen
 .text._strtoul_l.isra.0
                0x00111288      0x1d8 /opt/devkitpro/devkitARM/bin/../lib/gcc/arm-none-eabi/13.2.0/../../../../arm-none-eabi/lib/armv6k/fpu/libg.a(libc_a-strtoul.o)
 .text.strtoul  0x00111460       0x34 /opt/devkitpro/devkitARM/bin/../lib/gcc/arm-none-eabi/13.2.0/../../../../arm-none-eabi/lib/armv6k/fpu/libg.a(libc_a-strtoul.o)
                0x00111460                strtoul
 .text.strncat  0x00111494       0xe4 /opt/devkitpro/devkitARM/bin/../lib/gcc/arm-none-eabi/13.2.0/../../../../arm-none-eabi/lib/armv6k/fpu/libg.a(libc_a-strncat.o)
                0x00111494                strncat
 .text.bsearch  0x00111578       0x78 /opt/devkitpro/devkitARM/bin/../lib/gcc/arm-none-eabi/13.2.0/../../../../arm-none-eabi/lib/armv6k/fpu/libg.a(libc_a-bsearch.o)
                0x00111578                bsearch
 .text.calloc   0x001115f0       0x20 /opt/devkitpro/devkitARM/bin/../lib/gcc/arm-none-eabi/13.2.0/../../../../arm-none-eabi/lib/armv6k/fpu/libg.a(libc_a-calloc.o)
                0x001115f0                calloc
 .text.qsort    0x00111610      0x974 /opt/devkitpro/devkitARM/bin/../lib/gcc/arm-none-eabi/13.2.0/../../../../arm-none-eabi/lib/armv6k/fpu/libg.a(libc_a-qsort.o)
                0x00111610                qsort
 .text._fclose_r
                0x00111f84      0x148 /opt/devkitpro/devkitARM/bin/../lib/gcc/arm-none-eabi/13.2.0/../../../../arm-none-eabi/lib/armv6k/fpu/libg.a(libc_a-fclose.o)
                0x00111f84                _fclose_r
 .text._calloc_r
                0x001120cc       0xc0 /opt/devkitpro/devkitARM/bin/../lib/gcc/arm-none-eabi/13.2.0/../../../../arm-none-eabi/lib/armv6k/fpu/libg.a(libc_a-callocr.o)
                0x001120cc                _calloc_r
 .text.__smakebuf_r
                0x0011218c      0x12c /opt/devkitpro/devkitARM/bin/../lib/gcc/arm-none-eabi/13.2.0/../../../../arm-none-eabi/lib/armv6k/fpu/libg.a(libc_a-makebuf.o)
                0x0011218c                __smakebuf_r
 .text.memalign
                0x001122b8       0x20 /opt/devkitpro/devkitARM/bin/../lib/gcc/arm-none-eabi/13.2.0/../../../../arm-none-eabi/lib/armv6k/fpu/libg.a(libc_a-malign.o)
                0x001122b8                memalign
 .text.stdio_exit_handler
                0x001122d8       0x1c /opt/devkitpro/devkitARM/bin/../lib/gcc/arm-none-eabi/13.2.0/../../../../arm-none-eabi/lib/armv6k/fpu/libg.a(libc_a-findfp.o)
 .text.cleanup_stdio
                0x001122f4       0x5c /opt/devkitpro/devkitARM/bin/../lib/gcc/arm-none-eabi/13.2.0/../../../../arm-none-eabi/lib/armv6k/fpu/libg.a(libc_a-findfp.o)
 .text.global_stdio_init.part.0
                0x00112350      0x154 /opt/devkitpro/devkitARM/bin/../lib/gcc/arm-none-eabi/13.2.0/../../../../arm-none-eabi/lib/armv6k/fpu/libg.a(libc_a-findfp.o)
 .text.__sinit  0x001124a4       0x5c /opt/devkitpro/devkitARM/bin/../lib/gcc/arm-none-eabi/13.2.0/../../../../arm-none-eabi/lib/armv6k/fpu/libg.a(libc_a-findfp.o)
                0x001124a4                __sinit
 .text.__sfp_lock_acquire
                0x00112500        0xc /opt/devkitpro/devkitARM/bin/../lib/gcc/arm-none-eabi/13.2.0/../../../../arm-none-eabi/lib/armv6k/fpu/libg.a(libc_a-findfp.o)
                0x00112500                __sfp_lock_acquire
 .text.__sfp_lock_release
                0x0011250c        0xc /opt/devkitpro/devkitARM/bin/../lib/gcc/arm-none-eabi/13.2.0/../../../../arm-none-eabi/lib/armv6k/fpu/libg.a(libc_a-findfp.o)
                0x0011250c                __sfp_lock_release
 .text._malloc_r
                0x00112518      0x79c /opt/devkitpro/devkitARM/bin/../lib/gcc/arm-none-eabi/13.2.0/../../../../arm-none-eabi/lib/armv6k/fpu/libg.a(libc_a-mallocr.o)
                0x00112518                _malloc_r
 .text._malloc_trim_r
                0x00112cb4       0xf8 /opt/devkitpro/devkitARM/bin/../lib/gcc/arm-none-eabi/13.2.0/../../../../arm-none-eabi/lib/armv6k/fpu/libg.a(libc_a-freer.o)
                0x00112cb4                _malloc_trim_r
 .text._free_r  0x00112dac      0x2e8 /opt/devkitpro/devkitARM/bin/../lib/gcc/arm-none-eabi/13.2.0/../../../../arm-none-eabi/lib/armv6k/fpu/libg.a(libc_a-freer.o)
                0x00112dac                _free_r
 .text.strnlen  0x00113094       0x48 /opt/devkitpro/devkitARM/bin/../lib/gcc/arm-none-eabi/13.2.0/../../../../arm-none-eabi/lib/armv6k/fpu/libg.a(libc_a-strnlen.o)
                0x00113094                strnlen
 .text.__errno  0x001130dc        0xc /opt/devkitpro/devkitARM/bin/../lib/gcc/arm-none-eabi/13.2.0/../../../../arm-none-eabi/lib/armv6k/fpu/libg.a(libc_a-errno.o)
                0x001130dc                __errno
 .text.malloc   0x001130e8       0x18 /opt/devkitpro/devkitARM/bin/../lib/gcc/arm-none-eabi/13.2.0/../../../../arm-none-eabi/lib/armv6k/fpu/libg.a(libc_a-malloc.o)
                0x001130e8                malloc
 .text.free     0x00113100       0x18 /opt/devkitpro/devkitARM/bin/../lib/gcc/arm-none-eabi/13.2.0/../../../../arm-none-eabi/lib/armv6k/fpu/libg.a(libc_a-malloc.o)
                0x00113100                free
 .text.memcpy   0x00113118      0x11c /opt/devkitpro/devkitARM/bin/../lib/gcc/arm-none-eabi/13.2.0/../../../../arm-none-eabi/lib/armv6k/fpu/libg.a(libc_a-memcpy-stub.o)
                0x00113118                memcpy
 .text.memset   0x00113234       0xf4 /opt/devkitpro/devkitARM/bin/../lib/gcc/arm-none-eabi/13.2.0/../../../../arm-none-eabi/lib/armv6k/fpu/libg.a(libc_a-memset.o)
                0x00113234                memset
 .text._realloc_r
                0x00113328      0x4a0 /opt/devkitpro/devkitARM/bin/../lib/gcc/arm-none-eabi/13.2.0/../../../../arm-none-eabi/lib/armv6k/fpu/libg.a(libc_a-reallocr.o)
                0x00113328                _realloc_r
 .text._fwalk_sglue
                0x001137c8       0x70 /opt/devkitpro/devkitARM/bin/../lib/gcc/arm-none-eabi/13.2.0/../../../../arm-none-eabi/lib/armv6k/fpu/libg.a(libc_a-fwalk.o)
                0x001137c8                _fwalk_sglue
 .text.__malloc_lock
                0x00113838        0xc /opt/devkitpro/devkitARM/bin/../lib/gcc/arm-none-eabi/13.2.0/../../../../arm-none-eabi/lib/armv6k/fpu/libg.a(libc_a-mlock.o)
                0x00113838                __malloc_lock
 .text.__malloc_unlock
                0x00113844        0xc /opt/devkitpro/devkitARM/bin/../lib/gcc/arm-none-eabi/13.2.0/../../../../arm-none-eabi/lib/armv6k/fpu/libg.a(libc_a-mlock.o)
                0x00113844                __malloc_unlock
 .text.__call_exitprocs
                0x00113850        0x4 /opt/devkitpro/devkitARM/bin/../lib/gcc/arm-none-eabi/13.2.0/../../../../arm-none-eabi/lib/armv6k/fpu/libg.a(libc_a-exit.o)
                0x00113850                __call_exitprocs
 .text.exit     0x00113854       0x30 /opt/devkitpro/devkitARM/bin/../lib/gcc/arm-none-eabi/13.2.0/../../../../arm-none-eabi/lib/armv6k/fpu/libg.a(libc_a-exit.o)
                0x00113854                exit
 .text.snprintf
                0x00113884       0xd4 /opt/devkitpro/devkitARM/bin/../lib/gcc/arm-none-eabi/13.2.0/../../../../arm-none-eabi/lib/armv6k/fpu/libg.a(libc_a-snprintf.o)
                0x00113884                snprintf
 .text.strncpy  0x00113958       0xc4 /opt/devkitpro/devkitARM/bin/../lib/gcc/arm-none-eabi/13.2.0/../../../../arm-none-eabi/lib/armv6k/fpu/libg.a(libc_a-strncpy.o)
                0x00113958                strncpy
 .text.__libc_init_array
                0x00113a1c       0x84 /opt/devkitpro/devkitARM/bin/../lib/gcc/arm-none-eabi/13.2.0/../../../../arm-none-eabi/lib/armv6k/fpu/libg.a(libc_a-init.o)
                0x00113a1c                __libc_init_array
 .text.__sflush_r
                0x00113aa0      0x22c /opt/devkitpro/devkitARM/bin/../lib/gcc/arm-none-eabi/13.2.0/../../../../arm-none-eabi/lib/armv6k/fpu/libg.a(libc_a-fflush.o)
                0x00113aa0                __sflush_r
 .text._fflush_r
                0x00113ccc       0x94 /opt/devkitpro/devkitARM/bin/../lib/gcc/arm-none-eabi/13.2.0/../../../../arm-none-eabi/lib/armv6k/fpu/libg.a(libc_a-fflush.o)
                0x00113ccc                _fflush_r
 .text.memmove  0x00113d60      0x150 /opt/devkitpro/devkitARM/bin/../lib/gcc/arm-none-eabi/13.2.0/../../../../arm-none-eabi/lib/armv6k/fpu/libg.a(libc_a-memmove.o)
                0x00113d60                memmove
 .text._memalign_r
                0x00113eb0      0x14c /opt/devkitpro/devkitARM/bin/../lib/gcc/arm-none-eabi/13.2.0/../../../../arm-none-eabi/lib/armv6k/fpu/libg.a(libc_a-malignr.o)
                0x00113eb0                _memalign_r
 .text.__libc_fini_array
                0x00113ffc       0x3c /opt/devkitpro/devkitARM/bin/../lib/gcc/arm-none-eabi/13.2.0/../../../../arm-none-eabi/lib/armv6k/fpu/libg.a(libc_a-fini.o)
                0x00113ffc                __libc_fini_array
 .text.__sread  0x00114038       0x44 /opt/devkitpro/devkitARM/bin/../lib/gcc/arm-none-eabi/13.2.0/../../../../arm-none-eabi/lib/armv6k/fpu/libg.a(libc_a-stdio.o)
                0x00114038                __sread
 .text.__swrite
                0x0011407c       0x68 /opt/devkitpro/devkitARM/bin/../lib/gcc/arm-none-eabi/13.2.0/../../../../arm-none-eabi/lib/armv6k/fpu/libg.a(libc_a-stdio.o)
                0x0011407c                __swrite
 .text.__sseek  0x001140e4       0x44 /opt/devkitpro/devkitARM/bin/../lib/gcc/arm-none-eabi/13.2.0/../../../../arm-none-eabi/lib/armv6k/fpu/libg.a(libc_a-stdio.o)
                0x001140e4                __sseek
 .text.__sclose
                0x00114128        0x8 /opt/devkitpro/devkitARM/bin/../lib/gcc/arm-none-eabi/13.2.0/../../../../arm-none-eabi/lib/armv6k/fpu/libg.a(libc_a-stdio.o)
                0x00114128                __sclose
 .text.get_arg  0x00114130      0x64c /opt/devkitpro/devkitARM/bin/../lib/gcc/arm-none-eabi/13.2.0/../../../../arm-none-eabi/lib/armv6k/fpu/libg.a(libc_a-svfprintf.o)
 *fill*         0x0011477c        0x4 
 .text._svfprintf_r
                0x00114780     0x3324 /opt/devkitpro/devkitARM/bin/../lib/gcc/arm-none-eabi/13.2.0/../../../../arm-none-eabi/lib/armv6k/fpu/libg.a(libc_a-svfprintf.o)
                0x00114780                _svfprintf_r
 .text._wcsrtombs_r
                0x00117aa4       0x28 /opt/devkitpro/devkitARM/bin/../lib/gcc/arm-none-eabi/13.2.0/../../../../arm-none-eabi/lib/armv6k/fpu/libg.a(libc_a-wcsrtombs.o)
                0x00117aa4                _wcsrtombs_r
 *fill*         0x00117acc        0x4 
 .text.frexp    0x00117ad0       0x88 /opt/devkitpro/devkitARM/bin/../lib/gcc/arm-none-eabi/13.2.0/../../../../arm-none-eabi/lib/armv6k/fpu/libg.a(libm_a-s_frexp.o)
                0x00117ad0                frexp
 .text.__locale_mb_cur_max
                0x00117b58       0x24 /opt/devkitpro/devkitARM/bin/../lib/gcc/arm-none-eabi/13.2.0/../../../../arm-none-eabi/lib/armv6k/fpu/libg.a(libc_a-locale.o)
                0x00117b58                __locale_mb_cur_max
 .text.__ssprint_r
                0x00117b7c       0xa4 /opt/devkitpro/devkitARM/bin/../lib/gcc/arm-none-eabi/13.2.0/../../../../arm-none-eabi/lib/armv6k/fpu/libg.a(libc_a-ssprint_r.o)
                0x00117b7c                __ssprint_r
 .text.memchr   0x00117c20       0xe0 /opt/devkitpro/devkitARM/bin/../lib/gcc/arm-none-eabi/13.2.0/../../../../arm-none-eabi/lib/armv6k/fpu/libg.a(libc_a-memchr-stub.o)
                0x00117c20                memchr
 .text._wcsnrtombs_l
                0x00117d00      0x188 /opt/devkitpro/devkitARM/bin/../lib/gcc/arm-none-eabi/13.2.0/../../../../arm-none-eabi/lib/armv6k/fpu/libg.a(libc_a-wcsnrtombs.o)
                0x00117d00                _wcsnrtombs_l
 .text._wcsnrtombs_r
                0x00117e88       0x64 /opt/devkitpro/devkitARM/bin/../lib/gcc/arm-none-eabi/13.2.0/../../../../arm-none-eabi/lib/armv6k/fpu/libg.a(libc_a-wcsnrtombs.o)
                0x00117e88                _wcsnrtombs_r
 .text.__utf8_mbtowc
                0x00117eec      0x2f8 /opt/devkitpro/devkitARM/bin/../lib/gcc/arm-none-eabi/13.2.0/../../../../arm-none-eabi/lib/armv6k/fpu/libg.a(libc_a-mbtowc_r.o)
                0x00117eec                __utf8_mbtowc
 .text._localeconv_r
                0x001181e4       0x24 /opt/devkitpro/devkitARM/bin/../lib/gcc/arm-none-eabi/13.2.0/../../../../arm-none-eabi/lib/armv6k/fpu/libg.a(libc_a-localeconv.o)
                0x001181e4                _localeconv_r
 .text.quorem   0x00118208      0x1b4 /opt/devkitpro/devkitARM/bin/../lib/gcc/arm-none-eabi/13.2.0/../../../../arm-none-eabi/lib/armv6k/fpu/libg.a(libc_a-dtoa.o)
 *fill*         0x001183bc        0x4 
 .text._dtoa_r  0x001183c0     0x1218 /opt/devkitpro/devkitARM/bin/../lib/gcc/arm-none-eabi/13.2.0/../../../../arm-none-eabi/lib/armv6k/fpu/libg.a(libc_a-dtoa.o)
                0x001183c0                _dtoa_r
 .text._wcrtomb_r
                0x001195d8       0xa0 /opt/devkitpro/devkitARM/bin/../lib/gcc/arm-none-eabi/13.2.0/../../../../arm-none-eabi/lib/armv6k/fpu/libg.a(libc_a-wcrtomb.o)
                0x001195d8                _wcrtomb_r
 .text.__ssputs_r
                0x00119678      0x128 /opt/devkitpro/devkitARM/bin/../lib/gcc/arm-none-eabi/13.2.0/../../../../arm-none-eabi/lib/armv6k/fpu/libg.a(libc_a-ssputs_r.o)
                0x00119678                __ssputs_r
 .text.__utf8_wctomb
                0x001197a0       0xf0 /opt/devkitpro/devkitARM/bin/../lib/gcc/arm-none-eabi/13.2.0/../../../../arm-none-eabi/lib/armv6k/fpu/libg.a(libc_a-wctomb_r.o)
                0x001197a0                __utf8_wctomb
 .text.__assert_func
                0x00119890       0x5c /opt/devkitpro/devkitARM/bin/../lib/gcc/arm-none-eabi/13.2.0/../../../../arm-none-eabi/lib/armv6k/fpu/libg.a(libc_a-assert.o)
                0x00119890                __assert_func
 .text._Balloc  0x001198ec       0x88 /opt/devkitpro/devkitARM/bin/../lib/gcc/arm-none-eabi/13.2.0/../../../../arm-none-eabi/lib/armv6k/fpu/libg.a(libc_a-mprec.o)
                0x001198ec                _Balloc
 .text._Bfree   0x00119974       0x1c /opt/devkitpro/devkitARM/bin/../lib/gcc/arm-none-eabi/13.2.0/../../../../arm-none-eabi/lib/armv6k/fpu/libg.a(libc_a-mprec.o)
                0x00119974                _Bfree
 .text.__multadd
                0x00119990       0xf4 /opt/devkitpro/devkitARM/bin/../lib/gcc/arm-none-eabi/13.2.0/../../../../arm-none-eabi/lib/armv6k/fpu/libg.a(libc_a-mprec.o)
                0x00119990                __multadd
 .text.__hi0bits
                0x00119a84       0x60 /opt/devkitpro/devkitARM/bin/../lib/gcc/arm-none-eabi/13.2.0/../../../../arm-none-eabi/lib/armv6k/fpu/libg.a(libc_a-mprec.o)
                0x00119a84                __hi0bits
 .text.__lo0bits
                0x00119ae4       0x9c /opt/devkitpro/devkitARM/bin/../lib/gcc/arm-none-eabi/13.2.0/../../../../arm-none-eabi/lib/armv6k/fpu/libg.a(libc_a-mprec.o)
                0x00119ae4                __lo0bits
 .text.__i2b    0x00119b80       0xa4 /opt/devkitpro/devkitARM/bin/../lib/gcc/arm-none-eabi/13.2.0/../../../../arm-none-eabi/lib/armv6k/fpu/libg.a(libc_a-mprec.o)
                0x00119b80                __i2b
 .text.__multiply
                0x00119c24      0x204 /opt/devkitpro/devkitARM/bin/../lib/gcc/arm-none-eabi/13.2.0/../../../../arm-none-eabi/lib/armv6k/fpu/libg.a(libc_a-mprec.o)
                0x00119c24                __multiply
 .text.__pow5mult
                0x00119e28      0x128 /opt/devkitpro/devkitARM/bin/../lib/gcc/arm-none-eabi/13.2.0/../../../../arm-none-eabi/lib/armv6k/fpu/libg.a(libc_a-mprec.o)
                0x00119e28                __pow5mult
 .text.__lshift
                0x00119f50      0x140 /opt/devkitpro/devkitARM/bin/../lib/gcc/arm-none-eabi/13.2.0/../../../../arm-none-eabi/lib/armv6k/fpu/libg.a(libc_a-mprec.o)
                0x00119f50                __lshift
 .text.__mcmp   0x0011a090       0x58 /opt/devkitpro/devkitARM/bin/../lib/gcc/arm-none-eabi/13.2.0/../../../../arm-none-eabi/lib/armv6k/fpu/libg.a(libc_a-mprec.o)
                0x0011a090                __mcmp
 .text.__mdiff  0x0011a0e8      0x1fc /opt/devkitpro/devkitARM/bin/../lib/gcc/arm-none-eabi/13.2.0/../../../../arm-none-eabi/lib/armv6k/fpu/libg.a(libc_a-mprec.o)
                0x0011a0e8                __mdiff
 .text.__d2b    0x0011a2e4      0x124 /opt/devkitpro/devkitARM/bin/../lib/gcc/arm-none-eabi/13.2.0/../../../../arm-none-eabi/lib/armv6k/fpu/libg.a(libc_a-mprec.o)
                0x0011a2e4                __d2b
 .text.fiprintf
                0x0011a408       0x3c /opt/devkitpro/devkitARM/bin/../lib/gcc/arm-none-eabi/13.2.0/../../../../arm-none-eabi/lib/armv6k/fpu/libg.a(libc_a-fiprintf.o)
                0x0011a408                fiprintf
 .text.abort    0x0011a444       0x14 /opt/devkitpro/devkitARM/bin/../lib/gcc/arm-none-eabi/13.2.0/../../../../arm-none-eabi/lib/armv6k/fpu/libg.a(libc_a-abort.o)
                0x0011a444                abort
 .text._raise_r
                0x0011a458       0x90 /opt/devkitpro/devkitARM/bin/../lib/gcc/arm-none-eabi/13.2.0/../../../../arm-none-eabi/lib/armv6k/fpu/libg.a(libc_a-signal.o)
                0x0011a458                _raise_r
 .text.raise    0x0011a4e8       0x18 /opt/devkitpro/devkitARM/bin/../lib/gcc/arm-none-eabi/13.2.0/../../../../arm-none-eabi/lib/armv6k/fpu/libg.a(libc_a-signal.o)
                0x0011a4e8                raise
 .text.get_arg  0x0011a500      0x64c /opt/devkitpro/devkitARM/bin/../lib/gcc/arm-none-eabi/13.2.0/../../../../arm-none-eabi/lib/armv6k/fpu/libg.a(libc_a-vfiprintf.o)
 .text._vfiprintf_r
                0x0011ab4c     0x2300 /opt/devkitpro/devkitARM/bin/../lib/gcc/arm-none-eabi/13.2.0/../../../../arm-none-eabi/lib/armv6k/fpu/libg.a(libc_a-vfiprintf.o)
                0x0011ab4c                _vfiprintf_r
 .text.__sbprintf
                0x0011ce4c       0xb8 /opt/devkitpro/devkitARM/bin/../lib/gcc/arm-none-eabi/13.2.0/../../../../arm-none-eabi/lib/armv6k/fpu/libg.a(libc_a-vfiprintf.o)
 .text.__sprint_r
                0x0011cf04       0x30 /opt/devkitpro/devkitARM/bin/../lib/gcc/arm-none-eabi/13.2.0/../../../../arm-none-eabi/lib/armv6k/fpu/libg.a(libc_a-sprint_r.o)
                0x0011cf04                __sprint_r
 .text.__swsetup_r
                0x0011cf34      0x138 /opt/devkitpro/devkitARM/bin/../lib/gcc/arm-none-eabi/13.2.0/../../../../arm-none-eabi/lib/armv6k/fpu/libg.a(libc_a-wsetup.o)
                0x0011cf34                __swsetup_r
 .text.__sfvwrite_r
                0x0011d06c      0x4b4 /opt/devkitpro/devkitARM/bin/../lib/gcc/arm-none-eabi/13.2.0/../../../../arm-none-eabi/lib/armv6k/fpu/libg.a(libc_a-fvwrite.o)
                0x0011d06c                __sfvwrite_r
 .text._exit    0x0011d520       0x20 /opt/devkitpro/devkitARM/bin/../lib/gcc/arm-none-eabi/13.2.0/../../../../arm-none-eabi/lib/armv6k/fpu/libsysbase.a(libsysbase_libsysbase_a-_exit.o)
                0x0011d520                _exit
 .text.chdir    0x0011d540      0x13c /opt/devkitpro/devkitARM/bin/../lib/gcc/arm-none-eabi/13.2.0/../../../../arm-none-eabi/lib/armv6k/fpu/libsysbase.a(libsysbase_libsysbase_a-chdir.o)
                0x0011d540                chdir
 .text._concatenate_path
                0x0011d67c      0x1cc /opt/devkitpro/devkitARM/bin/../lib/gcc/arm-none-eabi/13.2.0/../../../../arm-none-eabi/lib/armv6k/fpu/libsysbase.a(libsysbase_libsysbase_a-concatenate.o)
                0x0011d67c                _concatenate_path
 .text._fstat_r
                0x0011d848       0x78 /opt/devkitpro/devkitARM/bin/../lib/gcc/arm-none-eabi/13.2.0/../../../../arm-none-eabi/lib/armv6k/fpu/libsysbase.a(libsysbase_libsysbase_a-fstat.o)
                0x0011d848                _fstat_r
 .text._getpid_r
                0x0011d8c0       0x14 /opt/devkitpro/devkitARM/bin/../lib/gcc/arm-none-eabi/13.2.0/../../../../arm-none-eabi/lib/armv6k/fpu/libsysbase.a(libsysbase_libsysbase_a-getpid.o)
                0x0011d8c0                _getpid_r
 .text.__getreent
                0x0011d8d4       0x2c /opt/devkitpro/devkitARM/bin/../lib/gcc/arm-none-eabi/13.2.0/../../../../arm-none-eabi/lib/armv6k/fpu/libsysbase.a(libsysbase_libsysbase_a-getreent.o)
                0x0011d8d4                __getreent
 .text.__get_handle
                0x0011d900       0x3c /opt/devkitpro/devkitARM/bin/../lib/gcc/arm-none-eabi/13.2.0/../../../../arm-none-eabi/lib/armv6k/fpu/libsysbase.a(libsysbase_libsysbase_a-handle_manager.o)
                0x0011d900                __get_handle
 .text._close_r
                0x0011d93c       0xf4 /opt/devkitpro/devkitARM/bin/../lib/gcc/arm-none-eabi/13.2.0/../../../../arm-none-eabi/lib/armv6k/fpu/libsysbase.a(libsysbase_libsysbase_a-handle_manager.o)
                0x0011d93c                _close_r
 .text.null_write
                0x0011da30        0x8 /opt/devkitpro/devkitARM/bin/../lib/gcc/arm-none-eabi/13.2.0/../../../../arm-none-eabi/lib/armv6k/fpu/libsysbase.a(libsysbase_libsysbase_a-iosupport.o)
 .text.setDefaultDevice
                0x0011da38       0x18 /opt/devkitpro/devkitARM/bin/../lib/gcc/arm-none-eabi/13.2.0/../../../../arm-none-eabi/lib/armv6k/fpu/libsysbase.a(libsysbase_libsysbase_a-iosupport.o)
                0x0011da38                setDefaultDevice
 .text.FindDevice
                0x0011da50       0xc8 /opt/devkitpro/devkitARM/bin/../lib/gcc/arm-none-eabi/13.2.0/../../../../arm-none-eabi/lib/armv6k/fpu/libsysbase.a(libsysbase_libsysbase_a-iosupport.o)
                0x0011da50                FindDevice
 .text.RemoveDevice
                0x0011db18       0x28 /opt/devkitpro/devkitARM/bin/../lib/gcc/arm-none-eabi/13.2.0/../../../../arm-none-eabi/lib/armv6k/fpu/libsysbase.a(libsysbase_libsysbase_a-iosupport.o)
                0x0011db18                RemoveDevice
 .text.AddDevice
                0x0011db40       0x9c /opt/devkitpro/devkitARM/bin/../lib/gcc/arm-none-eabi/13.2.0/../../../../arm-none-eabi/lib/armv6k/fpu/libsysbase.a(libsysbase_libsysbase_a-iosupport.o)
                0x0011db40                AddDevice
 .text.GetDeviceOpTab
                0x0011dbdc       0x20 /opt/devkitpro/devkitARM/bin/../lib/gcc/arm-none-eabi/13.2.0/../../../../arm-none-eabi/lib/armv6k/fpu/libsysbase.a(libsysbase_libsysbase_a-iosupport.o)
                0x0011dbdc                GetDeviceOpTab
 .text._isatty_r
                0x0011dbfc        0x8 /opt/devkitpro/devkitARM/bin/../lib/gcc/arm-none-eabi/13.2.0/../../../../arm-none-eabi/lib/armv6k/fpu/libsysbase.a(libsysbase_libsysbase_a-isatty.o)
                0x0011dbfc                _isatty_r
 .text._kill_r  0x0011dc04       0x14 /opt/devkitpro/devkitARM/bin/../lib/gcc/arm-none-eabi/13.2.0/../../../../arm-none-eabi/lib/armv6k/fpu/libsysbase.a(libsysbase_libsysbase_a-kill.o)
                0x0011dc04                _kill_r
 .text._lseek_r
                0x0011dc18       0x84 /opt/devkitpro/devkitARM/bin/../lib/gcc/arm-none-eabi/13.2.0/../../../../arm-none-eabi/lib/armv6k/fpu/libsysbase.a(libsysbase_libsysbase_a-lseek.o)
                0x0011dc18                _lseek_r
 .text._read_r  0x0011dc9c       0x80 /opt/devkitpro/devkitARM/bin/../lib/gcc/arm-none-eabi/13.2.0/../../../../arm-none-eabi/lib/armv6k/fpu/libsysbase.a(libsysbase_libsysbase_a-read.o)
                0x0011dc9c                _read_r
 .text._sbrk_r  0x0011dd1c       0x78 /opt/devkitpro/devkitARM/bin/../lib/gcc/arm-none-eabi/13.2.0/../../../../arm-none-eabi/lib/armv6k/fpu/libsysbase.a(libsysbase_libsysbase_a-sbrk.o)
                0x0011dd1c                _sbrk_r
 .text.__libc_lock_acquire
                0x0011dd94       0x1c /opt/devkitpro/devkitARM/bin/../lib/gcc/arm-none-eabi/13.2.0/../../../../arm-none-eabi/lib/armv6k/fpu/libsysbase.a(libsysbase_libsysbase_a-syscall_support.o)
                0x0011dd94                __libc_lock_acquire
 .text.__libc_lock_release
                0x0011ddb0       0x1c /opt/devkitpro/devkitARM/bin/../lib/gcc/arm-none-eabi/13.2.0/../../../../arm-none-eabi/lib/armv6k/fpu/libsysbase.a(libsysbase_libsysbase_a-syscall_support.o)
                0x0011ddb0                __libc_lock_release
 .text.__libc_lock_acquire_recursive
                0x0011ddcc       0x1c /opt/devkitpro/devkitARM/bin/../lib/gcc/arm-none-eabi/13.2.0/../../../../arm-none-eabi/lib/armv6k/fpu/libsysbase.a(libsysbase_libsysbase_a-syscall_support.o)
                0x0011ddcc                __libc_lock_acquire_recursive
 .text.__libc_lock_release_recursive
                0x0011dde8       0x1c /opt/devkitpro/devkitARM/bin/../lib/gcc/arm-none-eabi/13.2.0/../../../../arm-none-eabi/lib/armv6k/fpu/libsysbase.a(libsysbase_libsysbase_a-syscall_support.o)
                0x0011dde8                __libc_lock_release_recursive
 .text._write_r
                0x0011de04       0x80 /opt/devkitpro/devkitARM/bin/../lib/gcc/arm-none-eabi/13.2.0/../../../../arm-none-eabi/lib/armv6k/fpu/libsysbase.a(libsysbase_libsysbase_a-write.o)
                0x0011de04                _write_r
 .text.strrchr  0x0011de84       0x48 /opt/devkitpro/devkitARM/bin/../lib/gcc/arm-none-eabi/13.2.0/../../../../arm-none-eabi/lib/armv6k/fpu/libg.a(libc_a-strrchr.o)
                0x0011de84                strrchr
 *(.glue_7)
 .glue_7        0x0011decc        0x0 linker stubs
 *(.glue_7t)
 .glue_7t       0x0011decc        0x0 linker stubs
 *(.stub)
 *(.gnu.warning)
 *(.gnu.linkonce.t*)
                0x0011decc                        . = ALIGN (0x4)
 *(.fini)
 .fini          0x0011decc        0xc /opt/devkitpro/devkitARM/bin/../lib/gcc/arm-none-eabi/13.2.0/armv6k/fpu/crti.o
                0x0011decc                _fini
 .fini          0x0011ded8        0xc /opt/devkitpro/devkitARM/bin/../lib/gcc/arm-none-eabi/13.2.0/armv6k/fpu/crtn.o
                0x0011dee4                        . = ALIGN (0x4)

.vfp11_veneer   0x0011dee4        0x0
 .vfp11_veneer  0x0011dee4        0x0 linker stubs

.v4_bx          0x0011dee4        0x0
 .v4_bx         0x0011dee4        0x0 linker stubs

.iplt           0x0011dee4        0x0
 .iplt          0x0011dee4        0x0 /opt/devkitpro/devkitARM/bin/../lib/gcc/arm-none-eabi/13.2.0/../../../../arm-none-eabi/lib/armv6k/fpu/3dsx_crt0.o
                0x0011e000                        . = ALIGN (0x1000)

.rodata         0x0011e000      0xccc
 *(.rodata)
 .rodata        0x0011e000        0xc main.o
 .rodata        0x0011e00c        0xc /opt/devkitpro/libctru/lib/libctru.a(archive_dev.o)
 *(.roda)
 *(.rodata.*)
 .rodata.str1.4
                0x0011e018      0x567 main.o
                                0x398 (size before relaxing)
 .rodata.C2D_Init.str1.4
                0x0011e57f       0x10 /opt/devkitpro/libctru/lib/libcitro2d.a(base.o)
 *fill*         0x0011e57f        0x1 
 .rodata.render2d_shbin
                0x0011e580      0x190 /opt/devkitpro/libctru/lib/libcitro2d.a(render2d.shbin.o)
                0x0011e580                render2d_shbin
                0x0011e70c                render2d_shbin_size
                0x0011e70c                render2d_shbin_end
 .rodata.depthFmtSizes
                0x0011e710        0x4 /opt/devkitpro/libctru/lib/libcitro3d.a(framebuffer.o)
 .rodata.colorFmtSizes
                0x0011e714        0x5 /opt/devkitpro/libctru/lib/libcitro3d.a(framebuffer.o)
 *fill*         0x0011e719        0x3 
 .rodata.CSWTCH.11
                0x0011e71c       0x10 /opt/devkitpro/libctru/lib/libcitro3d.a(proctex.o)
 .rodata.aptSendCommand.str1.4
                0x0011e72c       0x16 /opt/devkitpro/libctru/lib/libctru.a(apt.o)
 .rodata.morton_y.2
                0x0011e72c        0x8 /opt/devkitpro/libctru/lib/libctru.a(apt.o)
 .rodata.morton_x.3
                0x0011e734        0x8 /opt/devkitpro/libctru/lib/libctru.a(apt.o)
 .rodata.s_sleepWakeEvents.4
                0x0011e73c        0x8 /opt/devkitpro/libctru/lib/libctru.a(apt.o)
 .rodata.fsInit.str1.4
                0x0011e744        0x8 /opt/devkitpro/libctru/lib/libctru.a(fs.o)
 .rodata.gspInit.str1.4
                0x0011e744        0x9 /opt/devkitpro/libctru/lib/libctru.a(gspgpu.o)
 .rodata.hidInit.str1.4
                0x0011e744       0x15 /opt/devkitpro/libctru/lib/libctru.a(hid.o)
 .rodata.irrstInit.str1.4
                0x0011e744        0x7 /opt/devkitpro/libctru/lib/libctru.a(irrst.o)
 .rodata.ptmSysmInit.str1.4
                0x0011e744        0x9 /opt/devkitpro/libctru/lib/libctru.a(ptmsysm.o)
 .rodata.__system_initArgv.str1.4
                0x0011e744        0xa /opt/devkitpro/libctru/lib/libctru.a(initArgv.o)
 .rodata.srvInit.str1.4
                0x0011e744        0x5 /opt/devkitpro/libctru/lib/libctru.a(srv.o)
 .rodata.archive_utf16path.str1.4
                0x0011e744        0x2 /opt/devkitpro/libctru/lib/libctru.a(archive_dev.o)
 .rodata._archiveUnmountDeviceStruct.part.0.str1.4
                0x0011e744        0x2 /opt/devkitpro/libctru/lib/libctru.a(archive_dev.o)
 .rodata._archiveMountDevice.str1.4
                0x0011e744        0xc /opt/devkitpro/libctru/lib/libctru.a(archive_dev.o)
 .rodata.archiveMountSdmc.str1.4
                0x0011e744        0x5 /opt/devkitpro/libctru/lib/libctru.a(archive_dev.o)
 .rodata.error_table
                0x0011e744       0x30 /opt/devkitpro/libctru/lib/libctru.a(archive_dev.o)
 .rodata.str1.4
                0x0011e774        0x8 /opt/devkitpro/libctru/lib/libctru.a(archive_dev.o)
 .rodata.archive_devoptab
                0x0011e774       0x80 /opt/devkitpro/libctru/lib/libctru.a(archive_dev.o)
 .rodata._ctype_
                0x0011e7f4      0x101 /opt/devkitpro/devkitARM/bin/../lib/gcc/arm-none-eabi/13.2.0/../../../../arm-none-eabi/lib/armv6k/fpu/libg.a(libc_a-ctype_.o)
                0x0011e7f4                _ctype_
 .rodata._svfprintf_r.str1.1
                0x0011e8f5       0x3b /opt/devkitpro/devkitARM/bin/../lib/gcc/arm-none-eabi/13.2.0/../../../../arm-none-eabi/lib/armv6k/fpu/libg.a(libc_a-svfprintf.o)
 .rodata.zeroes.0
                0x0011e930       0x10 /opt/devkitpro/devkitARM/bin/../lib/gcc/arm-none-eabi/13.2.0/../../../../arm-none-eabi/lib/armv6k/fpu/libg.a(libc_a-svfprintf.o)
 .rodata.blanks.1
                0x0011e940       0x10 /opt/devkitpro/devkitARM/bin/../lib/gcc/arm-none-eabi/13.2.0/../../../../arm-none-eabi/lib/armv6k/fpu/libg.a(libc_a-svfprintf.o)
 .rodata.__action_table
                0x0011e950       0x6c /opt/devkitpro/devkitARM/bin/../lib/gcc/arm-none-eabi/13.2.0/../../../../arm-none-eabi/lib/armv6k/fpu/libg.a(libc_a-svfiprintf.o)
                0x0011e950                __action_table
 .rodata.__state_table
                0x0011e9bc       0x6c /opt/devkitpro/devkitARM/bin/../lib/gcc/arm-none-eabi/13.2.0/../../../../arm-none-eabi/lib/armv6k/fpu/libg.a(libc_a-svfiprintf.o)
                0x0011e9bc                __state_table
 .rodata.__chclass
                0x0011ea28      0x100 /opt/devkitpro/devkitARM/bin/../lib/gcc/arm-none-eabi/13.2.0/../../../../arm-none-eabi/lib/armv6k/fpu/libg.a(libc_a-svfiprintf.o)
                0x0011ea28                __chclass
 .rodata.str1.4
                0x0011eb28       0x4c /opt/devkitpro/devkitARM/bin/../lib/gcc/arm-none-eabi/13.2.0/../../../../arm-none-eabi/lib/armv6k/fpu/libg.a(libc_a-locale.o)
 .rodata._dtoa_r.str1.4
                0x0011eb28       0x6a /opt/devkitpro/devkitARM/bin/../lib/gcc/arm-none-eabi/13.2.0/../../../../arm-none-eabi/lib/armv6k/fpu/libg.a(libc_a-dtoa.o)
 .rodata.__assert_func.str1.4
                0x0011eb28       0x43 /opt/devkitpro/devkitARM/bin/../lib/gcc/arm-none-eabi/13.2.0/../../../../arm-none-eabi/lib/armv6k/fpu/libg.a(libc_a-assert.o)
 .rodata.__multadd.str1.4
                0x0011eb28       0x57 /opt/devkitpro/devkitARM/bin/../lib/gcc/arm-none-eabi/13.2.0/../../../../arm-none-eabi/lib/armv6k/fpu/libg.a(libc_a-mprec.o)
 .rodata.p05.0  0x0011eb28        0xc /opt/devkitpro/devkitARM/bin/../lib/gcc/arm-none-eabi/13.2.0/../../../../arm-none-eabi/lib/armv6k/fpu/libg.a(libc_a-mprec.o)
 *fill*         0x0011eb34        0x4 
 .rodata.__mprec_bigtens
                0x0011eb38       0x28 /opt/devkitpro/devkitARM/bin/../lib/gcc/arm-none-eabi/13.2.0/../../../../arm-none-eabi/lib/armv6k/fpu/libg.a(libc_a-mprec.o)
                0x0011eb38                __mprec_bigtens
 .rodata.__mprec_tens
                0x0011eb60       0xc8 /opt/devkitpro/devkitARM/bin/../lib/gcc/arm-none-eabi/13.2.0/../../../../arm-none-eabi/lib/armv6k/fpu/libg.a(libc_a-mprec.o)
                0x0011eb60                __mprec_tens
 .rodata._vfiprintf_r.str1.1
                0x0011ec28       0x29 /opt/devkitpro/devkitARM/bin/../lib/gcc/arm-none-eabi/13.2.0/../../../../arm-none-eabi/lib/armv6k/fpu/libg.a(libc_a-vfiprintf.o)
 .rodata.zeroes.0
                0x0011ec28       0x10 /opt/devkitpro/devkitARM/bin/../lib/gcc/arm-none-eabi/13.2.0/../../../../arm-none-eabi/lib/armv6k/fpu/libg.a(libc_a-vfiprintf.o)
 .rodata.blanks.1
                0x0011ec38       0x10 /opt/devkitpro/devkitARM/bin/../lib/gcc/arm-none-eabi/13.2.0/../../../../arm-none-eabi/lib/armv6k/fpu/libg.a(libc_a-vfiprintf.o)
 .rodata.AddDevice.str1.4
                0x0011ec48        0x8 /opt/devkitpro/devkitARM/bin/../lib/gcc/arm-none-eabi/13.2.0/../../../../arm-none-eabi/lib/armv6k/fpu/libsysbase.a(libsysbase_libsysbase_a-iosupport.o)
 .rodata.dotab_stdnull
                0x0011ec48       0x80 /opt/devkitpro/devkitARM/bin/../lib/gcc/arm-none-eabi/13.2.0/../../../../arm-none-eabi/lib/armv6k/fpu/libsysbase.a(libsysbase_libsysbase_a-iosupport.o)
                0x0011ec48                dotab_stdnull
 *all.rodata*(*)
 *(.gnu.linkonce.r*)
                0x0011ecc8                        . = ALIGN (0x4)
                0x0011ecc8                        __tdata_align = .
                0x0011ecc8        0x4 LONG 0x4 ALIGNOF (.tdata)
                0x0011eccc                        . = ALIGN (0x4)

.eh_frame       0x0011eccc        0x0
 .eh_frame      0x0011eccc        0x0 /opt/devkitpro/devkitARM/bin/../lib/gcc/arm-none-eabi/13.2.0/armv6k/fpu/crtbegin.o

.rel.dyn        0x0011eccc        0x0
 .rel.iplt      0x0011eccc        0x0 /opt/devkitpro/devkitARM/bin/../lib/gcc/arm-none-eabi/13.2.0/../../../../arm-none-eabi/lib/armv6k/fpu/3dsx_crt0.o