Archive member included to satisfy reference by file (symbol)

/opt/devkitpro/libctru/lib/libcitro2d.a(base.o)
                              main.o (C2D_Init)
/opt/devkitpro/libctru/lib/libcitro2d.a(text.o)
                              main.o (C2D_TextBufNew)
/opt/devkitpro/libctru/lib/libcitro2d.a(font.o)
                              /opt/devkitpro/libctru/lib/libcitro2d.a(text.o) (C2D_FontGlyphIndexFromCodePoint)
/opt/devkitpro/libctru/lib/libcitro2d.a(render2d.shbin.o)
                              /opt/devkitpro/libctru/lib/libcitro2d.a(base.o) (render2d_shbin)
/opt/devkitpro/libctru/lib/libcitro3d.a(attribs.o)
                              /opt/devkitpro/libctru/lib/libcitro2d.a(base.o) (AttrInfo_Init)
/opt/devkitpro/libctru/lib/libcitro3d.a(base.o)
                              /opt/devkitpro/libctru/lib/libcitro3d.a(attribs.o) (__C3D_Context)
/opt/devkitpro/libctru/lib/libcitro3d.a(buffers.o)
                              /opt/devkitpro/libctru/lib/libcitro2d.a(base.o) (BufInfo_Init)
/opt/devkitpro/libctru/lib/libcitro3d.a(drawElements.o)
                              /opt/devkitpro/libctru/lib/libcitro2d.a(base.o) (C3D_DrawElements)
/opt/devkitpro/libctru/lib/libcitro3d.a(effect.o)
                              /opt/devkitpro/libctru/lib/libcitro3d.a(base.o) (C3D_DepthMap)
/opt/devkitpro/libctru/lib/libcitro3d.a(framebuffer.o)
                              /opt/devkitpro/libctru/lib/libcitro3d.a(base.o) (C3Di_FrameBufBind)
/opt/devkitpro/libctru/lib/libcitro3d.a(immediate.o)
                              /opt/devkitpro/libctru/lib/libcitro3d.a(base.o) (C3D_ImmSendAttrib)
/opt/devkitpro/libctru/lib/libcitro3d.a(proctex.o)
                              /opt/devkitpro/libctru/lib/libcitro2d.a(base.o) (C3D_ProcTexInit)
/opt/devkitpro/libctru/lib/libcitro3d.a(renderqueue.o)
                              /opt/devkitpro/libctru/lib/libcitro3d.a(base.o) (C3Di_RenderQueueEnableVBlank)
/opt/devkitpro/libctru/lib/libcitro3d.a(texenv.o)
                              /opt/devkitpro/libctru/lib/libcitro2d.a(base.o) (C3D_GetTexEnv)
/opt/devkitpro/libctru/lib/libcitro3d.a(texture.o)
                              /opt/devkitpro/libctru/lib/libcitro2d.a(base.o) (C3D_TexBind)
/opt/devkitpro/libctru/lib/libcitro3d.a(uniforms.o)
                              /opt/devkitpro/libctru/lib/libcitro3d.a(base.o) (C3D_UpdateUniforms)
/opt/devkitpro/libctru/lib/libcitro3d.a(mtx_multiply.o)
                              /opt/devkitpro/libctru/lib/libcitro2d.a(base.o) (Mtx_Multiply)
/opt/devkitpro/libctru/lib/libcitro3d.a(mtx_ortho.o)
                              /opt/devkitpro/libctru/lib/libcitro2d.a(base.o) (Mtx_Ortho)
/opt/devkitpro/libctru/lib/libcitro3d.a(mtx_orthotilt.o)
                              /opt/devkitpro/libctru/lib/libcitro2d.a(base.o) (Mtx_OrthoTilt)
/opt/devkitpro/libctru/lib/libcitro3d.a(mtx_rotatez.o)
                              /opt/devkitpro/libctru/lib/libcitro2d.a(base.o) (Mtx_RotateZ)
/opt/devkitpro/libctru/lib/libcitro3d.a(mtx_scale.o)
                              /opt/devkitpro/libctru/lib/libcitro2d.a(base.o) (Mtx_Scale)
/opt/devkitpro/libctru/lib/libcitro3d.a(mtx_translate.o)
                              /opt/devkitpro/libctru/lib/libcitro2d.a(base.o) (Mtx_Translate)
/opt/devkitpro/libctru/lib/libctru.a(linear.o)
                              /opt/devkitpro/libctru/lib/libcitro2d.a(base.o) (linearAlloc)
/opt/devkitpro/libctru/lib/libctru.a(mem_pool.o)
                              /opt/devkitpro/libctru/lib/libctru.a(linear.o) (MemPool::Allocate(MemChunk&, unsigned long, int))
/opt/devkitpro/libctru/lib/libctru.a(vram.o)
                              /opt/devkitpro/libctru/lib/libcitro3d.a(renderqueue.o) (vramAlloc)
/opt/devkitpro/libctru/lib/libctru.a(font.o)
                              /opt/devkitpro/libctru/lib/libcitro2d.a(text.o) (fontEnsureMapped)
/opt/devkitpro/libctru/lib/libctru.a(gfx.o)
                              /opt/devkitpro/libctru/lib/libcitro2d.a(base.o) (gfxIsWide)
/opt/devkitpro/libctru/lib/libctru.a(os.o)
                              /opt/devkitpro/libctru/lib/libcitro3d.a(buffers.o) (osConvertVirtToPhys)
/opt/devkitpro/libctru/lib/libctru.a(romfs_dev.o)
                              /opt/devkitpro/libctru/lib/libcitro2d.a(font.o) (romfsMountFromTitle)
/opt/devkitpro/libctru/lib/libctru.a(gpu.o)
                              /opt/devkitpro/libctru/lib/libcitro3d.a(base.o) (gpuCmdBufOffset)
/opt/devkitpro/libctru/lib/libctru.a(gx.o)
                              /opt/devkitpro/libctru/lib/libcitro3d.a(renderqueue.o) (GX_BindQueue)
/opt/devkitpro/libctru/lib/libctru.a(gxqueue.o)
                              /opt/devkitpro/libctru/lib/libcitro3d.a(renderqueue.o) (gxCmdQueueClear)
/opt/devkitpro/libctru/lib/libctru.a(shaderProgram.o)
                              /opt/devkitpro/libctru/lib/libcitro2d.a(base.o) (shaderInstanceGetUniformLocation)
/opt/devkitpro/libctru/lib/libctru.a(shbin.o)
[...]
Memory Configuration

Name             Origin             Length             Attributes
*default*        0x00000000         0xffffffff

Linker script and memory map

                0x00100000                        PROVIDE (__start__ = 0x100000)
                0x00100000                        . = __start__

.text           0x00100000    0x1df04
 *(.crt0)
 .crt0          0x00100000       0x94 /opt/devkitpro/devkitARM/bin/../lib/gcc/arm-none-eabi/13.2.0/../../../../arm-none-eabi/lib/armv6k/fpu/3dsx_crt0.o
                0x00100000                _start
                0x00100008                __service_ptr
                0x0010000c                __apt_appid
                0x00100010                __heap_size
                0x00100014                __linear_heap_size
                0x00100018                __system_arglist
                0x0010001c                __system_runflags
 *(.init)
 .init          0x00100094        0xc /opt/devkitpro/devkitARM/bin/../lib/gcc/arm-none-eabi/13.2.0/armv6k/fpu/crti.o
                0x00100094                _init
 .init          0x001000a0        0xc /opt/devkitpro/devkitARM/bin/../lib/gcc/arm-none-eabi/13.2.0/armv6k/fpu/crtn.o
                0x001000ac                        . = ALIGN (0x4)
 *(.text)
 .text          0x001000ac      0x20c /opt/devkitpro/devkitARM/bin/../lib/gcc/arm-none-eabi/13.2.0/armv6k/fpu/libgcc.a(_udivsi3.o)
                0x001000ac                __udivsi3
                0x001000ac                __aeabi_uidiv
                0x00100298                __aeabi_uidivmod
 .text          0x001002b8      0x240 /opt/devkitpro/devkitARM/bin/../lib/gcc/arm-none-eabi/13.2.0/armv6k/fpu/libgcc.a(_divsi3.o)
                0x001002b8                __aeabi_idiv
                0x001002b8                __divsi3
                0x001004d8                __aeabi_idivmod
 .text          0x001004f8        0x4 /opt/devkitpro/devkitARM/bin/../lib/gcc/arm-none-eabi/13.2.0/armv6k/fpu/libgcc.a(_dvmd_tls.o)
                0x001004f8                __aeabi_ldiv0
                0x001004f8                __aeabi_idiv0
 .text          0x001004fc       0xd4 /opt/devkitpro/devkitARM/bin/../lib/gcc/arm-none-eabi/13.2.0/armv6k/fpu/libgcc.a(_aeabi_ldivmod.o)
                0x001004fc                __aeabi_ldivmod
 .text          0x001005d0       0x3c /opt/devkitpro/devkitARM/bin/../lib/gcc/arm-none-eabi/13.2.0/armv6k/fpu/libgcc.a(_aeabi_uldivmod.o)
                0x001005d0                __aeabi_uldivmod
 *fill*         0x0010060c       0x14 
 .text          0x00100620      0x390 /opt/devkitpro/devkitARM/bin/../lib/gcc/arm-none-eabi/13.2.0/../../../../arm-none-eabi/lib/armv6k/fpu/libg.a(libc_a-strcmp.o)
                0x00100628                strcmp
 *(.text.*)
 .text.__do_global_dtors_aux
                0x001009b0       0x40 /opt/devkitpro/devkitARM/bin/../lib/gcc/arm-none-eabi/13.2.0/armv6k/fpu/crtbegin.o
 .text.frame_dummy
                0x001009f0       0x2c /opt/devkitpro/devkitARM/bin/../lib/gcc/arm-none-eabi/13.2.0/armv6k/fpu/crtbegin.o
 .text.renderFirmwareInterface
                0x00100a1c      0x148 main.o
 .text.renderScene1.isra.0
                0x00100b64      0x5d0 main.o
 .text.startup.main
                0x00101134      0x59c main.o
                0x00101134                main
 .text.C2Di_FrameEndHook
                0x001016d0       0x44 /opt/devkitpro/libctru/lib/libcitro2d.a(base.o)
 *fill*         0x00101714        0x4 
 .text.C2D_Init
                0x00101718      0x36c /opt/devkitpro/libctru/lib/libcitro2d.a(base.o)
                0x00101718                C2D_Init
 .text.C2D_Fini
                0x00101a84       0x4c /opt/devkitpro/libctru/lib/libcitro2d.a(base.o)
                0x00101a84                C2D_Fini
 .text.C2D_Prepare
                0x00101ad0       0xb8 /opt/devkitpro/libctru/lib/libcitro2d.a(base.o)
                0x00101ad0                C2D_Prepare
 .text.C2D_Flush
                0x00101b88       0x48 /opt/devkitpro/libctru/lib/libcitro2d.a(base.o)
                0x00101b88                C2D_Flush
 .text.C2D_SceneSize
                0x00101bd0      0x104 /opt/devkitpro/libctru/lib/libcitro2d.a(base.o)
                0x00101bd0                C2D_SceneSize
 .text.C2D_CreateScreenTarget
                0x00101cd4       0x58 /opt/devkitpro/libctru/lib/libcitro2d.a(base.o)
                0x00101cd4                C2D_CreateScreenTarget
 .text.C2D_TargetClear
                0x00101d2c       0x64 /opt/devkitpro/libctru/lib/libcitro2d.a(base.o)
                0x00101d2c                C2D_TargetClear
 .text.C2Di_AppendQuad
                0x00101d90       0x58 /opt/devkitpro/libctru/lib/libcitro2d.a(base.o)
                0x00101d90                C2Di_AppendQuad
 .text.C2Di_AppendVtx
                0x00101de8       0x40 /opt/devkitpro/libctru/lib/libcitro2d.a(base.o)
                0x00101de8                C2Di_AppendVtx
 .text.C2Di_Update
                0x00101e28      0x550 /opt/devkitpro/libctru/lib/libcitro2d.a(base.o)
                0x00101e28                C2Di_Update
 .text.C2Di_GlyphComp
                0x00102378       0x18 /opt/devkitpro/libctru/lib/libcitro2d.a(text.o)
 .text.C2Di_CalcLineWidths
                0x00102390      0x140 /opt/devkitpro/libctru/lib/libcitro2d.a(text.o)
 .text.C2D_TextBufNew
                0x001024d0      0x1dc /opt/devkitpro/libctru/lib/libcitro2d.a(text.o)
                0x001024d0                C2D_TextBufNew
 .text.C2D_TextBufDelete
                0x001026ac        0x4 /opt/devkitpro/libctru/lib/libcitro2d.a(text.o)
                0x001026ac                C2D_TextBufDelete
 .text.C2D_TextBufClear
                0x001026b0        0xc /opt/devkitpro/libctru/lib/libcitro2d.a(text.o)
                0x001026b0                C2D_TextBufClear
 .text.C2D_TextFontParseLine
                0x001026bc      0x1c8 /opt/devkitpro/libctru/lib/libcitro2d.a(text.o)
                0x001026bc                C2D_TextFontParseLine
 .text.C2D_TextFontParse
                0x00102884       0xa8 /opt/devkitpro/libctru/lib/libcitro2d.a(text.o)
                0x00102884                C2D_TextFontParse
 .text.C2D_TextParse
                0x0010292c       0x14 /opt/devkitpro/libctru/lib/libcitro2d.a(text.o)
                0x0010292c                C2D_TextParse
 .text.C2D_TextOptimize
                0x00102940       0x30 /opt/devkitpro/libctru/lib/libcitro2d.a(text.o)
                0x00102940                C2D_TextOptimize
 .text.C2D_DrawText
                0x00102970      0xf6c /opt/devkitpro/libctru/lib/libcitro2d.a(text.o)
                0x00102970                C2D_DrawText
 .text.C2D_FontGlyphIndexFromCodePoint
                0x001038dc       0x44 /opt/devkitpro/libctru/lib/libcitro2d.a(font.o)
                0x001038dc                C2D_FontGlyphIndexFromCodePoint
 .text.C2D_FontCalcGlyphPos
                0x00103920       0x78 /opt/devkitpro/libctru/lib/libcitro2d.a(font.o)
                0x00103920                C2D_FontCalcGlyphPos
 .text.AttrInfo_Init
                0x00103998       0x28 /opt/devkitpro/libctru/lib/libcitro3d.a(attribs.o)
                0x00103998                AttrInfo_Init
 .text.AttrInfo_AddLoader
                0x001039c0       0x94 /opt/devkitpro/libctru/lib/libcitro3d.a(attribs.o)
                0x001039c0                AttrInfo_AddLoader
 .text.C3D_SetAttrInfo
                0x00103a54       0x54 /opt/devkitpro/libctru/lib/libcitro3d.a(attribs.o)
                0x00103a54                C3D_SetAttrInfo
 .text.C3Di_AttrInfoBind
                0x00103aa8       0x80 /opt/devkitpro/libctru/lib/libcitro3d.a(attribs.o)
                0x00103aa8                C3Di_AttrInfoBind
 .text.C3Di_LightEnvUpdate
                0x00103b28        0x4 /opt/devkitpro/libctru/lib/libcitro3d.a(base.o)
                0x00103b28                C3Di_LightEnvUpdate
 .text.C3Di_LightEnvDirty
                0x00103b2c        0x4 /opt/devkitpro/libctru/lib/libcitro3d.a(base.o)
                0x00103b2c                C3Di_LightEnvDirty
 .text.C3Di_AptEventHook
                0x00103b30       0xb4 /opt/devkitpro/libctru/lib/libcitro3d.a(base.o)
 .text.C3Di_GasUpdate
                0x00103be4        0x4 /opt/devkitpro/libctru/lib/libcitro3d.a(base.o)
                0x00103be4                C3Di_GasUpdate
 .text.C3D_Init
                0x00103be8      0x1d0 /opt/devkitpro/libctru/lib/libcitro3d.a(base.o)
                0x00103be8                C3D_Init
 .text.C3D_SetViewport
                0x00103db8       0x98 /opt/devkitpro/libctru/lib/libcitro3d.a(base.o)
                0x00103db8                C3D_SetViewport
 .text.C3Di_UpdateContext
                0x00103e50      0x4e8 /opt/devkitpro/libctru/lib/libcitro3d.a(base.o)
                0x00103e50                C3Di_UpdateContext
 .text.C3Di_SplitFrame
                0x00104338       0xe0 /opt/devkitpro/libctru/lib/libcitro3d.a(base.o)
                0x00104338                C3Di_SplitFrame
 .text.C3D_Fini
                0x00104418       0x44 /opt/devkitpro/libctru/lib/libcitro3d.a(base.o)
                0x00104418                C3D_Fini
 .text.C3D_BindProgram
                0x0010445c      0x194 /opt/devkitpro/libctru/lib/libcitro3d.a(base.o)
                0x0010445c                C3D_BindProgram
 .text.BufInfo_Init
                0x001045f0       0x24 /opt/devkitpro/libctru/lib/libcitro3d.a(buffers.o)
                0x001045f0                BufInfo_Init
 .text.BufInfo_Add
                0x00104614       0x80 /opt/devkitpro/libctru/lib/libcitro3d.a(buffers.o)
                0x00104614                BufInfo_Add
 .text.C3D_SetBufInfo
                0x00104694       0x3c /opt/devkitpro/libctru/lib/libcitro3d.a(buffers.o)
                0x00104694                C3D_SetBufInfo
 .text.C3Di_BufInfoBind
                0x001046d0       0x48 /opt/devkitpro/libctru/lib/libcitro3d.a(buffers.o)
                0x001046d0                C3Di_BufInfoBind
 .text.C3D_DrawElements
                0x00104718      0x21c /opt/devkitpro/libctru/lib/libcitro3d.a(drawElements.o)
                0x00104718                C3D_DrawElements
 .text.C3D_DepthMap
                0x00104934       0x40 /opt/devkitpro/libctru/lib/libcitro3d.a(effect.o)
                0x00104934                C3D_DepthMap
 .text.C3D_CullFace
                0x00104974       0x1c /opt/devkitpro/libctru/lib/libcitro3d.a(effect.o)
                0x00104974                C3D_CullFace
 .text.C3D_StencilTest
                0x00104990       0x40 /opt/devkitpro/libctru/lib/libcitro3d.a(effect.o)
                0x00104990                C3D_StencilTest
 .text.C3D_StencilOp
                0x001049d0       0x24 /opt/devkitpro/libctru/lib/libcitro3d.a(effect.o)
                0x001049d0                C3D_StencilOp
 .text.C3D_BlendingColor
                0x001049f4       0x1c /opt/devkitpro/libctru/lib/libcitro3d.a(effect.o)
                0x001049f4                C3D_BlendingColor
 .text.C3D_EarlyDepthTest
                0x00104a10       0x24 /opt/devkitpro/libctru/lib/libcitro3d.a(effect.o)
                0x00104a10                C3D_EarlyDepthTest
 .text.C3D_DepthTest
                0x00104a34       0x2c /opt/devkitpro/libctru/lib/libcitro3d.a(effect.o)
                0x00104a34                C3D_DepthTest
 .text.C3D_AlphaTest
                0x00104a60       0x2c /opt/devkitpro/libctru/lib/libcitro3d.a(effect.o)
                0x00104a60                C3D_AlphaTest
 .text.C3D_AlphaBlend
                0x00104a8c       0x50 /opt/devkitpro/libctru/lib/libcitro3d.a(effect.o)
                0x00104a8c                C3D_AlphaBlend
 .text.C3D_FragOpMode
                0x00104adc       0x30 /opt/devkitpro/libctru/lib/libcitro3d.a(effect.o)
                0x00104adc                C3D_FragOpMode
 .text.C3D_FragOpShadow
                0x00104b0c       0x44 /opt/devkitpro/libctru/lib/libcitro3d.a(effect.o)
                0x00104b0c                C3D_FragOpShadow
 .text.C3Di_EffectBind
                0x00104b50      0x1ac /opt/devkitpro/libctru/lib/libcitro3d.a(effect.o)
                0x00104b50                C3Di_EffectBind
 .text.C3D_CalcColorBufSize
                0x00104cfc       0x1c /opt/devkitpro/libctru/lib/libcitro3d.a(framebuffer.o)
                0x00104cfc                C3D_CalcColorBufSize
 .text.C3D_CalcDepthBufSize
                0x00104d18       0x1c /opt/devkitpro/libctru/lib/libcitro3d.a(framebuffer.o)
                0x00104d18                C3D_CalcDepthBufSize
 .text.C3D_SetFrameBuf
                0x00104d34       0x44 /opt/devkitpro/libctru/lib/libcitro3d.a(framebuffer.o)
                0x00104d34                C3D_SetFrameBuf
 .text.C3Di_FrameBufBind
                0x00104d78      0x16c /opt/devkitpro/libctru/lib/libcitro3d.a(framebuffer.o)
                0x00104d78                C3Di_FrameBufBind
 .text.C3D_FrameBufClear
                0x00104ee4       0xc8 /opt/devkitpro/libctru/lib/libcitro3d.a(framebuffer.o)
                0x00104ee4                C3D_FrameBufClear
 .text.C3D_FrameBufTransfer
                0x00104fac       0x44 /opt/devkitpro/libctru/lib/libcitro3d.a(framebuffer.o)
                0x00104fac                C3D_FrameBufTransfer
 .text.C3D_ImmSendAttrib
                0x00104ff0       0xa8 /opt/devkitpro/libctru/lib/libcitro3d.a(immediate.o)
                0x00104ff0                C3D_ImmSendAttrib
 .text.C3D_ProcTexInit
                0x00105098       0x70 /opt/devkitpro/libctru/lib/libcitro3d.a(proctex.o)
                0x00105098                C3D_ProcTexInit
 .text.C3D_ProcTexBind
                0x00105108       0x54 /opt/devkitpro/libctru/lib/libcitro3d.a(proctex.o)
                0x00105108                C3D_ProcTexBind
 .text.C3D_ProcTexLutBind
                0x0010515c       0x5c /opt/devkitpro/libctru/lib/libcitro3d.a(proctex.o)
                0x0010515c                C3D_ProcTexLutBind
 .text.ProcTexLut_FromArray
                0x001051b8       0xa4 /opt/devkitpro/libctru/lib/libcitro3d.a(proctex.o)
                0x001051b8                ProcTexLut_FromArray
 .text.C3Di_ProcTexUpdate
                0x0010525c      0x178 /opt/devkitpro/libctru/lib/libcitro3d.a(proctex.o)
                0x0010525c                C3Di_ProcTexUpdate
 .text.C3Di_ProcTexDirty
                0x001053d4       0x68 /opt/devkitpro/libctru/lib/libcitro3d.a(proctex.o)
                0x001053d4                C3Di_ProcTexDirty
 .text.onVBlank0
                0x0010543c       0x4c /opt/devkitpro/libctru/lib/libcitro3d.a(renderqueue.o)
 .text.onVBlank1
                0x00105488       0x4c /opt/devkitpro/libctru/lib/libcitro3d.a(renderqueue.o)
 .text.C3Di_RenderTargetDestroy
                0x001054d4       0x80 /opt/devkitpro/libctru/lib/libcitro3d.a(renderqueue.o)
 .text.onQueueFinish
                0x00105554       0xf4 /opt/devkitpro/libctru/lib/libcitro3d.a(renderqueue.o)
 .text.C3Di_RenderQueueEnableVBlank
                0x00105648       0x38 /opt/devkitpro/libctru/lib/libcitro3d.a(renderqueue.o)
                0x00105648                C3Di_RenderQueueEnableVBlank
 .text.C3Di_RenderQueueDisableVBlank
                0x00105680       0x30 /opt/devkitpro/libctru/lib/libcitro3d.a(renderqueue.o)
                0x00105680                C3Di_RenderQueueDisableVBlank
 .text.C3Di_RenderQueueInit
                0x001056b0       0x60 /opt/devkitpro/libctru/lib/libcitro3d.a(renderqueue.o)
                0x001056b0                C3Di_RenderQueueInit
 .text.C3Di_RenderQueueExit
                0x00105710       0xb4 /opt/devkitpro/libctru/lib/libcitro3d.a(renderqueue.o)
                0x00105710                C3Di_RenderQueueExit
 .text.C3Di_RenderQueueWaitDone
                0x001057c4       0x34 /opt/devkitpro/libctru/lib/libcitro3d.a(renderqueue.o)
                0x001057c4                C3Di_RenderQueueWaitDone
 .text.C3D_FrameBegin
                0x001057f8       0xe8 /opt/devkitpro/libctru/lib/libcitro3d.a(renderqueue.o)
                0x001057f8                C3D_FrameBegin
 .text.C3D_FrameDrawOn
                0x001058e0       0x48 /opt/devkitpro/libctru/lib/libcitro3d.a(renderqueue.o)
                0x001058e0                C3D_FrameDrawOn
 .text.C3D_FrameSplit
                0x00105928       0x58 /opt/devkitpro/libctru/lib/libcitro3d.a(renderqueue.o)
                0x00105928                C3D_FrameSplit
 .text.C3D_FrameEnd
                0x00105980      0x1d0 /opt/devkitpro/libctru/lib/libcitro3d.a(renderqueue.o)
                0x00105980                C3D_FrameEnd
 .text.C3D_FrameEndHook
                0x00105b50       0x1c /opt/devkitpro/libctru/lib/libcitro3d.a(renderqueue.o)
                0x00105b50                C3D_FrameEndHook
 .text.C3D_RenderTargetCreate
                0x00105b6c      0x170 /opt/devkitpro/libctru/lib/libcitro3d.a(renderqueue.o)
                0x00105b6c                C3D_RenderTargetCreate
 .text.C3D_RenderTargetSetOutput
                0x00105cdc       0xa8 /opt/devkitpro/libctru/lib/libcitro3d.a(renderqueue.o)
                0x00105cdc                C3D_RenderTargetSetOutput
 .text.C3D_GetTexEnv
                0x00105d84       0x34 /opt/devkitpro/libctru/lib/libcitro3d.a(texenv.o)
                0x00105d84                C3D_GetTexEnv
 .text.C3Di_TexEnvBind
                0x00105db8       0x24 /opt/devkitpro/libctru/lib/libcitro3d.a(texenv.o)
                0x00105db8                C3Di_TexEnvBind
 .text.C3D_TexBind
                0x00105ddc       0x44 /opt/devkitpro/libctru/lib/libcitro3d.a(texture.o)
                0x00105ddc                C3D_TexBind
 .text.C3Di_SetTex
                0x00105e20      0x14c /opt/devkitpro/libctru/lib/libcitro3d.a(texture.o)
                0x00105e20                C3Di_SetTex
 .text.C3D_UpdateUniforms
                0x00105f6c      0x290 /opt/devkitpro/libctru/lib/libcitro3d.a(uniforms.o)
                0x00105f6c                C3D_UpdateUniforms
 .text.C3Di_DirtyUniforms
                0x001061fc       0xc0 /opt/devkitpro/libctru/lib/libcitro3d.a(uniforms.o)
                0x001061fc                C3Di_DirtyUniforms
 .text.C3Di_LoadShaderUniforms
                0x001062bc       0xd8 /opt/devkitpro/libctru/lib/libcitro3d.a(uniforms.o)
                0x001062bc                C3Di_LoadShaderUniforms
 .text.C3Di_ClearShaderUniforms
                0x00106394       0x28 /opt/devkitpro/libctru/lib/libcitro3d.a(uniforms.o)
                0x00106394                C3Di_ClearShaderUniforms
 .text.Mtx_Ortho
                0x001063bc       0xcc /opt/devkitpro/libctru/lib/libcitro3d.a(mtx_ortho.o)
                0x001063bc                Mtx_Ortho
 .text.Mtx_OrthoTilt
                0x00106488       0xcc /opt/devkitpro/libctru/lib/libcitro3d.a(mtx_orthotilt.o)
                0x00106488                Mtx_OrthoTilt
 .text._ZL21addrMapNodeComparatorPK11rbtree_nodeS1_
                0x00106554       0x24 /opt/devkitpro/libctru/lib/libctru.a(linear.o)
 .text._ZL21addrMapNodeDestructorP11rbtree_node
                0x00106578        0x4 /opt/devkitpro/libctru/lib/libctru.a(linear.o)
 .text.linearMemAlign
                0x0010657c      0x120 /opt/devkitpro/libctru/lib/libctru.a(linear.o)
                0x0010657c                linearMemAlign
 .text.linearAlloc
                0x0010669c        0x8 /opt/devkitpro/libctru/lib/libctru.a(linear.o)
                0x0010669c                linearAlloc
 .text.linearFree
                0x001066a4       0x5c /opt/devkitpro/libctru/lib/libctru.a(linear.o)
                0x001066a4                linearFree
 .text._ZN7MemPool13CoalesceRightEP8MemBlock
                0x00106700       0x80 /opt/devkitpro/libctru/lib/libctru.a(mem_pool.o)
                0x00106700                MemPool::CoalesceRight(MemBlock*)
 .text._ZN7MemPool8AllocateER8MemChunkmi
                0x00106780      0x16c /opt/devkitpro/libctru/lib/libctru.a(mem_pool.o)
                0x00106780                MemPool::Allocate(MemChunk&, unsigned long, int)
 .text._ZN7MemPool10DeallocateERK8MemChunk
                0x001068ec       0xfc /opt/devkitpro/libctru/lib/libctru.a(mem_pool.o)
                0x001068ec                MemPool::Deallocate(MemChunk const&)
 .text._ZN7MemPool12GetFreeSpaceEv
                0x001069e8       0x30 /opt/devkitpro/libctru/lib/libctru.a(mem_pool.o)
                0x001069e8                MemPool::GetFreeSpace()
 .text._ZL21addrMapNodeComparatorPK11rbtree_nodeS1_
                0x00106a18       0x24 /opt/devkitpro/libctru/lib/libctru.a(vram.o)
 .text._ZL21addrMapNodeDestructorP11rbtree_node
                0x00106a3c        0x4 /opt/devkitpro/libctru/lib/libctru.a(vram.o)
 .text.vramMemAlignAt
                0x00106a40      0x24c /opt/devkitpro/libctru/lib/libctru.a(vram.o)
                0x00106a40                vramMemAlignAt
 .text.vramAlloc
                0x00106c8c        0xc /opt/devkitpro/libctru/lib/libctru.a(vram.o)
                0x00106c8c                vramAlloc
 .text.vramAllocAt
                0x00106c98        0xc /opt/devkitpro/libctru/lib/libctru.a(vram.o)
                0x00106c98                vramAllocAt
 .text.vramFree
                0x00106ca4       0x90 /opt/devkitpro/libctru/lib/libctru.a(vram.o)
                0x00106ca4                vramFree
 .text.fontEnsureMapped
                0x00106d34       0x94 /opt/devkitpro/libctru/lib/libctru.a(font.o)
                0x00106d34                fontEnsureMapped
 .text.fontGlyphIndexFromCodePoint
                0x00106dc8      0x100 /opt/devkitpro/libctru/lib/libctru.a(font.o)
                0x00106dc8                fontGlyphIndexFromCodePoint
 .text.fontCalcGlyphPos
                0x00106ec8      0x1ec /opt/devkitpro/libctru/lib/libctru.a(font.o)
                0x00106ec8                fontCalcGlyphPos
 .text.gfxPresentFramebuffer
                0x001070b4       0xd0 /opt/devkitpro/libctru/lib/libctru.a(gfx.o)
 .text.gfxIsWide
                0x00107184       0x1c /opt/devkitpro/libctru/lib/libctru.a(gfx.o)
                0x00107184                gfxIsWide
 .text.gfxSetScreenFormat
                0x001071a0       0xec /opt/devkitpro/libctru/lib/libctru.a(gfx.o)
                0x001071a0                gfxSetScreenFormat
 .text.gfxInit  0x0010728c       0xe0 /opt/devkitpro/libctru/lib/libctru.a(gfx.o)
                0x0010728c                gfxInit
 .text.gfxInitDefault
                0x0010736c       0x10 /opt/devkitpro/libctru/lib/libctru.a(gfx.o)
                0x0010736c                gfxInitDefault
 .text.gfxExit  0x0010737c       0xb4 /opt/devkitpro/libctru/lib/libctru.a(gfx.o)
                0x0010737c                gfxExit
 .text.gfxGetFramebuffer
                0x00107430       0xa0 /opt/devkitpro/libctru/lib/libctru.a(gfx.o)
                0x00107430                gfxGetFramebuffer
 .text.gfxScreenSwapBuffers
                0x001074d0       0x30 /opt/devkitpro/libctru/lib/libctru.a(gfx.o)
                0x001074d0                gfxScreenSwapBuffers
 .text.osConvertVirtToPhys
                0x00107500       0x74 /opt/devkitpro/libctru/lib/libctru.a(os.o)
                0x00107500                osConvertVirtToPhys
 .text.osGetTimeRef
                0x00107574       0x54 /opt/devkitpro/libctru/lib/libctru.a(os.o)
                0x00107574                osGetTimeRef
 .text.osGetTime
                0x001075c8       0xec /opt/devkitpro/libctru/lib/libctru.a(os.o)
                0x001075c8                osGetTime
 .text.__ctru_speedup_config
                0x001076b4       0x34 /opt/devkitpro/libctru/lib/libctru.a(os.o)
                0x001076b4                __ctru_speedup_config
 .text.GPUCMD_Add
                0x001076e8      0x13c /opt/devkitpro/libctru/lib/libctru.a(gpu.o)
                0x001076e8                GPUCMD_Add
 .text.GPUCMD_Split
                0x00107824       0xb0 /opt/devkitpro/libctru/lib/libctru.a(gpu.o)
                0x00107824                GPUCMD_Split
 .text.f32tof16
                0x001078d4       0x34 /opt/devkitpro/libctru/lib/libctru.a(gpu.o)
                0x001078d4                f32tof16
 .text.f32tof24
                0x00107908       0x34 /opt/devkitpro/libctru/lib/libctru.a(gpu.o)
                0x00107908                f32tof24
 .text.f32tof31
                0x0010793c       0x38 /opt/devkitpro/libctru/lib/libctru.a(gpu.o)
                0x0010793c                f32tof31
 .text.GX_BindQueue
                0x00107974       0x10 /opt/devkitpro/libctru/lib/libctru.a(gx.o)
                0x00107974                GX_BindQueue
 .text.GX_ProcessCommandList
                0x00107984       0x78 /opt/devkitpro/libctru/lib/libctru.a(gx.o)
                0x00107984                GX_ProcessCommandList
 .text.GX_MemoryFill
                0x001079fc       0x74 /opt/devkitpro/libctru/lib/libctru.a(gx.o)
                0x001079fc                GX_MemoryFill
 .text.GX_DisplayTransfer
                0x00107a70       0x70 /opt/devkitpro/libctru/lib/libctru.a(gx.o)
                0x00107a70                GX_DisplayTransfer
 .text.gxCmdQueueDoCommands.part.0
                0x00107ae0       0x68 /opt/devkitpro/libctru/lib/libctru.a(gxqueue.o)
 .text.gxCmdQueueInterrupt
                0x00107b48       0xc8 /opt/devkitpro/libctru/lib/libctru.a(gxqueue.o)
                0x00107b48                gxCmdQueueInterrupt
 .text.gxCmdQueueClear
                0x00107c10       0x4c /opt/devkitpro/libctru/lib/libctru.a(gxqueue.o)
                0x00107c10                gxCmdQueueClear
 .text.gxCmdQueueAdd
                0x00107c5c       0xf8 /opt/devkitpro/libctru/lib/libctru.a(gxqueue.o)
                0x00107c5c                gxCmdQueueAdd
 .text.gxCmdQueueRun
                0x00107d54       0x80 /opt/devkitpro/libctru/lib/libctru.a(gxqueue.o)
                0x00107d54                gxCmdQueueRun
 .text.gxCmdQueueStop
                0x00107dd4       0x60 /opt/devkitpro/libctru/lib/libctru.a(gxqueue.o)
                0x00107dd4                gxCmdQueueStop
 .text.gxCmdQueueWait
                0x00107e34       0x8c /opt/devkitpro/libctru/lib/libctru.a(gxqueue.o)
                0x00107e34                gxCmdQueueWait
 .text.shaderInstanceInit
                0x00107ec0      0x1d0 /opt/devkitpro/libctru/lib/libctru.a(shaderProgram.o)
                0x00107ec0                shaderInstanceInit
 .text.shaderInstanceGetUniformLocation
                0x00108090       0x18 /opt/devkitpro/libctru/lib/libctru.a(shaderProgram.o)
                0x00108090                shaderInstanceGetUniformLocation
 .text.shaderProgramInit
                0x001080a8       0x1c /opt/devkitpro/libctru/lib/libctru.a(shaderProgram.o)
                0x001080a8                shaderProgramInit
 .text.shaderProgramFree
                0x001080c4       0x64 /opt/devkitpro/libctru/lib/libctru.a(shaderProgram.o)
                0x001080c4                shaderProgramFree
 .text.shaderProgramSetVsh
                0x00108128       0x80 /opt/devkitpro/libctru/lib/libctru.a(shaderProgram.o)
                0x00108128                shaderProgramSetVsh
 .text.shaderProgramConfigure
                0x001081a8      0x8e0 /opt/devkitpro/libctru/lib/libctru.a(shaderProgram.o)
                0x001081a8                shaderProgramConfigure
 .text.DVLE_GenerateOutmap.part.0
                0x00108a88      0x1cc /opt/devkitpro/libctru/lib/libctru.a(shbin.o)
 .text.DVLB_ParseFile
                0x00108c54      0x1b4 /opt/devkitpro/libctru/lib/libctru.a(shbin.o)
                0x00108c54                DVLB_ParseFile
 .text.DVLB_Free
                0x00108e08       0x38 /opt/devkitpro/libctru/lib/libctru.a(shbin.o)
                0x00108e08                DVLB_Free
 .text.DVLE_GetUniformRegister
                0x00108e40       0x74 /opt/devkitpro/libctru/lib/libctru.a(shbin.o)
                0x00108e40                DVLE_GetUniformRegister
 .text.ACU_GetWifiStatus
                0x00108eb4       0x38 /opt/devkitpro/libctru/lib/libctru.a(ac.o)
                0x00108eb4                ACU_GetWifiStatus
 .text.ACU_GetSecurityMode
                0x00108eec       0x38 /opt/devkitpro/libctru/lib/libctru.a(ac.o)
                0x00108eec                ACU_GetSecurityMode
 .text.ACU_GetProxyEnable
                0x00108f24       0x44 /opt/devkitpro/libctru/lib/libctru.a(ac.o)
                0x00108f24                ACU_GetProxyEnable
 .text.aptConvertScreenForCapture
                0x00108f68      0x1ac /opt/devkitpro/libctru/lib/libctru.a(apt.o)
 .text.aptDspSleep
                0x00109114        0x8 /opt/devkitpro/libctru/lib/libctru.a(apt.o)
                0x00109114                aptDspSleep
 .text.aptDspWakeup
                0x0010911c        0x4 /opt/devkitpro/libctru/lib/libctru.a(apt.o)
                0x0010911c                aptDspWakeup
 .text.aptDspCancel
                0x00109120        0x4 /opt/devkitpro/libctru/lib/libctru.a(apt.o)
                0x00109120                aptDspCancel
 .text.aptSendCommand
                0x00109124      0x158 /opt/devkitpro/libctru/lib/libctru.a(apt.o)
                0x00109124                aptSendCommand
 *fill*         0x0010927c        0x4 
 .text.aptExitProcess
                0x00109280       0x44 /opt/devkitpro/libctru/lib/libctru.a(apt.o)
 .text.aptExit  0x001092c4      0x38c /opt/devkitpro/libctru/lib/libctru.a(apt.o)
                0x001092c4                aptExit
 .text.aptHandleSleep
                0x00109650       0xe0 /opt/devkitpro/libctru/lib/libctru.a(apt.o)
                0x00109650                aptHandleSleep
 .text.aptHook  0x00109730       0x30 /opt/devkitpro/libctru/lib/libctru.a(apt.o)
                0x00109730                aptHook
 .text.aptUnhook
                0x00109760       0x30 /opt/devkitpro/libctru/lib/libctru.a(apt.o)
                0x00109760                aptUnhook
 .text.APT_SleepIfShellClosed
                0x00109790       0x84 /opt/devkitpro/libctru/lib/libctru.a(apt.o)
                0x00109790                APT_SleepIfShellClosed
 .text.aptSetSleepAllowed
                0x00109814       0x84 /opt/devkitpro/libctru/lib/libctru.a(apt.o)
                0x00109814                aptSetSleepAllowed
 .text.APT_UnlockTransition
                0x00109898       0x84 /opt/devkitpro/libctru/lib/libctru.a(apt.o)
                0x00109898                APT_UnlockTransition
 *fill*         0x0010991c        0x4 
 .text.aptEventHandler
                0x00109920      0x4a4 /opt/devkitpro/libctru/lib/libctru.a(apt.o)
 .text.APT_ReceiveParameter
                0x00109dc4       0xb0 /opt/devkitpro/libctru/lib/libctru.a(apt.o)
                0x00109dc4                APT_ReceiveParameter
 .text.aptReceiveParameter.constprop.0
                0x00109e74       0xac /opt/devkitpro/libctru/lib/libctru.a(apt.o)
 .text.aptScreenTransfer
                0x00109f20      0x2ac /opt/devkitpro/libctru/lib/libctru.a(apt.o)
 .text.aptWaitForWakeUp.isra.0
                0x0010a1cc      0x320 /opt/devkitpro/libctru/lib/libctru.a(apt.o)
 .text.aptJumpToHomeMenu
                0x0010a4ec       0xf8 /opt/devkitpro/libctru/lib/libctru.a(apt.o)
                0x0010a4ec                aptJumpToHomeMenu
 .text.aptMainLoop
                0x0010a5e4       0x48 /opt/devkitpro/libctru/lib/libctru.a(apt.o)
                0x0010a5e4                aptMainLoop
 .text.aptInit  0x0010a62c      0x22c /opt/devkitpro/libctru/lib/libctru.a(apt.o)
                0x0010a62c                aptInit
 .text.APT_CheckNew3DS
                0x0010a858       0x7c /opt/devkitpro/libctru/lib/libctru.a(apt.o)
                0x0010a858                APT_CheckNew3DS
 .text.APT_GetSharedFont
                0x0010a8d4       0x48 /opt/devkitpro/libctru/lib/libctru.a(apt.o)
                0x0010a8d4                APT_GetSharedFont
 .text.fsInit   0x0010a91c       0xcc /opt/devkitpro/libctru/lib/libctru.a(fs.o)
                0x0010a91c                fsInit
 .text.fsExit   0x0010a9e8       0x3c /opt/devkitpro/libctru/lib/libctru.a(fs.o)
                0x0010a9e8                fsExit
 .text.fsExemptFromSession
                0x0010aa24       0x60 /opt/devkitpro/libctru/lib/libctru.a(fs.o)
                0x0010aa24                fsExemptFromSession
 .text.fsUnexemptFromSession
                0x0010aa84       0x50 /opt/devkitpro/libctru/lib/libctru.a(fs.o)
                0x0010aa84                fsUnexemptFromSession
 .text.FSUSER_OpenFile
                0x0010aad4       0xcc /opt/devkitpro/libctru/lib/libctru.a(fs.o)
                0x0010aad4                FSUSER_OpenFile
 .text.FSUSER_DeleteFile
                0x0010aba0       0xbc /opt/devkitpro/libctru/lib/libctru.a(fs.o)
                0x0010aba0                FSUSER_DeleteFile
 .text.FSUSER_RenameFile
                0x0010ac5c       0xf8 /opt/devkitpro/libctru/lib/libctru.a(fs.o)
                0x0010ac5c                FSUSER_RenameFile
 .text.FSUSER_DeleteDirectory
                0x0010ad54       0xbc /opt/devkitpro/libctru/lib/libctru.a(fs.o)
                0x0010ad54                FSUSER_DeleteDirectory
 .text.FSUSER_CreateFile
                0x0010ae10       0xd4 /opt/devkitpro/libctru/lib/libctru.a(fs.o)
                0x0010ae10                FSUSER_CreateFile
 .text.FSUSER_CreateDirectory
                0x0010aee4       0xc4 /opt/devkitpro/libctru/lib/libctru.a(fs.o)
                0x0010aee4                FSUSER_CreateDirectory
 .text.FSUSER_RenameDirectory
                0x0010afa8       0xf8 /opt/devkitpro/libctru/lib/libctru.a(fs.o)
                0x0010afa8                FSUSER_RenameDirectory
 .text.FSUSER_OpenDirectory
                0x0010b0a0       0xb4 /opt/devkitpro/libctru/lib/libctru.a(fs.o)
                0x0010b0a0                FSUSER_OpenDirectory
 .text.FSUSER_OpenArchive
                0x0010b154       0x94 /opt/devkitpro/libctru/lib/libctru.a(fs.o)
                0x0010b154                FSUSER_OpenArchive
 .text.FSUSER_CloseArchive
                0x0010b1e8       0x8c /opt/devkitpro/libctru/lib/libctru.a(fs.o)
                0x0010b1e8                FSUSER_CloseArchive
 .text.FSUSER_GetSdmcArchiveResource
                0x0010b274       0x74 /opt/devkitpro/libctru/lib/libctru.a(fs.o)
                0x0010b274                FSUSER_GetSdmcArchiveResource
 .text.FSUSER_IsSdmcWritable
                0x0010b2e8       0x64 /opt/devkitpro/libctru/lib/libctru.a(fs.o)
                0x0010b2e8                FSUSER_IsSdmcWritable
 .text.FSFILE_Read
                0x0010b34c       0x58 /opt/devkitpro/libctru/lib/libctru.a(fs.o)
                0x0010b34c                FSFILE_Read
 .text.FSFILE_Write
                0x0010b3a4       0x60 /opt/devkitpro/libctru/lib/libctru.a(fs.o)
                0x0010b3a4                FSFILE_Write
 .text.FSFILE_GetSize
                0x0010b404       0x38 /opt/devkitpro/libctru/lib/libctru.a(fs.o)
                0x0010b404                FSFILE_GetSize
 .text.FSFILE_SetSize
                0x0010b43c       0x28 /opt/devkitpro/libctru/lib/libctru.a(fs.o)
                0x0010b43c                FSFILE_SetSize
 .text.FSFILE_Close
                0x0010b464       0x3c /opt/devkitpro/libctru/lib/libctru.a(fs.o)
                0x0010b464                FSFILE_Close
 .text.FSFILE_Flush
                0x0010b4a0       0x24 /opt/devkitpro/libctru/lib/libctru.a(fs.o)
                0x0010b4a0                FSFILE_Flush
 .text.FSDIR_Read
                0x0010b4c4       0x50 /opt/devkitpro/libctru/lib/libctru.a(fs.o)
                0x0010b4c4                FSDIR_Read
 .text.FSDIR_Close
                0x0010b514       0x3c /opt/devkitpro/libctru/lib/libctru.a(fs.o)
                0x0010b514                FSDIR_Close
 .text.gspHardwareInit
                0x0010b550      0xc64 /opt/devkitpro/libctru/lib/libctru.a(gspgpu.o)
 .text.gspInit  0x0010c1b4      0x248 /opt/devkitpro/libctru/lib/libctru.a(gspgpu.o)
                0x0010c1b4                gspInit
 .text.gspExit  0x0010c3fc       0xf0 /opt/devkitpro/libctru/lib/libctru.a(gspgpu.o)
                0x0010c3fc                gspExit
 .text.gspHasGpuRight
                0x0010c4ec       0x10 /opt/devkitpro/libctru/lib/libctru.a(gspgpu.o)
                0x0010c4ec                gspHasGpuRight
 .text.gspPresentBuffer
                0x0010c4fc       0xa0 /opt/devkitpro/libctru/lib/libctru.a(gspgpu.o)
                0x0010c4fc                gspPresentBuffer
 .text.gspSetEventCallback
                0x0010c59c       0x30 /opt/devkitpro/libctru/lib/libctru.a(gspgpu.o)
                0x0010c59c                gspSetEventCallback
 .text.gspWaitForEvent
                0x0010c5cc       0x44 /opt/devkitpro/libctru/lib/libctru.a(gspgpu.o)
                0x0010c5cc                gspWaitForEvent
 .text.gspWaitForAnyEvent
                0x0010c610       0x4c /opt/devkitpro/libctru/lib/libctru.a(gspgpu.o)
                0x0010c610                gspWaitForAnyEvent
 .text.gspEventThreadMain
                0x0010c65c      0x158 /opt/devkitpro/libctru/lib/libctru.a(gspgpu.o)
 .text.gspSubmitGxCommand
                0x0010c7b4      0x130 /opt/devkitpro/libctru/lib/libctru.a(gspgpu.o)
                0x0010c7b4                gspSubmitGxCommand
 .text.GSPGPU_FlushDataCache
                0x0010c8e4       0x50 /opt/devkitpro/libctru/lib/libctru.a(gspgpu.o)
                0x0010c8e4                GSPGPU_FlushDataCache
 .text.GSPGPU_SetLcdForceBlack
                0x0010c934       0x34 /opt/devkitpro/libctru/lib/libctru.a(gspgpu.o)
                0x0010c934                GSPGPU_SetLcdForceBlack
 .text.GSPGPU_AcquireRight
                0x0010c968       0x68 /opt/devkitpro/libctru/lib/libctru.a(gspgpu.o)
                0x0010c968                GSPGPU_AcquireRight
 .text.GSPGPU_ReleaseRight
                0x0010c9d0       0x48 /opt/devkitpro/libctru/lib/libctru.a(gspgpu.o)
                0x0010c9d0                GSPGPU_ReleaseRight
 .text.GSPGPU_ImportDisplayCaptureInfo
                0x0010ca18       0x7c /opt/devkitpro/libctru/lib/libctru.a(gspgpu.o)
                0x0010ca18                GSPGPU_ImportDisplayCaptureInfo
 .text.GSPGPU_SaveVramSysArea
                0x0010ca94       0x2c /opt/devkitpro/libctru/lib/libctru.a(gspgpu.o)
                0x0010ca94                GSPGPU_SaveVramSysArea
 .text.GSPGPU_RestoreVramSysArea
                0x0010cac0       0x2c /opt/devkitpro/libctru/lib/libctru.a(gspgpu.o)
                0x0010cac0                GSPGPU_RestoreVramSysArea
 .text.hidShouldUseIrrst
                0x0010caec       0x24 /opt/devkitpro/libctru/lib/libctru.a(hid.o)
                0x0010caec                hidShouldUseIrrst
 .text.hidInit  0x0010cb10      0x18c /opt/devkitpro/libctru/lib/libctru.a(hid.o)
                0x0010cb10                hidInit
 .text.hidExit  0x0010cc9c       0xe8 /opt/devkitpro/libctru/lib/libctru.a(hid.o)
                0x0010cc9c                hidExit
 .text.hidScanInput
                0x0010cd84      0x2a4 /opt/devkitpro/libctru/lib/libctru.a(hid.o)
                0x0010cd84                hidScanInput
 .text.hidKeysDown
                0x0010d028       0x10 /opt/devkitpro/libctru/lib/libctru.a(hid.o)
                0x0010d028                hidKeysDown
 .text.hidTouchRead
                0x0010d038       0x18 /opt/devkitpro/libctru/lib/libctru.a(hid.o)
                0x0010d038                hidTouchRead
 .text.hidCircleRead
                0x0010d050       0x18 /opt/devkitpro/libctru/lib/libctru.a(hid.o)
                0x0010d050                hidCircleRead
 .text.hidGyroRead
                0x0010d068       0x20 /opt/devkitpro/libctru/lib/libctru.a(hid.o)
                0x0010d068                hidGyroRead
 .text.HIDUSER_EnableGyroscope
                0x0010d088       0x2c /opt/devkitpro/libctru/lib/libctru.a(hid.o)
                0x0010d088                HIDUSER_EnableGyroscope
 .text.irrstInit
                0x0010d0b4      0x160 /opt/devkitpro/libctru/lib/libctru.a(irrst.o)
                0x0010d0b4                irrstInit
 .text.irrstExit
                0x0010d214       0xcc /opt/devkitpro/libctru/lib/libctru.a(irrst.o)
                0x0010d214                irrstExit
 .text.irrstScanInput
                0x0010d2e0       0xb4 /opt/devkitpro/libctru/lib/libctru.a(irrst.o)
                0x0010d2e0                irrstScanInput
 .text.irrstKeysHeld
                0x0010d394       0x24 /opt/devkitpro/libctru/lib/libctru.a(irrst.o)
                0x0010d394                irrstKeysHeld
 .text.ptmSysmInit
                0x0010d3b8       0x74 /opt/devkitpro/libctru/lib/libctru.a(ptmsysm.o)
                0x0010d3b8                ptmSysmInit
 .text.ptmSysmExit
                0x0010d42c       0x3c /opt/devkitpro/libctru/lib/libctru.a(ptmsysm.o)
                0x0010d42c                ptmSysmExit
 .text.PTMSYSM_ConfigureNew3DSCPU
                0x0010d468       0x34 /opt/devkitpro/libctru/lib/libctru.a(ptmsysm.o)
                0x0010d468                PTMSYSM_ConfigureNew3DSCPU
 .text.PTMU_GetBatteryLevel
                0x0010d49c       0x38 /opt/devkitpro/libctru/lib/libctru.a(ptmu.o)
                0x0010d49c                PTMU_GetBatteryLevel
 .text.PTMU_GetBatteryChargeState
                0x0010d4d4       0x38 /opt/devkitpro/libctru/lib/libctru.a(ptmu.o)
                0x0010d4d4                PTMU_GetBatteryChargeState
 .text.PTMU_GetAdapterState
                0x0010d50c       0x44 /opt/devkitpro/libctru/lib/libctru.a(ptmu.o)
                0x0010d50c                PTMU_GetAdapterState
 .text.rbtree_find
                0x0010d550       0x74 /opt/devkitpro/libctru/lib/libctru.a(rbtree_find.o)
                0x0010d550                rbtree_find
 .text.rbtree_init
                0x0010d5c4       0x10 /opt/devkitpro/libctru/lib/libctru.a(rbtree_init.o)
                0x0010d5c4                rbtree_init
 .text.do_insert
                0x0010d5d4      0x1b0 /opt/devkitpro/libctru/lib/libctru.a(rbtree_insert.o)
 .text.rbtree_insert
                0x0010d784        0x8 /opt/devkitpro/libctru/lib/libctru.a(rbtree_insert.o)
                0x0010d784                rbtree_insert
 .text.rbtree_remove
                0x0010d78c      0x318 /opt/devkitpro/libctru/lib/libctru.a(rbtree_remove.o)
                0x0010d78c                rbtree_remove
 .text.rbtree_rotate
                0x0010daa4       0x90 /opt/devkitpro/libctru/lib/libctru.a(rbtree_rotate.o)
                0x0010daa4                rbtree_rotate
 .text.decode_utf8
                0x0010db34      0x13c /opt/devkitpro/libctru/lib/libctru.a(decode_utf8.o)
                0x0010db34                decode_utf8
 .text.utf16_to_utf8
                0x0010dc70       0xe8 /opt/devkitpro/libctru/lib/libctru.a(utf16_to_utf8.o)
                0x0010dc70                utf16_to_utf8
 .text.utf8_to_utf16
                0x0010dd58       0xc0 /opt/devkitpro/libctru/lib/libctru.a(utf8_to_utf16.o)
                0x0010dd58                utf8_to_utf16
 .text.__system_allocateHeaps
                0x0010de18      0x1e0 /opt/devkitpro/libctru/lib/libctru.a(allocateHeaps.o)
                0x0010de18                __system_allocateHeaps
 .text.__libctru_init
                0x0010dff8       0x38 /opt/devkitpro/libctru/lib/libctru.a(ctru_init.o)
                0x0010dff8                __libctru_init
 .text.__system_initArgv
                0x0010e030      0x170 /opt/devkitpro/libctru/lib/libctru.a(initArgv.o)
                0x0010e030                __system_initArgv
 .text.__syscall_getreent
                0x0010e1a0       0x30 /opt/devkitpro/libctru/lib/libctru.a(syscalls.o)
                0x0010e1a0                __syscall_getreent
 .text.__syscall_lock_acquire
                0x0010e1d0        0x4 /opt/devkitpro/libctru/lib/libctru.a(syscalls.o)
                0x0010e1d0                __syscall_lock_acquire
 .text.__syscall_lock_release
                0x0010e1d4        0x4 /opt/devkitpro/libctru/lib/libctru.a(syscalls.o)
                0x0010e1d4                __syscall_lock_release
 .text.__syscall_lock_acquire_recursive
                0x0010e1d8        0x4 /opt/devkitpro/libctru/lib/libctru.a(syscalls.o)
                0x0010e1d8                __syscall_lock_acquire_recursive
 .text.__syscall_lock_release_recursive
                0x0010e1dc        0x4 /opt/devkitpro/libctru/lib/libctru.a(syscalls.o)
                0x0010e1dc                __syscall_lock_release_recursive
 .text.__syscall_exit
                0x0010e1e0        0x4 /opt/devkitpro/libctru/lib/libctru.a(syscalls.o)
                0x0010e1e0                __syscall_exit
 .text.initThreadVars
                0x0010e1e4       0x50 /opt/devkitpro/libctru/lib/libctru.a(syscalls.o)
                0x0010e1e4                initThreadVars
 .text.__system_initSyscalls
                0x0010e234       0x80 /opt/devkitpro/libctru/lib/libctru.a(syscalls.o)
                0x0010e234                __system_initSyscalls
 .text.svcControlMemory
                0x0010e2b4       0x20 /opt/devkitpro/libctru/lib/libctru.a(svc.o)
                0x0010e2b4                svcControlMemory
 .text.svcQueryMemory
                0x0010e2d4       0x30 /opt/devkitpro/libctru/lib/libctru.a(svc.o)
                0x0010e2d4                svcQueryMemory
 .text.svcExitProcess
                0x0010e304        0x8 /opt/devkitpro/libctru/lib/libctru.a(svc.o)
                0x0010e304                svcExitProcess
 .text.svcCreateThread
                0x0010e30c       0x20 /opt/devkitpro/libctru/lib/libctru.a(svc.o)
                0x0010e30c                svcCreateThread
 .text.svcExitThread
                0x0010e32c        0x8 /opt/devkitpro/libctru/lib/libctru.a(svc.o)
                0x0010e32c                svcExitThread
 .text.svcSleepThread
                0x0010e334        0x8 /opt/devkitpro/libctru/lib/libctru.a(svc.o)
                0x0010e334                svcSleepThread
 .text.svcReleaseMutex
                0x0010e33c        0x8 /opt/devkitpro/libctru/lib/libctru.a(svc.o)
                0x0010e33c                svcReleaseMutex
 .text.svcCreateEvent
                0x0010e344       0x14 /opt/devkitpro/libctru/lib/libctru.a(svc.o)
                0x0010e344                svcCreateEvent
 .text.svcSignalEvent
                0x0010e358        0x8 /opt/devkitpro/libctru/lib/libctru.a(svc.o)
                0x0010e358                svcSignalEvent
 .text.svcClearEvent
                0x0010e360        0x8 /opt/devkitpro/libctru/lib/libctru.a(svc.o)
                0x0010e360                svcClearEvent
 .text.svcMapMemoryBlock
                0x0010e368        0x8 /opt/devkitpro/libctru/lib/libctru.a(svc.o)
                0x0010e368                svcMapMemoryBlock
 .text.svcUnmapMemoryBlock
                0x0010e370        0x8 /opt/devkitpro/libctru/lib/libctru.a(svc.o)
                0x0010e370                svcUnmapMemoryBlock
 .text.svcCreateAddressArbiter
                0x0010e378       0x14 /opt/devkitpro/libctru/lib/libctru.a(svc.o)
                0x0010e378                svcCreateAddressArbiter
 .text.svcArbitrateAddressNoTimeout
                0x0010e38c        0x8 /opt/devkitpro/libctru/lib/libctru.a(svc.o)
                0x0010e38c                svcArbitrateAddressNoTimeout
 .text.svcCloseHandle
                0x0010e394        0x8 /opt/devkitpro/libctru/lib/libctru.a(svc.o)
                0x0010e394                svcCloseHandle
 .text.svcWaitSynchronization
                0x0010e39c        0x8 /opt/devkitpro/libctru/lib/libctru.a(svc.o)
                0x0010e39c                svcWaitSynchronization
 .text.svcWaitSynchronizationN
                0x0010e3a4       0x28 /opt/devkitpro/libctru/lib/libctru.a(svc.o)
                0x0010e3a4                svcWaitSynchronizationN
 .text.svcDuplicateHandle
                0x0010e3cc       0x14 /opt/devkitpro/libctru/lib/libctru.a(svc.o)
                0x0010e3cc                svcDuplicateHandle
 .text.svcGetSystemTick
                0x0010e3e0        0x8 /opt/devkitpro/libctru/lib/libctru.a(svc.o)
                0x0010e3e0                svcGetSystemTick
 .text.svcConnectToPort
                0x0010e3e8       0x14 /opt/devkitpro/libctru/lib/libctru.a(svc.o)
                0x0010e3e8                svcConnectToPort
 .text.svcSendSyncRequest
                0x0010e3fc        0x8 /opt/devkitpro/libctru/lib/libctru.a(svc.o)
                0x0010e3fc                svcSendSyncRequest
 .text.svcGetResourceLimit
                0x0010e404       0x14 /opt/devkitpro/libctru/lib/libctru.a(svc.o)
                0x0010e404                svcGetResourceLimit
 .text.svcGetResourceLimitLimitValues
                0x0010e418        0x8 /opt/devkitpro/libctru/lib/libctru.a(svc.o)
                0x0010e418                svcGetResourceLimitLimitValues
 .text.svcGetResourceLimitCurrentValues
                0x0010e420        0x8 /opt/devkitpro/libctru/lib/libctru.a(svc.o)
                0x0010e420                svcGetResourceLimitCurrentValues
 .text.svcBreak
                0x0010e428        0x8 /opt/devkitpro/libctru/lib/libctru.a(svc.o)
                0x0010e428                svcBreak
 .text.__aeabi_read_tp
                0x0010e430        0xc /opt/devkitpro/libctru/lib/libctru.a(readtp.o)
                0x0010e430                __aeabi_read_tp
 .text.initSystem
                0x0010e43c       0x50 /opt/devkitpro/libctru/lib/libctru.a(stack_adjust.o)
                0x0010e43c                initSystem
 .text.__ctru_exit
                0x0010e48c       0x14 /opt/devkitpro/libctru/lib/libctru.a(stack_adjust.o)
                0x0010e48c                __ctru_exit
 .text.envGetHandle
                0x0010e4a0       0x84 /opt/devkitpro/libctru/lib/libctru.a(env.o)
                0x0010e4a0                envGetHandle
 .text.envDestroyHandles
                0x0010e524       0x50 /opt/devkitpro/libctru/lib/libctru.a(env.o)
                0x0010e524                envDestroyHandles
 .text.srvInit  0x0010e574      0x12c /opt/devkitpro/libctru/lib/libctru.a(srv.o)
                0x0010e574                srvInit
 .text.srvExit  0x0010e6a0       0x58 /opt/devkitpro/libctru/lib/libctru.a(srv.o)
                0x0010e6a0                srvExit
 .text.srvEnableNotification
                0x0010e6f8       0x60 /opt/devkitpro/libctru/lib/libctru.a(srv.o)
                0x0010e6f8                srvEnableNotification
 .text.srvGetServiceHandleDirect
                0x0010e758       0xa0 /opt/devkitpro/libctru/lib/libctru.a(srv.o)
                0x0010e758                srvGetServiceHandleDirect
 .text.srvGetServiceHandle
                0x0010e7f8       0x38 /opt/devkitpro/libctru/lib/libctru.a(srv.o)
                0x0010e7f8                srvGetServiceHandle
 .text.srvSubscribe
                0x0010e830       0x34 /opt/devkitpro/libctru/lib/libctru.a(srv.o)
                0x0010e830                srvSubscribe
 .text.srvReceiveNotification
                0x0010e864       0x60 /opt/devkitpro/libctru/lib/libctru.a(srv.o)
                0x0010e864                srvReceiveNotification
 .text.srvPublishToSubscriber
                0x0010e8c4       0x38 /opt/devkitpro/libctru/lib/libctru.a(srv.o)
                0x0010e8c4                srvPublishToSubscriber
 .text.__sync_init
                0x0010e8fc        0xc /opt/devkitpro/libctru/lib/libctru.a(synchronization.o)
                0x0010e8fc                __sync_init
 .text.__sync_fini
                0x0010e908       0x18 /opt/devkitpro/libctru/lib/libctru.a(synchronization.o)
                0x0010e908                __sync_fini
 .text.syncArbitrateAddress
                0x0010e920       0x2c /opt/devkitpro/libctru/lib/libctru.a(synchronization.o)
                0x0010e920                syncArbitrateAddress
 .text.LightLock_Lock
                0x0010e94c       0xac /opt/devkitpro/libctru/lib/libctru.a(synchronization.o)
                0x0010e94c                LightLock_Lock
 .text.LightLock_Unlock
                0x0010e9f8       0x40 /opt/devkitpro/libctru/lib/libctru.a(synchronization.o)
                0x0010e9f8                LightLock_Unlock
 .text.RecursiveLock_Lock
                0x0010ea38       0x30 /opt/devkitpro/libctru/lib/libctru.a(synchronization.o)
                0x0010ea38                RecursiveLock_Lock
 .text.RecursiveLock_Unlock
                0x0010ea68       0x54 /opt/devkitpro/libctru/lib/libctru.a(synchronization.o)
                0x0010ea68                RecursiveLock_Unlock
 .text.LightEvent_Init
                0x0010eabc       0x40 /opt/devkitpro/libctru/lib/libctru.a(synchronization.o)
                0x0010eabc                LightEvent_Init
 .text.LightEvent_Clear
                0x0010eafc       0xa4 /opt/devkitpro/libctru/lib/libctru.a(synchronization.o)
                0x0010eafc                LightEvent_Clear
 .text.LightEvent_Signal
                0x0010eba0       0xc8 /opt/devkitpro/libctru/lib/libctru.a(synchronization.o)
                0x0010eba0                LightEvent_Signal
 .text.LightEvent_TryWait
                0x0010ec68       0x50 /opt/devkitpro/libctru/lib/libctru.a(synchronization.o)
                0x0010ec68                LightEvent_TryWait
 .text.LightEvent_Wait
                0x0010ecb8       0xa0 /opt/devkitpro/libctru/lib/libctru.a(synchronization.o)
                0x0010ecb8                LightEvent_Wait
 .text.threadCreate
                0x0010ed58      0x1d8 /opt/devkitpro/libctru/lib/libctru.a(thread.o)
                0x0010ed58                threadCreate
 .text.threadFree
                0x0010ef30       0x2c /opt/devkitpro/libctru/lib/libctru.a(thread.o)
                0x0010ef30                threadFree
 .text.threadJoin
                0x0010ef5c       0x24 /opt/devkitpro/libctru/lib/libctru.a(thread.o)
                0x0010ef5c                threadJoin
 .text.threadGetCurrent
                0x0010ef80       0x30 /opt/devkitpro/libctru/lib/libctru.a(thread.o)
                0x0010ef80                threadGetCurrent
 .text.threadExit
                0x0010efb0       0x40 /opt/devkitpro/libctru/lib/libctru.a(thread.o)
                0x0010efb0                threadExit
 .text._thread_begin
                0x0010eff0       0x20 /opt/devkitpro/libctru/lib/libctru.a(thread.o)
 .text.mappableFindAddressWithin
                0x0010f010       0xb4 /opt/devkitpro/libctru/lib/libctru.a(mappable.o)
 .text.mappableInit
                0x0010f0c4       0x28 /opt/devkitpro/libctru/lib/libctru.a(mappable.o)
                0x0010f0c4                mappableInit
 .text.mappableAlloc
                0x0010f0ec       0x80 /opt/devkitpro/libctru/lib/libctru.a(mappable.o)
                0x0010f0ec                mappableAlloc
 .text.mappableFree
                0x0010f16c        0x4 /opt/devkitpro/libctru/lib/libctru.a(mappable.o)
                0x0010f16c                mappableFree
 .text.srvPmGetSessionHandle
                0x0010f170        0xc /opt/devkitpro/libctru/lib/libctru.a(srvpm.o)
                0x0010f170                srvPmGetSessionHandle
 .text.rbtree_node_next
                0x0010f17c       0x5c /opt/devkitpro/libctru/lib/libctru.a(rbtree_iterator.o)
                0x0010f17c                rbtree_node_next
 .text.decode_utf16
                0x0010f1d8       0x64 /opt/devkitpro/libctru/lib/libctru.a(decode_utf16.o)
                0x0010f1d8                decode_utf16
 .text.encode_utf16
                0x0010f23c       0x54 /opt/devkitpro/libctru/lib/libctru.a(encode_utf16.o)
                0x0010f23c                encode_utf16
 .text.encode_utf8
                0x0010f290       0xe0 /opt/devkitpro/libctru/lib/libctru.a(encode_utf8.o)
                0x0010f290                encode_utf8
 .text.__appExit
                0x0010f370       0x30 /opt/devkitpro/libctru/lib/libctru.a(appExit.o)
                0x0010f370                __appExit
 .text.__appInit
                0x0010f3a0       0x30 /opt/devkitpro/libctru/lib/libctru.a(appInit.o)
                0x0010f3a0                __appInit
 .text.__libctru_exit
                0x0010f3d0       0x90 /opt/devkitpro/libctru/lib/libctru.a(ctru_exit.o)
                0x0010f3d0                __libctru_exit
 .text.archive_link
                0x0010f460       0x14 /opt/devkitpro/libctru/lib/libctru.a(archive_dev.o)
 .text.archive_dirreset
                0x0010f474       0x14 /opt/devkitpro/libctru/lib/libctru.a(archive_dev.o)
 .text.archive_chmod
                0x0010f488       0x14 /opt/devkitpro/libctru/lib/libctru.a(archive_dev.o)
 .text.error_cmp
                0x0010f49c       0x24 /opt/devkitpro/libctru/lib/libctru.a(archive_dev.o)
 .text.archive_translate_error
                0x0010f4c0       0x50 /opt/devkitpro/libctru/lib/libctru.a(archive_dev.o)
 .text.archive_seek
                0x0010f510       0xc8 /opt/devkitpro/libctru/lib/libctru.a(archive_dev.o)
 .text._archiveInit.part.0
                0x0010f5d8       0x7c /opt/devkitpro/libctru/lib/libctru.a(archive_dev.o)
 .text.archiveFindDevice.part.0
                0x0010f654       0xc4 /opt/devkitpro/libctru/lib/libctru.a(archive_dev.o)
 .text.archive_utf16path
                0x0010f718      0x280 /opt/devkitpro/libctru/lib/libctru.a(archive_dev.o)
 .text._archiveUnmountDeviceStruct.part.0
                0x0010f998       0x9c /opt/devkitpro/libctru/lib/libctru.a(archive_dev.o)
 .text.archive_fchmod
                0x0010fa34       0x14 /opt/devkitpro/libctru/lib/libctru.a(archive_dev.o)
 .text.archive_statvfs
                0x0010fa48       0x14 /opt/devkitpro/libctru/lib/libctru.a(archive_dev.o)
 .text._archiveMountDevice
                0x0010fa5c      0x164 /opt/devkitpro/libctru/lib/libctru.a(archive_dev.o)
 .text.archive_diropen
                0x0010fbc0       0xe8 /opt/devkitpro/libctru/lib/libctru.a(archive_dev.o)
 .text.archive_fstat
                0x0010fca8       0xa4 /opt/devkitpro/libctru/lib/libctru.a(archive_dev.o)
 .text.archive_fsync
                0x0010fd4c       0x6c /opt/devkitpro/libctru/lib/libctru.a(archive_dev.o)
 .text.archive_close
                0x0010fdb8       0x6c /opt/devkitpro/libctru/lib/libctru.a(archive_dev.o)
 .text.archive_dirclose
                0x0010fe24       0x70 /opt/devkitpro/libctru/lib/libctru.a(archive_dev.o)
 .text.sdmc_statvfs
                0x0010fe94       0xe8 /opt/devkitpro/libctru/lib/libctru.a(archive_dev.o)
 .text.archive_chdir
                0x0010ff7c       0xec /opt/devkitpro/libctru/lib/libctru.a(archive_dev.o)
 .text.archive_ftruncate
                0x00110068       0x7c /opt/devkitpro/libctru/lib/libctru.a(archive_dev.o)
 .text.archive_read
                0x001100e4       0xac /opt/devkitpro/libctru/lib/libctru.a(archive_dev.o)
 .text.archive_unlink
                0x00110190       0xa4 /opt/devkitpro/libctru/lib/libctru.a(archive_dev.o)
 .text.archive_rmdir
                0x00110234       0xbc /opt/devkitpro/libctru/lib/libctru.a(archive_dev.o)
 .text.archive_mkdir
                0x001102f0       0xdc /opt/devkitpro/libctru/lib/libctru.a(archive_dev.o)
 .text.archive_stat
                0x001103cc      0x194 /opt/devkitpro/libctru/lib/libctru.a(archive_dev.o)
 .text.archive_dirnext
                0x00110560      0x160 /opt/devkitpro/libctru/lib/libctru.a(archive_dev.o)
 .text.archive_write
                0x001106c0      0x124 /opt/devkitpro/libctru/lib/libctru.a(archive_dev.o)
 .text.archive_open
                0x001107e4      0x20c /opt/devkitpro/libctru/lib/libctru.a(archive_dev.o)
 .text.archive_rename
                0x001109f0      0x278 /opt/devkitpro/libctru/lib/libctru.a(archive_dev.o)
 .text.archiveMountSdmc
                0x00110c68      0x19c /opt/devkitpro/libctru/lib/libctru.a(archive_dev.o)
                0x00110c68                archiveMountSdmc
 .text.archiveUnmountAll
                0x00110e04       0x54 /opt/devkitpro/libctru/lib/libctru.a(archive_dev.o)
                0x00110e04                archiveUnmountAll
 .text.ceilf    0x00110e58       0xc0 /opt/devkitpro/devkitARM/bin/../lib/gcc/arm-none-eabi/13.2.0/../../../../arm-none-eabi/lib/armv6k/fpu/libm.a(libm_a-sf_ceil.o)
                0x00110e58                ceilf
 .text.__udivmoddi4
                0x00110f18      0x120 /opt/devkitpro/devkitARM/bin/../lib/gcc/arm-none-eabi/13.2.0/armv6k/fpu/libgcc.a(_udivmoddi4.o)
                0x00110f18                __udivmoddi4
 .text.strncmp  0x00111038       0xe4 /opt/devkitpro/devkitARM/bin/../lib/gcc/arm-none-eabi/13.2.0/../../../../arm-none-eabi/lib/armv6k/fpu/libg.a(libc_a-strncmp.o)
                0x00111038                strncmp
 .text.strchr   0x0011111c      0x130 /opt/devkitpro/devkitARM/bin/../lib/gcc/arm-none-eabi/13.2.0/../../../../arm-none-eabi/lib/armv6k/fpu/libg.a(libc_a-strchr.o)
                0x0011111c                strchr
 .text.strlen   0x0011124c       0x5c /opt/devkitpro/devkitARM/bin/../lib/gcc/arm-none-eabi/13.2.0/../../../../arm-none-eabi/lib/armv6k/fpu/libg.a(libc_a-strlen-stub.o)
                0x0011124c                strlen
 .text._strtoul_l.isra.0
                0x001112a8      0x1d8 /opt/devkitpro/devkitARM/bin/../lib/gcc/arm-none-eabi/13.2.0/../../../../arm-none-eabi/lib/armv6k/fpu/libg.a(libc_a-strtoul.o)
 .text.strtoul  0x00111480       0x34 /opt/devkitpro/devkitARM/bin/../lib/gcc/arm-none-eabi/13.2.0/../../../../arm-none-eabi/lib/armv6k/fpu/libg.a(libc_a-strtoul.o)
                0x00111480                strtoul
 .text.strncat  0x001114b4       0xe4 /opt/devkitpro/devkitARM/bin/../lib/gcc/arm-none-eabi/13.2.0/../../../../arm-none-eabi/lib/armv6k/fpu/libg.a(libc_a-strncat.o)
                0x001114b4                strncat
 .text.bsearch  0x00111598       0x78 /opt/devkitpro/devkitARM/bin/../lib/gcc/arm-none-eabi/13.2.0/../../../../arm-none-eabi/lib/armv6k/fpu/libg.a(libc_a-bsearch.o)
                0x00111598                bsearch
 .text.calloc   0x00111610       0x20 /opt/devkitpro/devkitARM/bin/../lib/gcc/arm-none-eabi/13.2.0/../../../../arm-none-eabi/lib/armv6k/fpu/libg.a(libc_a-calloc.o)
                0x00111610                calloc
 .text.qsort    0x00111630      0x974 /opt/devkitpro/devkitARM/bin/../lib/gcc/arm-none-eabi/13.2.0/../../../../arm-none-eabi/lib/armv6k/fpu/libg.a(libc_a-qsort.o)
                0x00111630                qsort
 .text._fclose_r
                0x00111fa4      0x148 /opt/devkitpro/devkitARM/bin/../lib/gcc/arm-none-eabi/13.2.0/../../../../arm-none-eabi/lib/armv6k/fpu/libg.a(libc_a-fclose.o)
                0x00111fa4                _fclose_r
 .text._calloc_r
                0x001120ec       0xc0 /opt/devkitpro/devkitARM/bin/../lib/gcc/arm-none-eabi/13.2.0/../../../../arm-none-eabi/lib/armv6k/fpu/libg.a(libc_a-callocr.o)
                0x001120ec                _calloc_r
 .text.__smakebuf_r
                0x001121ac      0x12c /opt/devkitpro/devkitARM/bin/../lib/gcc/arm-none-eabi/13.2.0/../../../../arm-none-eabi/lib/armv6k/fpu/libg.a(libc_a-makebuf.o)
                0x001121ac                __smakebuf_r
 .text.memalign
                0x001122d8       0x20 /opt/devkitpro/devkitARM/bin/../lib/gcc/arm-none-eabi/13.2.0/../../../../arm-none-eabi/lib/armv6k/fpu/libg.a(libc_a-malign.o)
                0x001122d8                memalign
 .text.stdio_exit_handler
                0x001122f8       0x1c /opt/devkitpro/devkitARM/bin/../lib/gcc/arm-none-eabi/13.2.0/../../../../arm-none-eabi/lib/armv6k/fpu/libg.a(libc_a-findfp.o)
 .text.cleanup_stdio
                0x00112314       0x5c /opt/devkitpro/devkitARM/bin/../lib/gcc/arm-none-eabi/13.2.0/../../../../arm-none-eabi/lib/armv6k/fpu/libg.a(libc_a-findfp.o)
 .text.global_stdio_init.part.0
                0x00112370      0x154 /opt/devkitpro/devkitARM/bin/../lib/gcc/arm-none-eabi/13.2.0/../../../../arm-none-eabi/lib/armv6k/fpu/libg.a(libc_a-findfp.o)
 .text.__sinit  0x001124c4       0x5c /opt/devkitpro/devkitARM/bin/../lib/gcc/arm-none-eabi/13.2.0/../../../../arm-none-eabi/lib/armv6k/fpu/libg.a(libc_a-findfp.o)
                0x001124c4                __sinit
 .text.__sfp_lock_acquire
                0x00112520        0xc /opt/devkitpro/devkitARM/bin/../lib/gcc/arm-none-eabi/13.2.0/../../../../arm-none-eabi/lib/armv6k/fpu/libg.a(libc_a-findfp.o)
                0x00112520                __sfp_lock_acquire
 .text.__sfp_lock_release
                0x0011252c        0xc /opt/devkitpro/devkitARM/bin/../lib/gcc/arm-none-eabi/13.2.0/../../../../arm-none-eabi/lib/armv6k/fpu/libg.a(libc_a-findfp.o)
                0x0011252c                __sfp_lock_release
 .text._malloc_r
                0x00112538      0x79c /opt/devkitpro/devkitARM/bin/../lib/gcc/arm-none-eabi/13.2.0/../../../../arm-none-eabi/lib/armv6k/fpu/libg.a(libc_a-mallocr.o)
                0x00112538                _malloc_r
 .text._malloc_trim_r
                0x00112cd4       0xf8 /opt/devkitpro/devkitARM/bin/../lib/gcc/arm-none-eabi/13.2.0/../../../../arm-none-eabi/lib/armv6k/fpu/libg.a(libc_a-freer.o)
                0x00112cd4                _malloc_trim_r
 .text._free_r  0x00112dcc      0x2e8 /opt/devkitpro/devkitARM/bin/../lib/gcc/arm-none-eabi/13.2.0/../../../../arm-none-eabi/lib/armv6k/fpu/libg.a(libc_a-freer.o)
                0x00112dcc                _free_r
 .text.strnlen  0x001130b4       0x48 /opt/devkitpro/devkitARM/bin/../lib/gcc/arm-none-eabi/13.2.0/../../../../arm-none-eabi/lib/armv6k/fpu/libg.a(libc_a-strnlen.o)
                0x001130b4                strnlen
 .text.__errno  0x001130fc        0xc /opt/devkitpro/devkitARM/bin/../lib/gcc/arm-none-eabi/13.2.0/../../../../arm-none-eabi/lib/armv6k/fpu/libg.a(libc_a-errno.o)
                0x001130fc                __errno
 .text.malloc   0x00113108       0x18 /opt/devkitpro/devkitARM/bin/../lib/gcc/arm-none-eabi/13.2.0/../../../../arm-none-eabi/lib/armv6k/fpu/libg.a(libc_a-malloc.o)
                0x00113108                malloc
 .text.free     0x00113120       0x18 /opt/devkitpro/devkitARM/bin/../lib/gcc/arm-none-eabi/13.2.0/../../../../arm-none-eabi/lib/armv6k/fpu/libg.a(libc_a-malloc.o)
                0x00113120                free
 .text.memcpy   0x00113138      0x11c /opt/devkitpro/devkitARM/bin/../lib/gcc/arm-none-eabi/13.2.0/../../../../arm-none-eabi/lib/armv6k/fpu/libg.a(libc_a-memcpy-stub.o)
                0x00113138                memcpy
 .text.memset   0x00113254       0xf4 /opt/devkitpro/devkitARM/bin/../lib/gcc/arm-none-eabi/13.2.0/../../../../arm-none-eabi/lib/armv6k/fpu/libg.a(libc_a-memset.o)
                0x00113254                memset
 .text._realloc_r
                0x00113348      0x4a0 /opt/devkitpro/devkitARM/bin/../lib/gcc/arm-none-eabi/13.2.0/../../../../arm-none-eabi/lib/armv6k/fpu/libg.a(libc_a-reallocr.o)
                0x00113348                _realloc_r
 .text._fwalk_sglue
                0x001137e8       0x70 /opt/devkitpro/devkitARM/bin/../lib/gcc/arm-none-eabi/13.2.0/../../../../arm-none-eabi/lib/armv6k/fpu/libg.a(libc_a-fwalk.o)
                0x001137e8                _fwalk_sglue
 .text.__malloc_lock
                0x00113858        0xc /opt/devkitpro/devkitARM/bin/../lib/gcc/arm-none-eabi/13.2.0/../../../../arm-none-eabi/lib/armv6k/fpu/libg.a(libc_a-mlock.o)
                0x00113858                __malloc_lock
 .text.__malloc_unlock
                0x00113864        0xc /opt/devkitpro/devkitARM/bin/../lib/gcc/arm-none-eabi/13.2.0/../../../../arm-none-eabi/lib/armv6k/fpu/libg.a(libc_a-mlock.o)
                0x00113864                __malloc_unlock
 .text.__call_exitprocs
                0x00113870        0x4 /opt/devkitpro/devkitARM/bin/../lib/gcc/arm-none-eabi/13.2.0/../../../../arm-none-eabi/lib/armv6k/fpu/libg.a(libc_a-exit.o)
                0x00113870                __call_exitprocs
 .text.exit     0x00113874       0x30 /opt/devkitpro/devkitARM/bin/../lib/gcc/arm-none-eabi/13.2.0/../../../../arm-none-eabi/lib/armv6k/fpu/libg.a(libc_a-exit.o)
                0x00113874                exit
 .text.snprintf
                0x001138a4       0xd4 /opt/devkitpro/devkitARM/bin/../lib/gcc/arm-none-eabi/13.2.0/../../../../arm-none-eabi/lib/armv6k/fpu/libg.a(libc_a-snprintf.o)
                0x001138a4                snprintf
 .text.strncpy  0x00113978       0xc4 /opt/devkitpro/devkitARM/bin/../lib/gcc/arm-none-eabi/13.2.0/../../../../arm-none-eabi/lib/armv6k/fpu/libg.a(libc_a-strncpy.o)
                0x00113978                strncpy
 .text.__libc_init_array
                0x00113a3c       0x84 /opt/devkitpro/devkitARM/bin/../lib/gcc/arm-none-eabi/13.2.0/../../../../arm-none-eabi/lib/armv6k/fpu/libg.a(libc_a-init.o)
                0x00113a3c                __libc_init_array
 .text.__sflush_r
                0x00113ac0      0x22c /opt/devkitpro/devkitARM/bin/../lib/gcc/arm-none-eabi/13.2.0/../../../../arm-none-eabi/lib/armv6k/fpu/libg.a(libc_a-fflush.o)
                0x00113ac0                __sflush_r
 .text._fflush_r
                0x00113cec       0x94 /opt/devkitpro/devkitARM/bin/../lib/gcc/arm-none-eabi/13.2.0/../../../../arm-none-eabi/lib/armv6k/fpu/libg.a(libc_a-fflush.o)
                0x00113cec                _fflush_r
 .text.memmove  0x00113d80      0x150 /opt/devkitpro/devkitARM/bin/../lib/gcc/arm-none-eabi/13.2.0/../../../../arm-none-eabi/lib/armv6k/fpu/libg.a(libc_a-memmove.o)
                0x00113d80                memmove
 .text._memalign_r
                0x00113ed0      0x14c /opt/devkitpro/devkitARM/bin/../lib/gcc/arm-none-eabi/13.2.0/../../../../arm-none-eabi/lib/armv6k/fpu/libg.a(libc_a-malignr.o)
                0x00113ed0                _memalign_r
 .text.__libc_fini_array
                0x0011401c       0x3c /opt/devkitpro/devkitARM/bin/../lib/gcc/arm-none-eabi/13.2.0/../../../../arm-none-eabi/lib/armv6k/fpu/libg.a(libc_a-fini.o)
                0x0011401c                __libc_fini_array
 .text.__sread  0x00114058       0x44 /opt/devkitpro/devkitARM/bin/../lib/gcc/arm-none-eabi/13.2.0/../../../../arm-none-eabi/lib/armv6k/fpu/libg.a(libc_a-stdio.o)
                0x00114058                __sread
 .text.__swrite
                0x0011409c       0x68 /opt/devkitpro/devkitARM/bin/../lib/gcc/arm-none-eabi/13.2.0/../../../../arm-none-eabi/lib/armv6k/fpu/libg.a(libc_a-stdio.o)
                0x0011409c                __swrite
 .text.__sseek  0x00114104       0x44 /opt/devkitpro/devkitARM/bin/../lib/gcc/arm-none-eabi/13.2.0/../../../../arm-none-eabi/lib/armv6k/fpu/libg.a(libc_a-stdio.o)
                0x00114104                __sseek
 .text.__sclose
                0x00114148        0x8 /opt/devkitpro/devkitARM/bin/../lib/gcc/arm-none-eabi/13.2.0/../../../../arm-none-eabi/lib/armv6k/fpu/libg.a(libc_a-stdio.o)
                0x00114148                __sclose
 .text.get_arg  0x00114150      0x64c /opt/devkitpro/devkitARM/bin/../lib/gcc/arm-none-eabi/13.2.0/../../../../arm-none-eabi/lib/armv6k/fpu/libg.a(libc_a-svfprintf.o)
 *fill*         0x0011479c        0x4 
 .text._svfprintf_r
                0x001147a0     0x3324 /opt/devkitpro/devkitARM/bin/../lib/gcc/arm-none-eabi/13.2.0/../../../../arm-none-eabi/lib/armv6k/fpu/libg.a(libc_a-svfprintf.o)
                0x001147a0                _svfprintf_r
 .text._wcsrtombs_r
                0x00117ac4       0x28 /opt/devkitpro/devkitARM/bin/../lib/gcc/arm-none-eabi/13.2.0/../../../../arm-none-eabi/lib/armv6k/fpu/libg.a(libc_a-wcsrtombs.o)
                0x00117ac4                _wcsrtombs_r
 *fill*         0x00117aec        0x4 
 .text.frexp    0x00117af0       0x88 /opt/devkitpro/devkitARM/bin/../lib/gcc/arm-none-eabi/13.2.0/../../../../arm-none-eabi/lib/armv6k/fpu/libg.a(libm_a-s_frexp.o)
                0x00117af0                frexp
 .text.__locale_mb_cur_max
                0x00117b78       0x24 /opt/devkitpro/devkitARM/bin/../lib/gcc/arm-none-eabi/13.2.0/../../../../arm-none-eabi/lib/armv6k/fpu/libg.a(libc_a-locale.o)
                0x00117b78                __locale_mb_cur_max
 .text.__ssprint_r
                0x00117b9c       0xa4 /opt/devkitpro/devkitARM/bin/../lib/gcc/arm-none-eabi/13.2.0/../../../../arm-none-eabi/lib/armv6k/fpu/libg.a(libc_a-ssprint_r.o)
                0x00117b9c                __ssprint_r
 .text.memchr   0x00117c40       0xe0 /opt/devkitpro/devkitARM/bin/../lib/gcc/arm-none-eabi/13.2.0/../../../../arm-none-eabi/lib/armv6k/fpu/libg.a(libc_a-memchr-stub.o)
                0x00117c40                memchr
 .text._wcsnrtombs_l
                0x00117d20      0x188 /opt/devkitpro/devkitARM/bin/../lib/gcc/arm-none-eabi/13.2.0/../../../../arm-none-eabi/lib/armv6k/fpu/libg.a(libc_a-wcsnrtombs.o)
                0x00117d20                _wcsnrtombs_l
 .text._wcsnrtombs_r
                0x00117ea8       0x64 /opt/devkitpro/devkitARM/bin/../lib/gcc/arm-none-eabi/13.2.0/../../../../arm-none-eabi/lib/armv6k/fpu/libg.a(libc_a-wcsnrtombs.o)
                0x00117ea8                _wcsnrtombs_r
 .text.__utf8_mbtowc
                0x00117f0c      0x2f8 /opt/devkitpro/devkitARM/bin/../lib/gcc/arm-none-eabi/13.2.0/../../../../arm-none-eabi/lib/armv6k/fpu/libg.a(libc_a-mbtowc_r.o)
                0x00117f0c                __utf8_mbtowc
 .text._localeconv_r
                0x00118204       0x24 /opt/devkitpro/devkitARM/bin/../lib/gcc/arm-none-eabi/13.2.0/../../../../arm-none-eabi/lib/armv6k/fpu/libg.a(libc_a-localeconv.o)
                0x00118204                _localeconv_r
 .text.quorem   0x00118228      0x1b4 /opt/devkitpro/devkitARM/bin/../lib/gcc/arm-none-eabi/13.2.0/../../../../arm-none-eabi/lib/armv6k/fpu/libg.a(libc_a-dtoa.o)
 *fill*         0x001183dc        0x4 
 .text._dtoa_r  0x001183e0     0x1218 /opt/devkitpro/devkitARM/bin/../lib/gcc/arm-none-eabi/13.2.0/../../../../arm-none-eabi/lib/armv6k/fpu/libg.a(libc_a-dtoa.o)
                0x001183e0                _dtoa_r
 .text._wcrtomb_r
                0x001195f8       0xa0 /opt/devkitpro/devkitARM/bin/../lib/gcc/arm-none-eabi/13.2.0/../../../../arm-none-eabi/lib/armv6k/fpu/libg.a(libc_a-wcrtomb.o)
                0x001195f8                _wcrtomb_r
 .text.__ssputs_r
                0x00119698      0x128 /opt/devkitpro/devkitARM/bin/../lib/gcc/arm-none-eabi/13.2.0/../../../../arm-none-eabi/lib/armv6k/fpu/libg.a(libc_a-ssputs_r.o)
                0x00119698                __ssputs_r
 .text.__utf8_wctomb
                0x001197c0       0xf0 /opt/devkitpro/devkitARM/bin/../lib/gcc/arm-none-eabi/13.2.0/../../../../arm-none-eabi/lib/armv6k/fpu/libg.a(libc_a-wctomb_r.o)
                0x001197c0                __utf8_wctomb
 .text.__assert_func
                0x001198b0       0x5c /opt/devkitpro/devkitARM/bin/../lib/gcc/arm-none-eabi/13.2.0/../../../../arm-none-eabi/lib/armv6k/fpu/libg.a(libc_a-assert.o)
                0x001198b0                __assert_func
 .text._Balloc  0x0011990c       0x88 /opt/devkitpro/devkitARM/bin/../lib/gcc/arm-none-eabi/13.2.0/../../../../arm-none-eabi/lib/armv6k/fpu/libg.a(libc_a-mprec.o)
                0x0011990c                _Balloc
 .text._Bfree   0x00119994       0x1c /opt/devkitpro/devkitARM/bin/../lib/gcc/arm-none-eabi/13.2.0/../../../../arm-none-eabi/lib/armv6k/fpu/libg.a(libc_a-mprec.o)
                0x00119994                _Bfree
 .text.__multadd
                0x001199b0       0xf4 /opt/devkitpro/devkitARM/bin/../lib/gcc/arm-none-eabi/13.2.0/../../../../arm-none-eabi/lib/armv6k/fpu/libg.a(libc_a-mprec.o)
                0x001199b0                __multadd
 .text.__hi0bits
                0x00119aa4       0x60 /opt/devkitpro/devkitARM/bin/../lib/gcc/arm-none-eabi/13.2.0/../../../../arm-none-eabi/lib/armv6k/fpu/libg.a(libc_a-mprec.o)
                0x00119aa4                __hi0bits
 .text.__lo0bits
                0x00119b04       0x9c /opt/devkitpro/devkitARM/bin/../lib/gcc/arm-none-eabi/13.2.0/../../../../arm-none-eabi/lib/armv6k/fpu/libg.a(libc_a-mprec.o)
                0x00119b04                __lo0bits
 .text.__i2b    0x00119ba0       0xa4 /opt/devkitpro/devkitARM/bin/../lib/gcc/arm-none-eabi/13.2.0/../../../../arm-none-eabi/lib/armv6k/fpu/libg.a(libc_a-mprec.o)
                0x00119ba0                __i2b
 .text.__multiply
                0x00119c44      0x204 /opt/devkitpro/devkitARM/bin/../lib/gcc/arm-none-eabi/13.2.0/../../../../arm-none-eabi/lib/armv6k/fpu/libg.a(libc_a-mprec.o)
                0x00119c44                __multiply
 .text.__pow5mult
                0x00119e48      0x128 /opt/devkitpro/devkitARM/bin/../lib/gcc/arm-none-eabi/13.2.0/../../../../arm-none-eabi/lib/armv6k/fpu/libg.a(libc_a-mprec.o)
                0x00119e48                __pow5mult
 .text.__lshift
                0x00119f70      0x140 /opt/devkitpro/devkitARM/bin/../lib/gcc/arm-none-eabi/13.2.0/../../../../arm-none-eabi/lib/armv6k/fpu/libg.a(libc_a-mprec.o)
                0x00119f70                __lshift
 .text.__mcmp   0x0011a0b0       0x58 /opt/devkitpro/devkitARM/bin/../lib/gcc/arm-none-eabi/13.2.0/../../../../arm-none-eabi/lib/armv6k/fpu/libg.a(libc_a-mprec.o)
                0x0011a0b0                __mcmp
 .text.__mdiff  0x0011a108      0x1fc /opt/devkitpro/devkitARM/bin/../lib/gcc/arm-none-eabi/13.2.0/../../../../arm-none-eabi/lib/armv6k/fpu/libg.a(libc_a-mprec.o)
                0x0011a108                __mdiff
 .text.__d2b    0x0011a304      0x124 /opt/devkitpro/devkitARM/bin/../lib/gcc/arm-none-eabi/13.2.0/../../../../arm-none-eabi/lib/armv6k/fpu/libg.a(libc_a-mprec.o)
                0x0011a304                __d2b
 .text.fiprintf
                0x0011a428       0x3c /opt/devkitpro/devkitARM/bin/../lib/gcc/arm-none-eabi/13.2.0/../../../../arm-none-eabi/lib/armv6k/fpu/libg.a(libc_a-fiprintf.o)
                0x0011a428                fiprintf
 .text.abort    0x0011a464       0x14 /opt/devkitpro/devkitARM/bin/../lib/gcc/arm-none-eabi/13.2.0/../../../../arm-none-eabi/lib/armv6k/fpu/libg.a(libc_a-abort.o)
                0x0011a464                abort
 .text._raise_r
                0x0011a478       0x90 /opt/devkitpro/devkitARM/bin/../lib/gcc/arm-none-eabi/13.2.0/../../../../arm-none-eabi/lib/armv6k/fpu/libg.a(libc_a-signal.o)
                0x0011a478                _raise_r
 .text.raise    0x0011a508       0x18 /opt/devkitpro/devkitARM/bin/../lib/gcc/arm-none-eabi/13.2.0/../../../../arm-none-eabi/lib/armv6k/fpu/libg.a(libc_a-signal.o)
                0x0011a508                raise
 .text.get_arg  0x0011a520      0x64c /opt/devkitpro/devkitARM/bin/../lib/gcc/arm-none-eabi/13.2.0/../../../../arm-none-eabi/lib/armv6k/fpu/libg.a(libc_a-vfiprintf.o)
 .text._vfiprintf_r
                0x0011ab6c     0x2300 /opt/devkitpro/devkitARM/bin/../lib/gcc/arm-none-eabi/13.2.0/../../../../arm-none-eabi/lib/armv6k/fpu/libg.a(libc_a-vfiprintf.o)
                0x0011ab6c                _vfiprintf_r
 .text.__sbprintf
                0x0011ce6c       0xb8 /opt/devkitpro/devkitARM/bin/../lib/gcc/arm-none-eabi/13.2.0/../../../../arm-none-eabi/lib/armv6k/fpu/libg.a(libc_a-vfiprintf.o)
 .text.__sprint_r
                0x0011cf24       0x30 /opt/devkitpro/devkitARM/bin/../lib/gcc/arm-none-eabi/13.2.0/../../../../arm-none-eabi/lib/armv6k/fpu/libg.a(libc_a-sprint_r.o)
                0x0011cf24                __sprint_r
 .text.__swsetup_r
                0x0011cf54      0x138 /opt/devkitpro/devkitARM/bin/../lib/gcc/arm-none-eabi/13.2.0/../../../../arm-none-eabi/lib/armv6k/fpu/libg.a(libc_a-wsetup.o)
                0x0011cf54                __swsetup_r
 .text.__sfvwrite_r
                0x0011d08c      0x4b4 /opt/devkitpro/devkitARM/bin/../lib/gcc/arm-none-eabi/13.2.0/../../../../arm-none-eabi/lib/armv6k/fpu/libg.a(libc_a-fvwrite.o)
                0x0011d08c                __sfvwrite_r
 .text._exit    0x0011d540       0x20 /opt/devkitpro/devkitARM/bin/../lib/gcc/arm-none-eabi/13.2.0/../../../../arm-none-eabi/lib/armv6k/fpu/libsysbase.a(libsysbase_libsysbase_a-_exit.o)
                0x0011d540                _exit
 .text.chdir    0x0011d560      0x13c /opt/devkitpro/devkitARM/bin/../lib/gcc/arm-none-eabi/13.2.0/../../../../arm-none-eabi/lib/armv6k/fpu/libsysbase.a(libsysbase_libsysbase_a-chdir.o)
                0x0011d560                chdir
 .text._concatenate_path
                0x0011d69c      0x1cc /opt/devkitpro/devkitARM/bin/../lib/gcc/arm-none-eabi/13.2.0/../../../../arm-none-eabi/lib/armv6k/fpu/libsysbase.a(libsysbase_libsysbase_a-concatenate.o)
                0x0011d69c                _concatenate_path
 .text._fstat_r
                0x0011d868       0x78 /opt/devkitpro/devkitARM/bin/../lib/gcc/arm-none-eabi/13.2.0/../../../../arm-none-eabi/lib/armv6k/fpu/libsysbase.a(libsysbase_libsysbase_a-fstat.o)
                0x0011d868                _fstat_r
 .text._getpid_r
                0x0011d8e0       0x14 /opt/devkitpro/devkitARM/bin/../lib/gcc/arm-none-eabi/13.2.0/../../../../arm-none-eabi/lib/armv6k/fpu/libsysbase.a(libsysbase_libsysbase_a-getpid.o)
                0x0011d8e0                _getpid_r
 .text.__getreent
                0x0011d8f4       0x2c /opt/devkitpro/devkitARM/bin/../lib/gcc/arm-none-eabi/13.2.0/../../../../arm-none-eabi/lib/armv6k/fpu/libsysbase.a(libsysbase_libsysbase_a-getreent.o)
                0x0011d8f4                __getreent
 .text.__get_handle
                0x0011d920       0x3c /opt/devkitpro/devkitARM/bin/../lib/gcc/arm-none-eabi/13.2.0/../../../../arm-none-eabi/lib/armv6k/fpu/libsysbase.a(libsysbase_libsysbase_a-handle_manager.o)
                0x0011d920                __get_handle
 .text._close_r
                0x0011d95c       0xf4 /opt/devkitpro/devkitARM/bin/../lib/gcc/arm-none-eabi/13.2.0/../../../../arm-none-eabi/lib/armv6k/fpu/libsysbase.a(libsysbase_libsysbase_a-handle_manager.o)
                0x0011d95c                _close_r
 .text.null_write
                0x0011da50        0x8 /opt/devkitpro/devkitARM/bin/../lib/gcc/arm-none-eabi/13.2.0/../../../../arm-none-eabi/lib/armv6k/fpu/libsysbase.a(libsysbase_libsysbase_a-iosupport.o)
 .text.setDefaultDevice
                0x0011da58       0x18 /opt/devkitpro/devkitARM/bin/../lib/gcc/arm-none-eabi/13.2.0/../../../../arm-none-eabi/lib/armv6k/fpu/libsysbase.a(libsysbase_libsysbase_a-iosupport.o)
                0x0011da58                setDefaultDevice
 .text.FindDevice
                0x0011da70       0xc8 /opt/devkitpro/devkitARM/bin/../lib/gcc/arm-none-eabi/13.2.0/../../../../arm-none-eabi/lib/armv6k/fpu/libsysbase.a(libsysbase_libsysbase_a-iosupport.o)
                0x0011da70                FindDevice
 .text.RemoveDevice
                0x0011db38       0x28 /opt/devkitpro/devkitARM/bin/../lib/gcc/arm-none-eabi/13.2.0/../../../../arm-none-eabi/lib/armv6k/fpu/libsysbase.a(libsysbase_libsysbase_a-iosupport.o)
                0x0011db38                RemoveDevice
 .text.AddDevice
                0x0011db60       0x9c /opt/devkitpro/devkitARM/bin/../lib/gcc/arm-none-eabi/13.2.0/../../../../arm-none-eabi/lib/armv6k/fpu/libsysbase.a(libsysbase_libsysbase_a-iosupport.o)
                0x0011db60                AddDevice
 .text.GetDeviceOpTab
                0x0011dbfc       0x20 /opt/devkitpro/devkitARM/bin/../lib/gcc/arm-none-eabi/13.2.0/../../../../arm-none-eabi/lib/armv6k/fpu/libsysbase.a(libsysbase_libsysbase_a-iosupport.o)
                0x0011dbfc                GetDeviceOpTab
 .text._isatty_r
                0x0011dc1c        0x8 /opt/devkitpro/devkitARM/bin/../lib/gcc/arm-none-eabi/13.2.0/../../../../arm-none-eabi/lib/armv6k/fpu/libsysbase.a(libsysbase_libsysbase_a-isatty.o)
                0x0011dc1c                _isatty_r
 .text._kill_r  0x0011dc24       0x14 /opt/devkitpro/devkitARM/bin/../lib/gcc/arm-none-eabi/13.2.0/../../../../arm-none-eabi/lib/armv6k/fpu/libsysbase.a(libsysbase_libsysbase_a-kill.o)
                0x0011dc24                _kill_r
 .text._lseek_r
                0x0011dc38       0x84 /opt/devkitpro/devkitARM/bin/../lib/gcc/arm-none-eabi/13.2.0/../../../../arm-none-eabi/lib/armv6k/fpu/libsysbase.a(libsysbase_libsysbase_a-lseek.o)
                0x0011dc38                _lseek_r
 .text._read_r  0x0011dcbc       0x80 /opt/devkitpro/devkitARM/bin/../lib/gcc/arm-none-eabi/13.2.0/../../../../arm-none-eabi/lib/armv6k/fpu/libsysbase.a(libsysbase_libsysbase_a-read.o)
                0x0011dcbc                _read_r
 .text._sbrk_r  0x0011dd3c       0x78 /opt/devkitpro/devkitARM/bin/../lib/gcc/arm-none-eabi/13.2.0/../../../../arm-none-eabi/lib/armv6k/fpu/libsysbase.a(libsysbase_libsysbase_a-sbrk.o)
                0x0011dd3c                _sbrk_r
 .text.__libc_lock_acquire
                0x0011ddb4       0x1c /opt/devkitpro/devkitARM/bin/../lib/gcc/arm-none-eabi/13.2.0/../../../../arm-none-eabi/lib/armv6k/fpu/libsysbase.a(libsysbase_libsysbase_a-syscall_support.o)
                0x0011ddb4                __libc_lock_acquire
 .text.__libc_lock_release
                0x0011ddd0       0x1c /opt/devkitpro/devkitARM/bin/../lib/gcc/arm-none-eabi/13.2.0/../../../../arm-none-eabi/lib/armv6k/fpu/libsysbase.a(libsysbase_libsysbase_a-syscall_support.o)
                0x0011ddd0                __libc_lock_release
 .text.__libc_lock_acquire_recursive
                0x0011ddec       0x1c /opt/devkitpro/devkitARM/bin/../lib/gcc/arm-none-eabi/13.2.0/../../../../arm-none-eabi/lib/armv6k/fpu/libsysbase.a(libsysbase_libsysbase_a-syscall_support.o)
                0x0011ddec                __libc_lock_acquire_recursive
 .text.__libc_lock_release_recursive
                0x0011de08       0x1c /opt/devkitpro/devkitARM/bin/../lib/gcc/arm-none-eabi/13.2.0/../../../../arm-none-eabi/lib/armv6k/fpu/libsysbase.a(libsysbase_libsysbase_a-syscall_support.o)
                0x0011de08                __libc_lock_release_recursive
 .text._write_r
                0x0011de24       0x80 /opt/devkitpro/devkitARM/bin/../lib/gcc/arm-none-eabi/13.2.0/../../../../arm-none-eabi/lib/armv6k/fpu/libsysbase.a(libsysbase_libsysbase_a-write.o)
                0x0011de24                _write_r
 .text.strrchr  0x0011dea4       0x48 /opt/devkitpro/devkitARM/bin/../lib/gcc/arm-none-eabi/13.2.0/../../../../arm-none-eabi/lib/armv6k/fpu/libg.a(libc_a-strrchr.o)
                0x0011dea4                strrchr
 *(.glue_7)
 .glue_7        0x0011deec        0x0 linker stubs
 *(.glue_7t)
 .glue_7t       0x0011deec        0x0 linker stubs
 *(.stub)
 *(.gnu.warning)
 *(.gnu.linkonce.t*)
                0x0011deec                        . = ALIGN (0x4)
 *(.fini)
 .fini          0x0011deec        0xc /opt/devkitpro/devkitARM/bin/../lib/gcc/arm-none-eabi/13.2.0/armv6k/fpu/crti.o
                0x0011deec                _fini
 .fini          0x0011def8        0xc /opt/devkitpro/devkitARM/bin/../lib/gcc/arm-none-eabi/13.2.0/armv6k/fpu/crtn.o
                0x0011df04                        . = ALIGN (0x4)

.vfp11_veneer   0x0011df04        0x0
 .vfp11_veneer  0x0011df04        0x0 linker stubs

.v4_bx          0x0011df04        0x0
 .v4_bx         0x0011df04        0x0 linker stubs

.iplt           0x0011df04        0x0
 .iplt          0x0011df04        0x0 /opt/devkitpro/devkitARM/bin/../lib/gcc/arm-none-eabi/13.2.0/../../../../arm-none-eabi/lib/armv6k/fpu/3dsx_crt0.o
                0x0011e000                        . = ALIGN (0x1000)

.rodata         0x0011e000      0xccc
 *(.rodata)
 .rodata        0x0011e000        0xc main.o
 .rodata        0x0011e00c        0xc /opt/devkitpro/libctru/lib/libctru.a(archive_dev.o)
 *(.roda)
 *(.rodata.*)
 .rodata.str1.4
                0x0011e018      0x567 main.o
                                0x398 (size before relaxing)
 .rodata.C2D_Init.str1.4
                0x0011e57f       0x10 /opt/devkitpro/libctru/lib/libcitro2d.a(base.o)
 *fill*         0x0011e57f        0x1 
 .rodata.render2d_shbin
                0x0011e580      0x190 /opt/devkitpro/libctru/lib/libcitro2d.a(render2d.shbin.o)
                0x0011e580                render2d_shbin
                0x0011e70c                render2d_shbin_size
                0x0011e70c                render2d_shbin_end
 .rodata.depthFmtSizes
                0x0011e710        0x4 /opt/devkitpro/libctru/lib/libcitro3d.a(framebuffer.o)
 .rodata.colorFmtSizes
                0x0011e714        0x5 /opt/devkitpro/libctru/lib/libcitro3d.a(framebuffer.o)
 *fill*         0x0011e719        0x3 
 .rodata.CSWTCH.11
                0x0011e71c       0x10 /opt/devkitpro/libctru/lib/libcitro3d.a(proctex.o)
 .rodata.aptSendCommand.str1.4
                0x0011e72c       0x16 /opt/devkitpro/libctru/lib/libctru.a(apt.o)
 .rodata.morton_y.2
                0x0011e72c        0x8 /opt/devkitpro/libctru/lib/libctru.a(apt.o)
 .rodata.morton_x.3
                0x0011e734        0x8 /opt/devkitpro/libctru/lib/libctru.a(apt.o)
 .rodata.s_sleepWakeEvents.4
                0x0011e73c        0x8 /opt/devkitpro/libctru/lib/libctru.a(apt.o)
 .rodata.fsInit.str1.4
                0x0011e744        0x8 /opt/devkitpro/libctru/lib/libctru.a(fs.o)
 .rodata.gspInit.str1.4
                0x0011e744        0x9 /opt/devkitpro/libctru/lib/libctru.a(gspgpu.o)
 .rodata.hidInit.str1.4
                0x0011e744       0x15 /opt/devkitpro/libctru/lib/libctru.a(hid.o)
 .rodata.irrstInit.str1.4
                0x0011e744        0x7 /opt/devkitpro/libctru/lib/libctru.a(irrst.o)
 .rodata.ptmSysmInit.str1.4
                0x0011e744        0x9 /opt/devkitpro/libctru/lib/libctru.a(ptmsysm.o)
 .rodata.__system_initArgv.str1.4
                0x0011e744        0xa /opt/devkitpro/libctru/lib/libctru.a(initArgv.o)
 .rodata.srvInit.str1.4
                0x0011e744        0x5 /opt/devkitpro/libctru/lib/libctru.a(srv.o)
 .rodata.archive_utf16path.str1.4
                0x0011e744        0x2 /opt/devkitpro/libctru/lib/libctru.a(archive_dev.o)
 .rodata._archiveUnmountDeviceStruct.part.0.str1.4
                0x0011e744        0x2 /opt/devkitpro/libctru/lib/libctru.a(archive_dev.o)
 .rodata._archiveMountDevice.str1.4
                0x0011e744        0xc /opt/devkitpro/libctru/lib/libctru.a(archive_dev.o)
 .rodata.archiveMountSdmc.str1.4
                0x0011e744        0x5 /opt/devkitpro/libctru/lib/libctru.a(archive_dev.o)
 .rodata.error_table
                0x0011e744       0x30 /opt/devkitpro/libctru/lib/libctru.a(archive_dev.o)
 .rodata.str1.4
                0x0011e774        0x8 /opt/devkitpro/libctru/lib/libctru.a(archive_dev.o)
 .rodata.archive_devoptab
                0x0011e774       0x80 /opt/devkitpro/libctru/lib/libctru.a(archive_dev.o)
 .rodata._ctype_
                0x0011e7f4      0x101 /opt/devkitpro/devkitARM/bin/../lib/gcc/arm-none-eabi/13.2.0/../../../../arm-none-eabi/lib/armv6k/fpu/libg.a(libc_a-ctype_.o)
                0x0011e7f4                _ctype_
 .rodata._svfprintf_r.str1.1
                0x0011e8f5       0x3b /opt/devkitpro/devkitARM/bin/../lib/gcc/arm-none-eabi/13.2.0/../../../../arm-none-eabi/lib/armv6k/fpu/libg.a(libc_a-svfprintf.o)
 .rodata.zeroes.0
                0x0011e930       0x10 /opt/devkitpro/devkitARM/bin/../lib/gcc/arm-none-eabi/13.2.0/../../../../arm-none-eabi/lib/armv6k/fpu/libg.a(libc_a-svfprintf.o)
 .rodata.blanks.1
                0x0011e940       0x10 /opt/devkitpro/devkitARM/bin/../lib/gcc/arm-none-eabi/13.2.0/../../../../arm-none-eabi/lib/armv6k/fpu/libg.a(libc_a-svfprintf.o)
 .rodata.__action_table
                0x0011e950       0x6c /opt/devkitpro/devkitARM/bin/../lib/gcc/arm-none-eabi/13.2.0/../../../../arm-none-eabi/lib/armv6k/fpu/libg.a(libc_a-svfiprintf.o)
                0x0011e950                __action_table
 .rodata.__state_table
                0x0011e9bc       0x6c /opt/devkitpro/devkitARM/bin/../lib/gcc/arm-none-eabi/13.2.0/../../../../arm-none-eabi/lib/armv6k/fpu/libg.a(libc_a-svfiprintf.o)
                0x0011e9bc                __state_table
 .rodata.__chclass
                0x0011ea28      0x100 /opt/devkitpro/devkitARM/bin/../lib/gcc/arm-none-eabi/13.2.0/../../../../arm-none-eabi/lib/armv6k/fpu/libg.a(libc_a-svfiprintf.o)
                0x0011ea28                __chclass
 .rodata.str1.4
                0x0011eb28       0x4c /opt/devkitpro/devkitARM/bin/../lib/gcc/arm-none-eabi/13.2.0/../../../../arm-none-eabi/lib/armv6k/fpu/libg.a(libc_a-locale.o)
 .rodata._dtoa_r.str1.4
                0x0011eb28       0x6a /opt/devkitpro/devkitARM/bin/../lib/gcc/arm-none-eabi/13.2.0/../../../../arm-none-eabi/lib/armv6k/fpu/libg.a(libc_a-dtoa.o)
 .rodata.__assert_func.str1.4
                0x0011eb28       0x43 /opt/devkitpro/devkitARM/bin/../lib/gcc/arm-none-eabi/13.2.0/../../../../arm-none-eabi/lib/armv6k/fpu/libg.a(libc_a-assert.o)
 .rodata.__multadd.str1.4
                0x0011eb28       0x57 /opt/devkitpro/devkitARM/bin/../lib/gcc/arm-none-eabi/13.2.0/../../../../arm-none-eabi/lib/armv6k/fpu/libg.a(libc_a-mprec.o)
 .rodata.p05.0  0x0011eb28        0xc /opt/devkitpro/devkitARM/bin/../lib/gcc/arm-none-eabi/13.2.0/../../../../arm-none-eabi/lib/armv6k/fpu/libg.a(libc_a-mprec.o)
 *fill*         0x0011eb34        0x4 
 .rodata.__mprec_bigtens
                0x0011eb38       0x28 /opt/devkitpro/devkitARM/bin/../lib/gcc/arm-none-eabi/13.2.0/../../../../arm-none-eabi/lib/armv6k/fpu/libg.a(libc_a-mprec.o)
                0x0011eb38                __mprec_bigtens
 .rodata.__mprec_tens
                0x0011eb60       0xc8 /opt/devkitpro/devkitARM/bin/../lib/gcc/arm-none-eabi/13.2.0/../../../../arm-none-eabi/lib/armv6k/fpu/libg.a(libc_a-mprec.o)
                0x0011eb60                __mprec_tens
 .rodata._vfiprintf_r.str1.1
                0x0011ec28       0x29 /opt/devkitpro/devkitARM/bin/../lib/gcc/arm-none-eabi/13.2.0/../../../../arm-none-eabi/lib/armv6k/fpu/libg.a(libc_a-vfiprintf.o)
 .rodata.zeroes.0
                0x0011ec28       0x10 /opt/devkitpro/devkitARM/bin/../lib/gcc/arm-none-eabi/13.2.0/../../../../arm-none-eabi/lib/armv6k/fpu/libg.a(libc_a-vfiprintf.o)
 .rodata.blanks.1
                0x0011ec38       0x10 /opt/devkitpro/devkitARM/bin/../lib/gcc/arm-none-eabi/13.2.0/../../../../arm-none-eabi/lib/armv6k/fpu/libg.a(libc_a-vfiprintf.o)
 .rodata.AddDevice.str1.4
                0x0011ec48        0x8 /opt/devkitpro/devkitARM/bin/../lib/gcc/arm-none-eabi/13.2.0/../../../../arm-none-eabi/lib/armv6k/fpu/libsysbase.a(libsysbase_libsysbase_a-iosupport.o)
 .rodata.dotab_stdnull
                0x0011ec48       0x80 /opt/devkitpro/devkitARM/bin/../lib/gcc/arm-none-eabi/13.2.0/../../../../arm-none-eabi/lib/armv6k/fpu/libsysbase.a(libsysbase_libsysbase_a-iosupport.o)
                0x0011ec48                dotab_stdnull
 *all.rodata*(*)
 *(.gnu.linkonce.r*)
                0x0011ecc8                        . = ALIGN (0x4)
                0x0011ecc8                        __tdata_align = .
                0x0011ecc8        0x4 LONG 0x4 ALIGNOF (.tdata)
                0x0011eccc                        . = ALIGN (0x4)

.eh_frame       0x0011eccc        0x0
 .eh_frame      0x0011eccc        0x0 /opt/devkitpro/devkitARM/bin/../lib/gcc/arm-none-eabi/13.2.0/armv6k/fpu/crtbegin.o

.rel.dyn        0x0011eccc        0x0
 .rel.iplt      0x0011eccc        0x0 /opt/devkitpro/devkitARM/bin/../lib/gcc/arm-none-eabi/13.2.0/../../../../arm-none-eabi/lib/armv6k/fpu/3dsx_crt0.o